00 heterogeneous  d=  4 DP=0.0002s states=14 L=6.31792 U_DP=7.69778 analytic=11.8191
01 heterogeneous  d=  6 DP=0.0005s states=26 L=11.5346 U_DP=14.0652 analytic=19.3182
02 heterogeneous  d=  8 DP=0.0012s states=38 L=9.9381 U_DP=12.1234 analytic=14.2104
03 heterogeneous  d= 10 DP=0.0017s states=48 L=6.39196 U_DP=7.79941 analytic=11.6925
04 zero_lower     d=  4 DP=0.0002s states=10 L=29.8388 U_DP=36.3556 analytic=48
05 zero_lower     d=  6 DP=0.0006s states=38 L=10.8281 U_DP=13.2037 analytic=20.0773
06 zero_lower     d=  8 DP=0.0008s states=36 L=21.216 U_DP=25.8812 analytic=33.5661
07 zero_lower     d= 10 DP=0.0028s states=94 L=13.4716 U_DP=16.4379 analytic=28.1942
08 narrow         d=  4 DP=0.0001s states=4 L=5.03332 U_DP=6.13261 analytic=5.25432
09 narrow         d=  6 DP=0.0002s states=4 L=4.23919 U_DP=5.16923 analytic=4.71344
10 narrow         d=  8 DP=0.0003s states=6 L=5.37823 U_DP=6.56085 analytic=5.71504
11 narrow         d= 10 DP=0.0005s states=8 L=8.2831 U_DP=10.107 analytic=9.02017
12 common         d=  4 DP=0.0002s states=12 L=1.32653 U_DP=1.61625 analytic=1.33333
13 common         d=  6 DP=0.0004s states=31 L=1.33333 U_DP=1.62585 analytic=1.33333
14 common         d=  8 DP=0.0010s states=52 L=1.33318 U_DP=1.62634 analytic=1.33333
15 common         d= 10 DP=0.0015s states=62 L=1.3333 U_DP=1.62688 analytic=1.33333
16 dynamic        d=  4 DP=0.0001s states=7 L=15.4306 U_DP=18.8006 analytic=16.9428
17 dynamic        d=  6 DP=0.0002s states=6 L=26.886 U_DP=32.7845 analytic=34.8968
18 dynamic        d=  8 DP=0.0004s states=28 L=12.3556 U_DP=15.0724 analytic=28.2088
19 dynamic        d= 10 DP=0.0010s states=34 L=15.9203 U_DP=19.4258 analytic=22.3413
20 heterogeneous  d= 64 DP=0.1524s states=410 L=8.66615 U_DP=10.5832 analytic=23.2966
21 zero_lower     d= 64 DP=0.2640s states=711 L=45.6038 U_DP=55.6919 analytic=141.725
22 narrow         d= 64 DP=0.0133s states=50 L=6.765 U_DP=8.2615 analytic=7.46364
23 common         d= 64 DP=0.1099s states=419 L=1.33333 U_DP=1.62828 analytic=1.33333
24 dynamic        d= 64 DP=0.1416s states=503 L=34.0093 U_DP=41.5326 analytic=73.8898
25 heterogeneous  d=128 DP=0.4265s states=548 L=10.6441 U_DP=14.8518 analytic=24.7147
