{
  "convention": "vacuum covariance I/2; natural logarithms; mu=1 means finite physical displacement",
  "certificates": [
    {
      "eta_rational": "3803/5000",
      "eta_interval": "[0.76059999999999999999999999999999999999999999999999999999999999999999999999999999999999999990889, 0.76060000000000000000000000000000000000000000000000000000000000000000000000000000000000000003161]",
      "thermal_seed_variances_u_w": [
        "[5.5, 5.5]",
        "[1000000.0, 1000000.0]"
      ],
      "squeezing_tanh_half_r": "1/1800",
      "input_local_q_squeeze": "[140.0, 140.0]",
      "input_mean_direction_p_R_p_A": [
        "3377/4000",
        "-1"
      ],
      "twice_relative_entropy_gap_E_minus_B_per_unit_mean_squared": "[-0.0000000000045116824918413092487689442727595339781291625716462573133404955788496289515990435478667547324123, -0.0000000000045116824918412958464794529941882977933432307415061000078992038438328218786744676494456859676687]",
      "B_series": "[0.10607499840828838136012614916049750626238119976368159992899089078365330288690284357236498659502, 0.1060749984082883813601261491604975062623811997636815999289908907836533028869028435723649884973]",
      "E_series": "[0.10607499840377669886828484661287333388026107025154489584058958129895534398297073022371668087324, 0.10607499840377669886828484661287333388026107025154489584058958129895534398297073022371668285222]",
      "B_tail_upper_interval": "[0.000000000000000000000000006701144771890639404465992458483244947828642536674917515602950735923810345974172718924988603533, 0.000000000000000000000000006701144771890639404465992458483244947828642536674917515602950735923810345974172718924988744706]",
      "E_tail_upper_interval": "[0.0000000000000000000000000067011447193879318317187934733468952094767987550600992914699738360933587017879462882022625846373, 0.0000000000000000000000000067011447193879318317187934733468952094767987550600992914699738360933587017879462882022627289827]",
      "trace_B_power8": "[0.000000000000000021407754902451102761694631941935871700657295334217360597647627351954636403147846207548171047584, 0.000000000000000021407754902451102761694631941935871700657295334217360597647627351954636403147846207548172542979]",
      "trace_E_power8": "[0.000000050417973852904673823564743738435358254287687052677797220208300080439666962146730792278114815312, 0.000000050417973852904673823564743738435358254287687052677797220208300080439666962146730792278115495618]",
      "verified_spectral_radius_upper": "1/3",
      "series_last_k": 48,
      "iv_decimal_precision": 90,
      "status": "negative interval verified by convergent analytic series; relies on Gaussian Gibbs identity"
    },
    {
      "eta_rational": "761/1000",
      "eta_interval": "[0.76099999999999999999999999999999999999999999999999999999999999999999999999999999999999999993324, 0.76100000000000000000000000000000000000000000000000000000000000000000000000000000000000000005596]",
      "thermal_seed_variances_u_w": [
        "[2.0, 2.0]",
        "[1000.0, 1000.0]"
      ],
      "squeezing_tanh_half_r": "3/200",
      "input_local_q_squeeze": "[10.0, 10.0]",
      "input_mean_direction_p_R_p_A": [
        "933/1000",
        "-1"
      ],
      "twice_relative_entropy_gap_E_minus_B_per_unit_mean_squared": "[-0.0000000028656492417968684587938932179873879916553574294917225272200581731315239516606274411370458689357, -0.0000000028656492417968684207931023750305419252649677806711400198999096791619729228112507906848085541045]",
      "B_series": "[0.30443603444632723776987483239553030110466180672536340181239084194473451013655942515162718589104, 0.30443603444632723776987483239553030110466180672536340181239084194473451013655942515162719509559]",
      "E_series": "[0.30443603158067799597300639260207005664119944054399214325419928425519311472588978848805057461722, 0.30443603158067799597300639260207005664119944054399214325419928425519311472588978848805058474222]",
      "B_tail_upper_interval": "[0.000000000000000000000000019000432973523925625473986170933530969530516777720854314997050820658671876591003592652475208182, 0.000000000000000000000000019000432973523925625473986170933530969530516777720854314997050820658671876591003592652475779219]",
      "E_tail_upper_interval": "[0.000000000000000000000000019000357869432920440916403477887051537789631716248696713852325810464009918252716598206320166988, 0.000000000000000000000000019000357869432920440916403477887051537789631716248696713852325810464009918252716598206320772922]",
      "trace_B_power8": "[0.00000000019746577734830160116655090915347659251633412211064014470680616674438217830363400947010964383923, 0.00000000019746577734830160116655090915347659251633412211064014470680616674438217830363400947010966084117]",
      "trace_E_power8": "[0.0000013260591194762913308195174171264578448374824706102615763633121948936372004159151203370151201812, 0.0000013260591194762913308195174171264578448374824706102615763633121948936372004159151203370151796385]",
      "verified_spectral_radius_upper": "1/3",
      "series_last_k": 48,
      "iv_decimal_precision": 90,
      "status": "negative interval verified by convergent analytic series; relies on Gaussian Gibbs identity"
    },
    {
      "eta_rational": "5433561/7123561",
      "eta_interval": "[0.76275910320694944564944414738639845998370758669715890690063579156548248832290479438584157552139, 0.76275910320694944564944414738639845998370758669715890690063579156548248832290479438584157564412]",
      "thermal_seed_variances_u_w": [
        "[1.0, 1.0]",
        "[1000.0, 1000.0]"
      ],
      "squeezing_tanh_half_r": "1/200",
      "input_local_q_squeeze": "[10.0, 10.0]",
      "input_mean_direction_p_R_p_A": [
        "9/10",
        "-1"
      ],
      "twice_relative_entropy_gap_E_minus_B_per_unit_mean_squared": "[-0.00000082378435558150029619407183457916855840563424233560676520280091546670768729645863202142463406661, -0.00000082378435558150029610040066976879709124632492108742088948293066080248095562774064404281918958454]",
      "B_series": "[0.80292705666139090376477325433667859827558146722679839495486684599162083754158856842958587330695, 0.80292705666139090376477325433667859827558146722679839495486684599162083754158856842958588533423]",
      "E_series": "[0.80292623287703532226447710710120799729120486438879277062755584297025056750271410623702574124856, 0.80292623287703532226447710710120799729120486438879277062755584297025056750271410623702575438038]",
      "B_tail_upper_interval": "[0.000000000000000000000000046836363978184181802796236711279454199779545196668812834266071877338961515451090354302103258857, 0.000000000000000000000000046836363978184181802796236711279454199779545196668812834266071877338961515451090354302104045619]",
      "E_tail_upper_interval": "[0.000000000000000000000000046834800832187285356513084536906421520090709467557918834451916076107378946580048481265796943322, 0.000000000000000000000000046834800832187285356513084536906421520090709467557918834451916076107378946580048481265797761808]",
      "trace_B_power8": "[0.000014718339462766747113633191930769158978139866732424243278759355819710807887285230717346173857409, 0.000014718339462766747113633191930769158978139866732424243278759355819710807887285230717346174625203]",
      "trace_E_power8": "[0.000020872793426110605068028755941330748405323116394455661519881122556927577636213729792089889004373, 0.000020872793426110605068028755941330748405323116394455661519881122556927577636213729792089890274043]",
      "verified_spectral_radius_upper": "1/3",
      "series_last_k": 48,
      "iv_decimal_precision": 90,
      "status": "negative interval verified by convergent analytic series; relies on Gaussian Gibbs identity"
    }
  ]
}
