{
  "status": "EXACT_FINITE_COEFFICIENT_CHECKS_PLUS_ANALYTIC_BOUND",
  "all_checks_pass": true,
  "L2_bound_decimal": "2.025927000747725e+25",
  "variance_upper_bound_decimal": "4.104380212358673e+50",
  "variance_upper_bound_simple": "4.105e50",
  "iid_stationary_windows": 20000000000000000000000000000000000000000000000000000000000000000,
  "null_type_I_error_at_most": 0.05,
  "target_power_at_least": 0.95,
  "raw_gap_inherited_from_source": 1e-06,
  "source_range_bound": "1.2e40",
  "power_budget_left_side_numerical": 7.782175489473801e-07,
  "proof_note": "Use log(40)<4: square-root total <8.105e-7; all range/n terms <1e-22; sum<1e-6.",
  "limitations": [
    "Requires inherited universal witness inequality and target gap.",
    "No external proof verification.",
    "Independent stationary windows and 1e-12 resolution required.",
    "The enormous sample budget is not practical and is not a lower bound."
  ]
}

STDERR
