{
  "output": "work/rare_event/portable_results.json",
  "marginal_checks": 652,
  "all_event_checks": 255,
  "diagnostic": {
    "d": 48,
    "modes": 8,
    "width": 39,
    "n_full_vector_observations_per_group": 4096,
    "independent_groups": 60,
    "inner_draws_per_group": 64,
    "event_probability_exact": "1812763/79228162514264337593543950336",
    "event_probability": 2.2880285778098512e-23,
    "logical_component_observations": 11796480,
    "logical_full_vector_observations": 245760,
    "expected_passive_event_hits_in_all_logical_vectors": 5.6230590328254904e-18,
    "coverage_samples": 3840,
    "conditional_coordinate_draws": 34560,
    "coverage_literal_tests": 1157840,
    "preprocess_literal_reads": 18720,
    "maximum_integer_weight_bits": 469,
    "analytic_calibration_second_moment_bound": 1.0357682083388084,
    "analytic_inner_second_moment_bound": 2.53125,
    "analytic_combined_relative_variance_bound": 0.060549771917227255,
    "empirical_normalized_mean": 1.049177706097591,
    "empirical_normalized_variance": 0.0324654338764043,
    "empirical_plugin_normalized_variance": 0.029012428882388582,
    "empirical_mean_inner_variance_in_true_p_units": 0.07992090870389118,
    "reference_inclusion_exclusion_terms": 255,
    "reference_seconds": 0.005272374983178452,
    "total_diagnostic_seconds": 0.5216546670126263,
    "runtime_includes_per_group_exact_plugin_comparator": true,
    "empirical_receipts_are_not_certificates": true,
    "sampler_small_exact_mean_and_zero_case_passed": true
  }
}

STDERR
