{
  "status": "FINITE_DIAGNOSTICS_ONLY",
  "exact_transcript": {
    "m": 3,
    "original_noise": 1.25,
    "alternative_noise": 0.2,
    "alternative_atoms": [
      -1.3995433756991715,
      -0.3985544996907251,
      0.6351504532107161,
      1.523420170754197
    ],
    "alternative_weights": [
      0.22480534339794933,
      0.3162298187347761,
      0.291056466521698,
      0.16790837134557746
    ],
    "mass_error": 8.881784197001252e-16,
    "interpolation_error": 5.715222817774257e-16,
    "forward_error": 5.978733960281817e-16,
    "iterations": 12
  },
  "quantitative": {
    "a": 1.0,
    "b": 0.25,
    "eta": 1.0,
    "per_coordinate_sigma": 0.01,
    "delta": 0.25,
    "r": 0.6180339887498949,
    "max_formula_error": 4.460365043975677e-16,
    "rows": [
      {
        "k": 2,
        "variance_gap": 1.0,
        "analytic_uniform_bound": 0.17595468166680694,
        "grid_max_difference": 0.08320025254417762,
        "gaussian_query_lower_bound": 0.0032299689437998457,
        "iterations": 15
      },
      {
        "k": 5,
        "variance_gap": 1.0,
        "analytic_uniform_bound": 0.009288015000140211,
        "grid_max_difference": 0.0031212931426910506,
        "gaussian_query_lower_bound": 1.1591888197679434,
        "iterations": 13
      },
      {
        "k": 10,
        "variance_gap": 1.0,
        "analytic_uniform_bound": 7.528468188224608e-05,
        "grid_max_difference": 1.343250732954715e-05,
        "gaussian_query_lower_bound": 17643.582022500505,
        "iterations": 13
      },
      {
        "k": 20,
        "variance_gap": 1.0,
        "analytic_uniform_bound": 4.976715895589958e-09,
        "grid_max_difference": 2.475419869085743e-10,
        "gaussian_query_lower_bound": 4037516424086.922,
        "iterations": 13
      },
      {
        "k": 30,
        "variance_gap": 1.0,
        "analytic_uniform_bound": 3.2899556481999557e-13,
        "grid_max_difference": 4.6629458102814125e-15,
        "gaussian_query_lower_bound": 9.238892491068809e+20,
        "iterations": 13
      }
    ]
  },
  "full_law": {
    "a": 1.0,
    "b": 1.0,
    "r": 0.75,
    "rho": 0.7071067811865476,
    "rows": [
      {
        "k": 20,
        "E": 1.1785127402746212e-05,
        "D": 4.419422776029829e-06,
        "H": 0.006318512090278852,
        "gate_left": 0.7134135081494237,
        "gate_right": 0.75,
        "tv_upper_bound": 0.008044979457230267,
        "iid_lower_bound_linear": 62.150562678023356,
        "iid_lower_bound_product": 85.81193441564177
      },
      {
        "k": 50,
        "E": 3.758440060994628e-13,
        "D": 1.4094150228729852e-13,
        "H": 1.1262656734474113e-06,
        "gate_left": 0.7071079074518452,
        "gate_right": 0.75,
        "tv_upper_bound": 1.4340059933110235e-06,
        "iid_lower_bound_linear": 348673.57760864974,
        "iid_lower_bound_product": 483363.8679366965
      },
      {
        "k": 100,
        "E": 1.2054077177245187e-25,
        "D": 4.5202789414669455e-26,
        "H": 6.378284289150013e-13,
        "gate_left": 0.7071067811871854,
        "gate_right": 0.75,
        "tv_upper_bound": 8.121083784508804e-13,
        "iid_lower_bound_linear": 615681371190.5842,
        "iid_lower_bound_product": 853515613127.7227
      },
      {
        "k": 200,
        "E": 1.239899960277191e-50,
        "D": 4.6496248510394665e-51,
        "H": 2.0456447311142565e-25,
        "gate_left": 0.7071067811865476,
        "gate_right": 0.75,
        "tv_upper_bound": 2.6045957661338004e-25,
        "iid_lower_bound_linear": 1.9196836856653116e+24,
        "iid_lower_bound_product": 2.66124666857167e+24
      }
    ],
    "low_imaginary_diagnostic": {
      "eta": 0.0001,
      "k": 20,
      "grid_nodes": 9001,
      "max_physical_residual": 4.965068306494546e-16,
      "max_transform_difference": 4.462329998278745e-06,
      "newton_iterations": 3,
      "note": "finite diagnostic; not interval-certified TV"
    }
  },
  "lower_height_repair": {
    "scope": "b=0 pair only; direct support test is stronger IID baseline",
    "rows": [
      {
        "k": 5,
        "eta": 0.16666666666666666,
        "gap": 1.1701225114416616,
        "lower_bound": 0.18393972058572117
      },
      {
        "k": 10,
        "eta": 0.09090909090909091,
        "gap": 0.5385736524862136,
        "lower_bound": 0.18393972058572117
      },
      {
        "k": 20,
        "eta": 0.047619047619047616,
        "gap": 0.5380724367957002,
        "lower_bound": 0.18393972058572117
      },
      {
        "k": 50,
        "eta": 0.0196078431372549,
        "gap": 0.5379149912240153,
        "lower_bound": 0.18393972058572117
      },
      {
        "k": 100,
        "eta": 0.009900990099009901,
        "gap": 0.5378910399075868,
        "lower_bound": 0.18393972058572117
      }
    ]
  },
  "runtime_seconds": 0.05059170801541768
}

STDERR
