{
  "status": "PASS",
  "scope": "Exact-frequency TEST DOUBLE; no conditional samples generated. Tests control flow, zero/existence callback, telescope, integer budget and rounding only. Exponential PM counters used only in test double.",
  "cases": [
    {
      "n": 2,
      "answer": "1",
      "truth": 1,
      "schedule_only": {
        "sample_calls": 734920704,
        "batches": 3,
        "eta_min": "1/10240",
        "precision_digits": 40
      }
    },
    {
      "n": 4,
      "answer": "3",
      "truth": 3,
      "schedule_only": {
        "sample_calls": 7133659136,
        "batches": 8,
        "eta_min": "1/20480",
        "precision_digits": 40
      }
    },
    {
      "n": 6,
      "answer": "14.99999999732637601688404025941618860362",
      "truth": 15,
      "schedule_only": {
        "sample_calls": 25487474688,
        "batches": 15,
        "eta_min": "1/30720",
        "precision_digits": 40
      }
    },
    {
      "n": 8,
      "answer": "104.9999999955841771947854992176879281241",
      "truth": 105,
      "schedule_only": {
        "sample_calls": 63765872640,
        "batches": 24,
        "eta_min": "1/40960",
        "precision_digits": 40
      }
    }
  ]
}

STDERR
