Running HiGHS 1.8.0 (git hash: 222cce7): Copyright (c) 2024 HiGHS under MIT licence terms
Coefficient ranges:
  Matrix [1e+00, 1e+00]
  Cost   [1e+00, 1e+00]
  Bound  [1e+00, 1e+00]
  RHS    [1e+00, 1e+00]
Presolving model
186 rows, 341 cols, 28985 nonzeros  0s
186 rows, 341 cols, 28985 nonzeros  0s
Objective function is integral with scale 1

Solving MIP model with:
   186 rows
   341 cols (341 binary, 0 integer, 0 implied int., 0 continuous)
   28985 nonzeros

Src: B => Branching; C => Central rounding; F => Feasibility pump; H => Heuristic; L => Sub-MIP;
     P => Empty MIP; R => Randomized rounding; S => Solve LP; T => Evaluate node; U => Unbounded;
     z => Trivial zero; l => Trivial lower; u => Trivial upper; p => Trivial point

        Nodes      |    B&B Tree     |            Objective Bounds              |  Dynamic Constraints |       Work      
Src  Proc. InQueue |  Leaves   Expl. | BestBound       BestSol              Gap |   Cuts   InLp Confl. | LpIters     Time

 u       0       0         0   0.00%   -inf            341                Large        0   -186      0         0     0.0s
MIP-Timing:        0.02 - starting analytic centre calculation
 S       0       0         0   0.00%   0               155              100.00%        0      0      0         0     0.0s
 R       0       0         0   0.00%   1.845238095     154               98.80%        0      0      0       246     0.0s
 S       0       0         0   0.00%   1.845238095     89                97.93%      186      1      0       246     0.1s
 S       0       0         0   0.00%   1.875           67                97.20%      280      2      0       256     0.2s
 C       0       0         0   0.00%   1.929990844     66                97.08%      512      5      0       414     0.3s
 L       0       0         0   0.00%   1.970289599     5                 60.59%     3973     28      0      2025     3.1s

Symmetry detection completed in 0.0s
Found 14 generator(s)

         2       0         1  50.00%   1.970289599     5                 60.59%     3692     22     33     48541     9.1s
       170      15        72  99.58%   3.666666667     5                 26.67%     3360      7   2529    112994    14.2s
       263       0       125 100.00%   5               5                  0.00%     9571     12   2841    119350    15.3s

Solving report
  Status            Optimal
  Primal bound      5
  Dual bound        5
  Gap               0%
  P-D integral      9.33699942788
  Solution status   feasible
                    5 (objective)
                    0 (bound viol.)
                    3.91242593878e-13 (int. viol.)
                    0 (row viol.)
  Timing            15.33 (total)
                    0.00 (presolve)
                    0.00 (solve)
                    0.00 (postsolve)
  Max sub-MIP depth 7
  Nodes             263
  Repair LPs        0 (0 feasible; 0 iterations)
  LP iterations     119350 (total)
                    89673 (strong br.)
                    3458 (separation)
                    10227 (heuristics)
{
  "m": 5,
  "w_target": 4,
  "n_kernels": 341,
  "n_planes": 155,
  "seconds": 15.364339351654053,
  "status": 0,
  "message": "Optimization terminated successfully. (HiGHS Status 7: Optimal)",
  "fun": 4.999999999999803,
  "dual_bound": 4.999999999999803,
  "kernels": [
    [
      0,
      2,
      5,
      7,
      17,
      19,
      20,
      22
    ],
    [
      0,
      2,
      8,
      10,
      17,
      19,
      25,
      27
    ],
    [
      0,
      2,
      12,
      14,
      16,
      18,
      28,
      30
    ],
    [
      0,
      2,
      13,
      15,
      16,
      18,
      29,
      31
    ],
    [
      0,
      7,
      10,
      13,
      17,
      22,
      27,
      28
    ]
  ],
  "exact_joint_kernel": [
    0
  ],
  "exact_planes_covered": 155,
  "exact_check_pass": true,
  "counterexample": false
}
