Running HiGHS 1.8.0 (git hash: 222cce7): Copyright (c) 2024 HiGHS under MIT licence terms
Coefficient ranges:
  Matrix [1e+00, 1e+00]
  Cost   [1e+00, 1e+00]
  Bound  [1e+00, 1e+00]
  RHS    [1e+00, 1e+00]
Presolving model
714 rows, 2760 cols, 720657 nonzeros  0s
714 rows, 2760 cols, 720657 nonzeros  1s
Objective function is integral with scale 1

Solving MIP model with:
   714 rows
   2760 cols (2760 binary, 0 integer, 0 implied int., 0 continuous)
   720657 nonzeros

Src: B => Branching; C => Central rounding; F => Feasibility pump; H => Heuristic; L => Sub-MIP;
     P => Empty MIP; R => Randomized rounding; S => Solve LP; T => Evaluate node; U => Unbounded;
     z => Trivial zero; l => Trivial lower; u => Trivial upper; p => Trivial point

        Nodes      |    B&B Tree     |            Objective Bounds              |  Dynamic Constraints |       Work      
Src  Proc. InQueue |  Leaves   Expl. | BestBound       BestSol              Gap |   Cuts   InLp Confl. | LpIters     Time

 u       0       0         0   0.00%   -inf            2760               Large        0   -714      0         0     1.7s
MIP-Timing:         1.8 - starting analytic centre calculation
 S       0       0         0   0.00%   0               651              100.00%        0      0      0         0     6.6s
 R       0       0         0   0.00%   1.808333333     650               99.72%        0      0      0      1729     6.6s
 C       0       0         0   0.00%   1.808333333     649               99.72%        0      0      0      1729    11.5s
 L       0       0         0   0.00%   1.808333333     7                 74.17%        0      0      0      1729   120.1s
         0       0         0   0.00%   1.808333333     7                 74.17%        0      0      0     14578   120.1s

Solving report
  Status            Time limit reached
  Primal bound      7
  Dual bound        2
  Gap               71.43%
  P-D integral      117.966701264
  Solution status   feasible
                    7 (objective)
                    0 (bound viol.)
                    0 (int. viol.)
                    0 (row viol.)
  Timing            120.10 (total)
                    0.00 (presolve)
                    0.00 (solve)
                    0.00 (postsolve)
  Max sub-MIP depth 3
  Nodes             0
  Repair LPs        0 (0 feasible; 0 iterations)
  LP iterations     14578 (total)
                    0 (strong br.)
                    0 (separation)
                    12849 (heuristics)
{
  "m": 6,
  "w_target": 5,
  "n_kernels": 2760,
  "n_planes": 651,
  "seconds": 121.11308574676514,
  "status": 1,
  "message": "Time limit reached. (HiGHS Status 13: Time limit reached)",
  "fun": 7.0,
  "dual_bound": 2.0,
  "kernels": [
    [
      0,
      1,
      6,
      7,
      24,
      25,
      30,
      31,
      40,
      41,
      46,
      47,
      48,
      49,
      54,
      55
    ],
    [
      0,
      1,
      6,
      7,
      26,
      27,
      28,
      29,
      42,
      43,
      44,
      45,
      48,
      49,
      54,
      55
    ],
    [
      0,
      2,
      5,
      7,
      9,
      11,
      12,
      14,
      17,
      19,
      20,
      22,
      24,
      26,
      29,
      31
    ],
    [
      0,
      2,
      5,
      7,
      24,
      26,
      29,
      31,
      40,
      42,
      45,
      47,
      48,
      50,
      53,
      55
    ],
    [
      0,
      3,
      4,
      7,
      17,
      18,
      21,
      22,
      33,
      34,
      37,
      38,
      48,
      51,
      52,
      55
    ],
    [
      0,
      4,
      10,
      14,
      16,
      20,
      26,
      30,
      33,
      37,
      43,
      47,
      49,
      53,
      59,
      63
    ],
    [
      0,
      5,
      11,
      14,
      18,
      23,
      25,
      28,
      33,
      36,
      42,
      47,
      51,
      54,
      56,
      61
    ]
  ],
  "exact_joint_kernel": [
    0
  ],
  "exact_planes_covered": 651,
  "exact_check_pass": true,
  "counterexample": false
}
