{
  "status": "NUMERICAL_SUPPORT_NOT_INTERVAL_CERTIFICATION",
  "independent_covariance_vs_closed_formula_max_absolute_error": 5.81756864903582e-14,
  "random_cases": 1000,
  "nu_1_asymptotic_gaussian_seed_cat_threshold": 0.8048058983988963,
  "thresholds": [
    {
      "s": 1e-08,
      "eta_Chernoff": 0.8048058987910531
    },
    {
      "s": 0.0001,
      "eta_Chernoff": 0.804809819699239
    },
    {
      "s": 0.1,
      "eta_Chernoff": 0.8084535735881624
    },
    {
      "s": 1.0,
      "eta_Chernoff": 0.8201941016011038
    },
    {
      "s": 10.0,
      "eta_Chernoff": 0.8084535735881624
    },
    {
      "s": 10000.0,
      "eta_Chernoff": 0.804809819699239
    },
    {
      "s": 100000000.0,
      "eta_Chernoff": 0.8048058987910531
    }
  ],
  "near_antidegradable_chernoff": [
    {
      "eta": 0.75,
      "s": 1e-06,
      "C_B_per_dq2": 0.24999986111112657,
      "C_E_per_dq2": 0.4722219351851205,
      "difference": -0.22222207407399455
    },
    {
      "eta": 0.76,
      "s": 1e-06,
      "C_B_per_dq2": 0.26388873090281323,
      "C_E_per_dq2": 0.4473681717642984,
      "difference": -0.1834794408614856
    },
    {
      "eta": 0.7818,
      "s": 1e-06,
      "C_B_per_dq2": 0.29857907431856656,
      "C_E_per_dq2": 0.3953907997406886,
      "difference": -0.09681172542212198
    },
    {
      "eta": 0.7841,
      "s": 1e-06,
      "C_B_per_dq2": 0.3026476133845852,
      "C_E_per_dq2": 0.3900754989209486,
      "difference": -0.08742788553636437
    },
    {
      "eta": 0.8,
      "s": 1e-06,
      "C_B_per_dq2": 0.33333306250018035,
      "C_E_per_dq2": 0.35416653689221494,
      "difference": -0.02083347439203487
    },
    {
      "eta": 0.8058058983988963,
      "s": 1e-06,
      "C_B_per_dq2": 0.34579028847906795,
      "C_E_per_dq2": 0.34140754935699463,
      "difference": 0.004382739122073065
    }
  ],
  "smoothing_entropy_metric": [
    {
      "c": 1.01,
      "eta": 0.76,
      "nu": 1.0,
      "s": 1.0,
      "lambda_E_small": 1.0038686766793476,
      "seed_Ic_bits": -0.012999582758937929,
      "BKM_B": 0.15480993580414867,
      "BKM_E": 0.33211470439181107,
      "BKM_difference": -0.1773047685876624,
      "SLD_over_8_difference": 0.00668969270950788
    },
    {
      "c": 1.0001,
      "eta": 0.76,
      "nu": 1.0,
      "s": 1.0,
      "lambda_E_small": 1.0000387094478254,
      "seed_Ic_bits": -0.00025835681539172626,
      "BKM_B": 0.15599950561914497,
      "BKM_E": 0.5553136608823203,
      "BKM_difference": -0.39931415526317526,
      "SLD_over_8_difference": 0.006756081131765818
    },
    {
      "c": 1.000001,
      "eta": 0.76,
      "nu": 1.0,
      "s": 1.0,
      "lambda_E_small": 1.0000003870967522,
      "seed_Ic_bits": -3.869460198971148e-06,
      "BKM_B": 0.1560115135457749,
      "BKM_E": 0.7781507884134065,
      "BKM_difference": -0.6221392748676315,
      "SLD_over_8_difference": 0.00675675000000521
    },
    {
      "c": 1.00000001,
      "eta": 0.76,
      "nu": 1.0,
      "s": 1.0,
      "lambda_E_small": 1.000000003870968,
      "seed_Ic_bits": -5.155368123714492e-08,
      "BKM_B": 0.1560116336363861,
      "BKM_E": 1.000981690142846,
      "BKM_difference": -0.84497005650646,
      "SLD_over_8_difference": 0.006756756689189264
    }
  ],
  "all_output_sector_single_photon": [
    {
      "eta": 0.75,
      "nu": 1.0,
      "d": 2,
      "cutoff": 101,
      "Ic_bits_per_block": -0.24209143546074433,
      "Ic_bits_per_mode": -0.12104571773037216,
      "summed_probability": 1.0,
      "omitted_tail_probability_bound": 5.156284879093652e-68,
      "omitted_Ic_absolute_bound": 5.156284879093652e-68,
      "asymptotic_Ic_bits": 0.022206262477748595
    },
    {
      "eta": 0.75,
      "nu": 1.0,
      "d": 4,
      "cutoff": 105,
      "Ic_bits_per_block": -0.5225211465063891,
      "Ic_bits_per_mode": -0.1306302866265973,
      "summed_probability": 1.0,
      "omitted_tail_probability_bound": 5.634579655035106e-68,
      "omitted_Ic_absolute_bound": 1.1269159310070212e-67,
      "asymptotic_Ic_bits": -0.37779373752225154
    },
    {
      "eta": 0.75,
      "nu": 1.0,
      "d": 16,
      "cutoff": 120,
      "Ic_bits_per_block": -1.2102112622228607,
      "Ic_bits_per_mode": -0.07563820388892879,
      "summed_probability": 1.0000000000000024,
      "omitted_tail_probability_bound": 6.204581461780474e-66,
      "omitted_Ic_absolute_bound": 2.4818325847121895e-65,
      "asymptotic_Ic_bits": -1.1777937375222516
    },
    {
      "eta": 0.75,
      "nu": 1.0,
      "d": 64,
      "cutoff": 162,
      "Ic_bits_per_block": -1.983701797212571,
      "Ic_bits_per_mode": -0.030995340581446422,
      "summed_probability": 1.0000000000000087,
      "omitted_tail_probability_bound": 4.74725056444068e-63,
      "omitted_Ic_absolute_bound": 2.8483503386644077e-62,
      "asymptotic_Ic_bits": -1.9777937375222518
    },
    {
      "eta": 0.75,
      "nu": 1.0,
      "d": 256,
      "cutoff": 271,
      "Ic_bits_per_block": -2.7786628079489035,
      "Ic_bits_per_mode": -0.010854151593550404,
      "summed_probability": 1.0000000000000606,
      "omitted_tail_probability_bound": 6.60008915320371e-58,
      "omitted_Ic_absolute_bound": 5.280071322562968e-57,
      "asymptotic_Ic_bits": -2.7777937375222517
    },
    {
      "eta": 0.75,
      "nu": 1.0,
      "d": 1024,
      "cutoff": 588,
      "Ic_bits_per_block": -3.5778557932766035,
      "Ic_bits_per_mode": -0.003493999798121683,
      "summed_probability": 1.000000000000326,
      "omitted_tail_probability_bound": 3.5692606086870204e-53,
      "omitted_Ic_absolute_bound": 3.5692606086870204e-52,
      "asymptotic_Ic_bits": -3.5777937375222515
    },
    {
      "eta": 0.76,
      "nu": 1.0,
      "d": 2,
      "cutoff": 101,
      "Ic_bits_per_block": -0.20787954043272813,
      "Ic_bits_per_mode": -0.10393977021636407,
      "summed_probability": 0.9999999999999999,
      "omitted_tail_probability_bound": 1.9500952098427164e-69,
      "omitted_Ic_absolute_bound": 1.9500952098427164e-69,
      "asymptotic_Ic_bits": 0.1021138556689527
    },
    {
      "eta": 0.76,
      "nu": 1.0,
      "d": 4,
      "cutoff": 104,
      "Ic_bits_per_block": -0.45774637601277973,
      "Ic_bits_per_mode": -0.11443659400319493,
      "summed_probability": 0.9999999999999997,
      "omitted_tail_probability_bound": 9.450017793830487e-69,
      "omitted_Ic_absolute_bound": 1.8900035587660974e-68,
      "asymptotic_Ic_bits": -0.28498291852459556
    },
    {
      "eta": 0.76,
      "nu": 1.0,
      "d": 16,
      "cutoff": 120,
      "Ic_bits_per_block": -1.0999663208472237,
      "Ic_bits_per_mode": -0.06874789505295148,
      "summed_probability": 1.000000000000002,
      "omitted_tail_probability_bound": 1.4043305735288576e-67,
      "omitted_Ic_absolute_bound": 5.61732229411543e-67,
      "asymptotic_Ic_bits": -1.0591764669116925
    },
    {
      "eta": 0.76,
      "nu": 1.0,
      "d": 64,
      "cutoff": 160,
      "Ic_bits_per_block": -1.8415512674610874,
      "Ic_bits_per_mode": -0.02877423855407949,
      "summed_probability": 1.0000000000000089,
      "omitted_tail_probability_bound": 5.4326619271017636e-64,
      "omitted_Ic_absolute_bound": 3.2595971562610583e-63,
      "asymptotic_Ic_bits": -1.833370015298789
    },
    {
      "eta": 0.76,
      "nu": 1.0,
      "d": 256,
      "cutoff": 266,
      "Ic_bits_per_block": -2.6090414594685365,
      "Ic_bits_per_mode": -0.01019156820104897,
      "summed_probability": 1.0000000000000677,
      "omitted_tail_probability_bound": 9.31884430735972e-59,
      "omitted_Ic_absolute_bound": 7.455075445887776e-58,
      "asymptotic_Ic_bits": -2.6075635636858863
    },
    {
      "eta": 0.76,
      "nu": 1.0,
      "d": 1024,
      "cutoff": 572,
      "Ic_bits_per_block": -3.381981339545453,
      "Ic_bits_per_mode": -0.0033027161518998567,
      "summed_probability": 1.0000000000003386,
      "omitted_tail_probability_bound": 1.2482294343526132e-53,
      "omitted_Ic_absolute_bound": 1.2482294343526131e-52,
      "asymptotic_Ic_bits": -3.3817571120729832
    },
    {
      "eta": 0.7841,
      "nu": 1.0,
      "d": 2,
      "cutoff": 100,
      "Ic_bits_per_block": -0.12001056356043405,
      "Ic_bits_per_mode": -0.060005281780217024,
      "summed_probability": 0.9999999999999996,
      "omitted_tail_probability_bound": 1.9496031304123015e-72,
      "omitted_Ic_absolute_bound": 1.9496031304123015e-72,
      "asymptotic_Ic_bits": 0.3143538883909247
    },
    {
      "eta": 0.7841,
      "nu": 1.0,
      "d": 4,
      "cutoff": 103,
      "Ic_bits_per_block": -0.29067539201608916,
      "Ic_bits_per_mode": -0.07266884800402229,
      "summed_probability": 0.9999999999999998,
      "omitted_tail_probability_bound": 7.443201581251744e-72,
      "omitted_Ic_absolute_bound": 1.4886403162503489e-71,
      "asymptotic_Ic_bits": -0.04077400041572066
    },
    {
      "eta": 0.7841,
      "nu": 1.0,
      "d": 16,
      "cutoff": 117,
      "Ic_bits_per_block": -0.814860394299262,
      "Ic_bits_per_mode": -0.05092877464370388,
      "summed_probability": 1.000000000000001,
      "omitted_tail_probability_bound": 7.916819989488602e-70,
      "omitted_Ic_absolute_bound": 3.1667279957954407e-69,
      "asymptotic_Ic_bits": -0.7510297780290109
    },
    {
      "eta": 0.7841,
      "nu": 1.0,
      "d": 64,
      "cutoff": 155,
      "Ic_bits_per_block": -1.4756512528886208,
      "Ic_bits_per_mode": -0.0230570508263847,
      "summed_probability": 1.0000000000000109,
      "omitted_tail_probability_bound": 2.0881684728948634e-66,
      "omitted_Ic_absolute_bound": 1.252901083736918e-65,
      "asymptotic_Ic_bits": -1.4612855556423017
    },
    {
      "eta": 0.7841,
      "nu": 1.0,
      "d": 256,
      "cutoff": 252,
      "Ic_bits_per_block": -2.1746596266228786,
      "Ic_bits_per_mode": -0.00849476416649562,
      "summed_probability": 1.0000000000000797,
      "omitted_tail_probability_bound": 3.4276639815245444e-60,
      "omitted_Ic_absolute_bound": 2.7421311852196355e-59,
      "asymptotic_Ic_bits": -2.171541333255592
    },
    {
      "eta": 0.7841,
      "nu": 1.0,
      "d": 1024,
      "cutoff": 532,
      "Ic_bits_per_block": -2.882454689369595,
      "Ic_bits_per_mode": -0.002814897157587495,
      "summed_probability": 1.000000000000414,
      "omitted_tail_probability_bound": 1.6472967162500754e-54,
      "omitted_Ic_absolute_bound": 1.6472967162500754e-53,
      "asymptotic_Ic_bits": -2.8817971108688827
    },
    {
      "eta": 0.8,
      "nu": 1.0,
      "d": 2,
      "cutoff": 100,
      "Ic_bits_per_block": -0.05767355992139043,
      "Ic_bits_per_mode": -0.028836779960695214,
      "summed_probability": 0.9999999999999999,
      "omitted_tail_probability_bound": 3.67206891908277e-75,
      "omitted_Ic_absolute_bound": 3.67206891908277e-75,
      "asymptotic_Ic_bits": 0.47167916642628205
    },
    {
      "eta": 0.8,
      "nu": 1.0,
      "d": 4,
      "cutoff": 103,
      "Ic_bits_per_block": -0.171413043598357,
      "Ic_bits_per_mode": -0.04285326089958925,
      "summed_probability": 1.0000000000000002,
      "omitted_tail_probability_bound": 1.189477281505619e-74,
      "omitted_Ic_absolute_bound": 2.378954563011238e-74,
      "asymptotic_Ic_bits": 0.13834583309294857
    },
    {
      "eta": 0.8,
      "nu": 1.0,
      "d": 16,
      "cutoff": 116,
      "Ic_bits_per_block": -0.6101206698238458,
      "Ic_bits_per_mode": -0.038132541863990364,
      "summed_probability": 1.0000000000000022,
      "omitted_tail_probability_bound": 3.2123347682458444e-72,
      "omitted_Ic_absolute_bound": 1.2849339072983378e-71,
      "asymptotic_Ic_bits": -0.528320833573718
    },
    {
      "eta": 0.8,
      "nu": 1.0,
      "d": 64,
      "cutoff": 151,
      "Ic_bits_per_block": -1.2141146159508742,
      "Ic_bits_per_mode": -0.01897054087423241,
      "summed_probability": 1.0000000000000144,
      "omitted_tail_probability_bound": 8.68881088183074e-68,
      "omitted_Ic_absolute_bound": 5.213286529098444e-67,
      "asymptotic_Ic_bits": -1.1949875002403845
    },
    {
      "eta": 0.8,
      "nu": 1.0,
      "d": 256,
      "cutoff": 243,
      "Ic_bits_per_block": -1.8660217421432221,
      "Ic_bits_per_mode": -0.0072891474302469615,
      "summed_probability": 1.0000000000000908,
      "omitted_tail_probability_bound": 2.004435010666124e-61,
      "omitted_Ic_absolute_bound": 1.6035480085328993e-60,
      "asymptotic_Ic_bits": -1.861654166907051
    },
    {
      "eta": 0.8,
      "nu": 1.0,
      "d": 1024,
      "cutoff": 506,
      "Ic_bits_per_block": -2.5293053863253463,
      "Ic_bits_per_mode": -0.002470024791333346,
      "summed_probability": 1.0000000000004499,
      "omitted_tail_probability_bound": 2.340688024228667e-55,
      "omitted_Ic_absolute_bound": 2.3406880242286668e-54,
      "asymptotic_Ic_bits": -2.5283208335737175
    },
    {
      "eta": 0.85,
      "nu": 1.0,
      "d": 2,
      "cutoff": 99,
      "Ic_bits_per_block": 0.16224609058430328,
      "Ic_bits_per_mode": 0.08112304529215164,
      "summed_probability": 1.0000000000000002,
      "omitted_tail_probability_bound": 7.522153128983745e-85,
      "omitted_Ic_absolute_bound": 7.522153128983745e-85,
      "asymptotic_Ic_bits": 1.0830830024774336
    },
    {
      "eta": 0.85,
      "nu": 1.0,
      "d": 4,
      "cutoff": 101,
      "Ic_bits_per_block": 0.2555482140512365,
      "Ic_bits_per_mode": 0.06388705351280913,
      "summed_probability": 1.0000000000000004,
      "omitted_tail_probability_bound": 9.19603890654463e-84,
      "omitted_Ic_absolute_bound": 1.839207781308926e-83,
      "asymptotic_Ic_bits": 0.8222134372600425
    },
    {
      "eta": 0.85,
      "nu": 1.0,
      "d": 16,
      "cutoff": 112,
      "Ic_bits_per_block": 0.13906807023431492,
      "Ic_bits_per_mode": 0.008691754389644682,
      "summed_probability": 1.000000000000004,
      "omitted_tail_probability_bound": 6.373033867963398e-81,
      "omitted_Ic_absolute_bound": 2.5492135471853594e-80,
      "asymptotic_Ic_bits": 0.30047430682526
    },
    {
      "eta": 0.85,
      "nu": 1.0,
      "d": 64,
      "cutoff": 140,
      "Ic_bits_per_block": -0.2610284017021399,
      "Ic_bits_per_mode": -0.004078568776595936,
      "summed_probability": 1.0000000000000189,
      "omitted_tail_probability_bound": 1.1757622553669626e-74,
      "omitted_Ic_absolute_bound": 7.054573532201775e-74,
      "asymptotic_Ic_bits": -0.2212648236095225
    },
    {
      "eta": 0.85,
      "nu": 1.0,
      "d": 256,
      "cutoff": 214,
      "Ic_bits_per_block": -0.7526871292898015,
      "Ic_bits_per_mode": -0.002940184098788287,
      "summed_probability": 1.0000000000001008,
      "omitted_tail_probability_bound": 2.3554203444563378e-66,
      "omitted_Ic_absolute_bound": 1.8843362755650702e-65,
      "asymptotic_Ic_bits": -0.7430039540443052
    },
    {
      "eta": 0.85,
      "nu": 1.0,
      "d": 1024,
      "cutoff": 422,
      "Ic_bits_per_block": -1.2670977542041917,
      "Ic_bits_per_mode": -0.001237400150590031,
      "summed_probability": 1.0000000000004623,
      "omitted_tail_probability_bound": 1.571793650619242e-58,
      "omitted_Ic_absolute_bound": 1.571793650619242e-57,
      "asymptotic_Ic_bits": -1.2647430844790875
    },
    {
      "eta": 0.9,
      "nu": 1.0,
      "d": 2,
      "cutoff": 98,
      "Ic_bits_per_block": 0.4190970132596677,
      "Ic_bits_per_mode": 0.20954850662983385,
      "summed_probability": 0.9999999999999993,
      "omitted_tail_probability_bound": 2.9462422486687948e-99,
      "omitted_Ic_absolute_bound": 2.9462422486687948e-99,
      "asymptotic_Ic_bits": 1.9645874341551106
    },
    {
      "eta": 0.9,
      "nu": 1.0,
      "d": 4,
      "cutoff": 99,
      "Ic_bits_per_block": 0.7692887412937138,
      "Ic_bits_per_mode": 0.19232218532342846,
      "summed_probability": 0.9999999999999991,
      "omitted_tail_probability_bound": 1.9819583638019204e-97,
      "omitted_Ic_absolute_bound": 3.9639167276038407e-97,
      "asymptotic_Ic_bits": 1.7827692523369287
    },
    {
      "eta": 0.9,
      "nu": 1.0,
      "d": 16,
      "cutoff": 107,
      "Ic_bits_per_block": 1.1013406098014111,
      "Ic_bits_per_mode": 0.0688337881125882,
      "summed_probability": 0.9999999999999996,
      "omitted_tail_probability_bound": 3.1964540499891633e-93,
      "omitted_Ic_absolute_bound": 1.2785816199956653e-92,
      "asymptotic_Ic_bits": 1.419132888700565
    },
    {
      "eta": 0.9,
      "nu": 1.0,
      "d": 64,
      "cutoff": 128,
      "Ic_bits_per_block": 0.9761872011537083,
      "Ic_bits_per_mode": 0.015252925018026692,
      "summed_probability": 0.9999999999999968,
      "omitted_tail_probability_bound": 7.130733463366118e-85,
      "omitted_Ic_absolute_bound": 4.27844007801967e-84,
      "asymptotic_Ic_bits": 1.0554965250642012
    },
    {
      "eta": 0.9,
      "nu": 1.0,
      "d": 256,
      "cutoff": 183,
      "Ic_bits_per_block": 0.672260368634007,
      "Ic_bits_per_mode": 0.0026260170649765897,
      "summed_probability": 1.0000000000000122,
      "omitted_tail_probability_bound": 8.139462078860358e-74,
      "omitted_Ic_absolute_bound": 6.511569663088286e-73,
      "asymptotic_Ic_bits": 0.6918601614278375
    },
    {
      "eta": 0.9,
      "nu": 1.0,
      "d": 1024,
      "cutoff": 333,
      "Ic_bits_per_block": 0.3233624248569313,
      "Ic_bits_per_mode": 0.00031578361802434696,
      "summed_probability": 1.0000000000002487,
      "omitted_tail_probability_bound": 5.267626901289554e-63,
      "omitted_Ic_absolute_bound": 5.267626901289554e-62,
      "asymptotic_Ic_bits": 0.3282237977914737
    }
  ],
  "photon_sparse_uniform_shell_upper_bounds": [
    {
      "eta": 0.75,
      "nu": 1.0,
      "d": 1000,
      "photons": 1,
      "exact_analytic_Ic_upper_bound_bits": -1.34245752409011
    },
    {
      "eta": 0.75,
      "nu": 1.0,
      "d": 4000,
      "photons": 4,
      "exact_analytic_Ic_upper_bound_bits": -8.07706045218805
    },
    {
      "eta": 0.75,
      "nu": 1.0,
      "d": 16000,
      "photons": 16,
      "exact_analytic_Ic_upper_bound_bits": -35.015472164579805
    },
    {
      "eta": 0.75,
      "nu": 1.0,
      "d": 64000,
      "photons": 64,
      "exact_analytic_Ic_upper_bound_bits": -142.76911901414684
    },
    {
      "eta": 0.76,
      "nu": 1.0,
      "d": 1000,
      "photons": 1,
      "exact_analytic_Ic_upper_bound_bits": -1.178149018623583
    },
    {
      "eta": 0.76,
      "nu": 1.0,
      "d": 4000,
      "photons": 4,
      "exact_analytic_Ic_upper_bound_bits": -7.349464779290102
    },
    {
      "eta": 0.76,
      "nu": 1.0,
      "d": 16000,
      "photons": 16,
      "exact_analytic_Ic_upper_bound_bits": -32.034727821956174
    },
    {
      "eta": 0.76,
      "nu": 1.0,
      "d": 64000,
      "photons": 64,
      "exact_analytic_Ic_upper_bound_bits": -130.77577999262047
    },
    {
      "eta": 0.7841,
      "nu": 1.0,
      "d": 1000,
      "photons": 1,
      "exact_analytic_Ic_upper_bound_bits": -0.7635139193504505
    },
    {
      "eta": 0.7841,
      "nu": 1.0,
      "d": 4000,
      "photons": 4,
      "exact_analytic_Ic_upper_bound_bits": -5.5152272966466995
    },
    {
      "eta": 0.7841,
      "nu": 1.0,
      "d": 16000,
      "photons": 16,
      "exact_analytic_Ic_upper_bound_bits": -24.5220808058317
    },
    {
      "eta": 0.7841,
      "nu": 1.0,
      "d": 64000,
      "photons": 64,
      "exact_analytic_Ic_upper_bound_bits": -100.54949484257169
    },
    {
      "eta": 0.8,
      "nu": 1.0,
      "d": 1000,
      "photons": 1,
      "exact_analytic_Ic_upper_bound_bits": -0.4739311883324113
    },
    {
      "eta": 0.8,
      "nu": 1.0,
      "d": 4000,
      "photons": 4,
      "exact_analytic_Ic_upper_bound_bits": -4.2358054712637205
    },
    {
      "eta": 0.8,
      "nu": 1.0,
      "d": 16000,
      "photons": 16,
      "exact_analytic_Ic_upper_bound_bits": -19.283302602988954
    },
    {
      "eta": 0.8,
      "nu": 1.0,
      "d": 64000,
      "photons": 64,
      "exact_analytic_Ic_upper_bound_bits": -79.4732911298899
    }
  ]
}
