START 0.01 0.0004904052442683711 0.0008365385798603242
0.01 0 2 1.2491210785026273e-09 0.0008365376790180346 gap 0.0003461324347496635
0.01 1 8 0.0 0.0008365376789463141 gap 0.0003461324346779431
0.01 2 18 0.0 0.000836537678940541 gap 0.0003461324346721699
0.01 3 38 0.0 0.0008365376789392087 gap 0.00034613243467083765
START 0.05 0.009362096073514854 0.015115950232649666
0.05 0 2 7.717374910499122e-07 0.015115395268096021 gap 0.005753299194581166
0.05 1 8 0.0 0.015115394551936223 gap 0.005753298478421368
0.05 2 18 0.0 0.015115394551103112 gap 0.005753298477588257
0.05 3 38 0.0 0.015115394531633797 gap 0.005753298458118942
START 0.1 0.03249167373931203 0.05053225545424045
0.1 0 2 1.2065030950193184e-05 0.05052366012143039 gap 0.01803198638211836
0.1 1 8 0.0 0.05052362415743605 gap 0.018031950418124023
0.1 2 18 0.0 0.05052362415025513 gap 0.0180319504109431
0.1 3 38 0.0 0.05052362414787481 gap 0.018031950408562782
START 0.2 0.11051832055968555 0.1629378300287092
0.2 0 2 0.00018285967373738994 0.16281234232167874 gap 0.05229402176199319
0.2 1 8 0.0 0.1628107883445269 gap 0.05229246778484134
0.2 2 18 0.0 0.1628107882821408 gap 0.052292467722455244
0.2 3 36 0.0 0.16281078824900685 gap 0.052292467689321304
START 0.4 0.3689340123803781 0.5004498232221417
0.4 0 2 0.002719178413071455 0.49885412565875464 gap 0.12992011327837655
0.4 1 8 0.0 0.4988048442122759 gap 0.1298708318318978
0.4 2 18 0.0 0.4988048441495745 gap 0.1298708317691964
0.4 3 38 0.0 0.4988048439472603 gap 0.12987083156688223
START 0.6 0.7470674987019188 0.9379911871785627
0.6 0 2 0.014611224963268287 0.9316803473853981 gap 0.1846128486834792
0.6 1 8 0.0 0.9313859379889067 gap 0.18431843928698782
0.6 2 18 0.0 0.931385937876192 gap 0.1843184391742731
0.6 3 38 0.0 0.9313859374673168 gap 0.18431843876539794
START 0.8 1.2529325012980814 1.4438561897747257
0.8 0 2 0.06828732749983218 1.4282261479056344 gap 0.17529364660755298
0.8 1 8 0.0 1.4273120030734447 gap 0.17437950177536332
0.8 2 18 0.0 1.427312001929899 gap 0.17437950063181762
0.8 3 38 0.0 1.4273120016889225 gap 0.17437950039084105
START 0.95 1.7598177483047692 1.8569573596028792
0.95 0 2 0.5911752009887903 1.830901417759576 gap 0.07108366945480682
0.95 1 8 0.0 1.8292038985749817 gap 0.06938615027021255
0.95 2 18 0.0 1.8292038985526053 gap 0.06938615024783623
0.95 3 36 0.0 1.8292038975052458 gap 0.0693861492004767
