{
  "scope": "Finite identity and small-instance diagnostics, not a general FPRAS or formal proof",
  "tests": {
    "bivariate_hessian_factorization": "exact symbolic pass; log concave iff AD <= 2BC for nonzero nonnegative Q",
    "infinitesimal_fibre_hessian": "exact symbolic pass for all ten real-symmetric matrix parameters",
    "EPR_star_three_connection_decomposition": "exact symbolic pass on b=a+c+d",
    "physical_port_labeling": "exact pass, including reversed complemented input ports",
    "frustrated_triangle": {
      "signed_trace": 0,
      "unfrustrated_loop_count": 4,
      "order_applied": [
        [
          0,
          1
        ],
        [
          0,
          2
        ],
        [
          1,
          2
        ]
      ],
      "matrix": [
        [
          0,
          0,
          0,
          0,
          0,
          0,
          1,
          0
        ],
        [
          0,
          0,
          1,
          0,
          0,
          0,
          0,
          0
        ],
        [
          0,
          0,
          0,
          0,
          1,
          0,
          0,
          0
        ],
        [
          1,
          0,
          0,
          0,
          0,
          0,
          0,
          0
        ],
        [
          0,
          0,
          0,
          0,
          0,
          0,
          0,
          1
        ],
        [
          0,
          0,
          0,
          1,
          0,
          0,
          0,
          0
        ],
        [
          0,
          0,
          0,
          0,
          0,
          1,
          0,
          0
        ],
        [
          0,
          1,
          0,
          0,
          0,
          0,
          0,
          0
        ]
      ]
    },
    "EPR_star_charge_obstruction": "exact commutator pass; for |b|<1 the singular-axis argument forces opposite Y charges on every edge",
    "exact_nonhomogeneous_network": {
      "amplitudes_checked": 8,
      "prefix_norms_checked": 15,
      "normalizer": "2495328593/61465600",
      "prefixes": {
        "": "2495328593/61465600",
        "0": "60861673/2458624",
        "1": "60861673/3841600",
        "00": "239756549/24586240",
        "01": "368860181/24586240",
        "10": "368860181/38416000",
        "11": "239756549/38416000",
        "000": "831226561/245862400",
        "001": "1566338929/245862400",
        "010": "2288569921/245862400",
        "011": "1400031889/245862400",
        "100": "1400031889/384160000",
        "101": "2288569921/384160000",
        "110": "1566338929/384160000",
        "111": "831226561/384160000"
      },
      "backend": "exponential enumeration, not FPRAS"
    },
    "vector_relative_product_formula": {
      "random_seed": 8062026,
      "instances": 18,
      "max_relative_error": 5.964254310419914e-05,
      "requested_bound": 0.2,
      "floating_point_diagnostic": true
    },
    "degenerate_pure_ground_cooling": [
      {
        "n": 3,
        "ground_rank": 1,
        "gap": 0.7571879431489954,
        "seed_overlap_squared": 0.750810440555952,
        "lower_bound": 0.125,
        "tau": 10.201341118010767,
        "trace_distance": 4.014794007471598e-05
      },
      {
        "n": 3,
        "ground_rank": 4,
        "gap": 1.0000000000000018,
        "seed_overlap_squared": 0.9999999999999997,
        "lower_bound": 0.5,
        "tau": 7.724332498507832,
        "trace_distance": 1.4901161193847656e-08
      },
      {
        "n": 3,
        "ground_rank": 2,
        "gap": 1.999999999999999,
        "seed_overlap_squared": 0.5,
        "lower_bound": 0.25,
        "tau": 3.862166249253925,
        "trace_distance": 0.0004419416952283922
      }
    ],
    "eight_vertex_direct_log_concavity_failure": {
      "t": "1/20",
      "b": "1/3",
      "all_variables": "1/10000",
      "max_eigenvalue_of_q_squared_hessian_log": 0.06888880350000003,
      "scope": "direct local signature, not computational hardness"
    }
  },
  "environment": {
    "python": "3.13.5",
    "numpy": "2.3.5",
    "sympy": "1.14.0"
  },
  "status": "ALL CHECKS PASSED"
}
