theorem N33Affine.SliceInput.approx : ∀ {k : Nat} {β b : Real} {E : (Fin k → Real) → Real}
  (self : N33Affine.SliceInput k β b E) {atTop : Filter.{0} Nat}
  (j : @N33Affine.FiniteFamily.Index k (@N33Affine.SliceInput.family k β b E self)) (hSeq : Nat → Real)
  (pSeq : Nat → Fin k → Real) (p : Fin k → Real),
  @Filter.Tendsto.{0, 0} Nat Real hSeq (@Filter.atTop.{0} Nat Nat.instPreorder)
      (@nhdsWithin.{0} Real
        (@UniformSpace.toTopologicalSpace.{0} Real (@PseudoMetricSpace.toUniformSpace.{0} Real Real.pseudoMetricSpace))
        (@OfNat.ofNat.{0} Real (nat_lit 0) (@Zero.toOfNat0.{0} Real Real.instZero))
        (@Set.Ioi.{0} Real Real.instPreorder
          (@OfNat.ofNat.{0} Real (nat_lit 0) (@Zero.toOfNat0.{0} Real Real.instZero)))) →
    @Filter.Tendsto.{0, 0} Nat (Fin k → Real) pSeq (@Filter.atTop.{0} Nat Nat.instPreorder)
        (@nhds.{0} (Fin k → Real)
          (@Pi.topologicalSpace.{0, 0} (Fin k) (fun (a : Fin k) => Real) fun (i : Fin k) =>
            @UniformSpace.toTopologicalSpace.{0} Real
              (@PseudoMetricSpace.toUniformSpace.{0} Real Real.pseudoMetricSpace))
          p) →
      @N33Affine.InCube k β b p →
        @Filter.Eventually.{0} Nat
            (fun (n : Nat) =>
              @N33Affine.Active.{0} k (@N33Affine.FiniteFamily.Index k (@N33Affine.SliceInput.family k β b E self))
                (@N33Affine.FiniteFamily.label k (@N33Affine.SliceInput.family k β b E self)) j (hSeq n) (pSeq n))
            atTop →
          ∀ (i : Fin k),
            @LT.lt.{0} Real Real.instLT
              (@abs.{0} Real Real.lattice Real.instAddGroup
                (@HSub.hSub.{0, 0, 0} Real Real Real (@instHSub.{0} Real Real.instSub) (p i)
                  (@N33Affine.Label.slope k
                    (@N33Affine.FiniteFamily.label k (@N33Affine.SliceInput.family k β b E self) j) i)))
              (E
                (@N33Affine.Label.slope k
                  (@N33Affine.FiniteFamily.label k (@N33Affine.SliceInput.family k β b E self) j))) :=
fun (k : Nat) (β b : Real) (E : (Fin k → Real) → Real) (self : N33Affine.SliceInput k β b E) => self.4
N33Affine.SliceInput.approx {k : Nat} {β b : Real} {E : (Fin k → Real) → Real} (self : N33Affine.SliceInput k β b E)
  {atTop : Filter.{0} Nat} (j : @N33Affine.FiniteFamily.Index k (@N33Affine.SliceInput.family k β b E self))
  (hSeq : Nat → Real) (pSeq : Nat → Fin k → Real) (p : Fin k → Real) :
  @Filter.Tendsto.{0, 0} Nat Real hSeq (@Filter.atTop.{0} Nat Nat.instPreorder)
      (@nhdsWithin.{0} Real
        (@UniformSpace.toTopologicalSpace.{0} Real (@PseudoMetricSpace.toUniformSpace.{0} Real Real.pseudoMetricSpace))
        (@OfNat.ofNat.{0} Real (nat_lit 0) (@Zero.toOfNat0.{0} Real Real.instZero))
        (@Set.Ioi.{0} Real Real.instPreorder
          (@OfNat.ofNat.{0} Real (nat_lit 0) (@Zero.toOfNat0.{0} Real Real.instZero)))) →
    @Filter.Tendsto.{0, 0} Nat (Fin k → Real) pSeq (@Filter.atTop.{0} Nat Nat.instPreorder)
        (@nhds.{0} (Fin k → Real)
          (@Pi.topologicalSpace.{0, 0} (Fin k) (fun (a : Fin k) => Real) fun (i : Fin k) =>
            @UniformSpace.toTopologicalSpace.{0} Real
              (@PseudoMetricSpace.toUniformSpace.{0} Real Real.pseudoMetricSpace))
          p) →
      @N33Affine.InCube k β b p →
        @Filter.Eventually.{0} Nat
            (fun (n : Nat) =>
              @N33Affine.Active.{0} k (@N33Affine.FiniteFamily.Index k (@N33Affine.SliceInput.family k β b E self))
                (@N33Affine.FiniteFamily.label k (@N33Affine.SliceInput.family k β b E self)) j (hSeq n) (pSeq n))
            atTop →
          ∀ (i : Fin k),
            @LT.lt.{0} Real Real.instLT
              (@abs.{0} Real Real.lattice Real.instAddGroup
                (@HSub.hSub.{0, 0, 0} Real Real Real (@instHSub.{0} Real Real.instSub) (p i)
                  (@N33Affine.Label.slope k
                    (@N33Affine.FiniteFamily.label k (@N33Affine.SliceInput.family k β b E self) j) i)))
              (E
                (@N33Affine.Label.slope k
                  (@N33Affine.FiniteFamily.label k (@N33Affine.SliceInput.family k β b E self) j)))
