READ-ONLY API AUDIT — no Lean process was run by this audit.
Source: work/agents/c4_rational_hostile/formalization/project/N33Affine/UniformActivity.lean
Recorded Lean output: work/agents/c4_rational_hostile/formalization/project/UniformActivityAudit.log
The recorded audit was run with `set_option pp.all true`; the declaration line and axiom line below are literal compact portions of that output, while the readable elaboration is normalized from the source and printed type.

Recorded declaration header:
N33Affine.exists_uniform_activity_cutoff {m : Nat} {a b : Real} {E : (Fin m → Real) → Real}
  (F : N33Affine.BoxFamily m a b) (hFull : @N33Affine.FullApproximation m a b E (@N33Affine.BoxFamily.family m a b F)) :

Readable public type:
theorem N33Affine.exists_uniform_activity_cutoff
    {m : ℕ} {a b : ℝ} {E : (Fin m → ℝ) → ℝ}
    (F : N33Affine.BoxFamily m a b)
    (hFull : N33Affine.FullApproximation a b E F.family) :
    ∃ hAct : ℝ, 0 < hAct ∧ hAct < 1 ∧
      ∀ h, 0 < h → h < hAct → ∀ p, N33Affine.InCube a b p →
        ∀ j : F.family.Index, N33Affine.Active F.family.label j h p →
          ∀ i, |p i - (F.family.label j).slope i| <
            E (F.family.label j).slope

Exact recorded axiom result:
'N33Affine.exists_uniform_activity_cutoff' depends on axioms: [propext, Classical.choice, Quot.sound]

Imported sequential contract (AffineInduction.lean, source inspected):
FullApproximation a b E family :=
  ∀ (j : family.Index) (hSeq : ℕ → ℝ)
      (pSeq : ℕ → Fin m → ℝ) (p : Fin m → ℝ),
    Tendsto hSeq atTop (𝓝[>] 0) → Tendsto pSeq atTop (𝓝 p) →
    InCube a b p →
    (∀ᶠ n in atTop, Active family.label j (hSeq n) (pSeq n)) →
    ∀ i, |p i - (family.label j).slope i| < E (family.label j).slope

Active family j h p := ∀ j', value (family j) h p ≤ value (family j') h p.
`value` is the finite sum of slope-coordinate times `Real.rpow h (p i)`, plus the label bump.

Global family provider, recorded from GlobalAffineAudit.log:
N33Affine.exists_full_affine_family (m : Nat) (a b : Real) (E : (Fin m → Real) → Real) :
  a ≤ b →
    (∀ r, N33Affine.InCube a b r → 0 < E r) →
      ∃ F : N33Affine.BoxFamily m a b,
        N33Affine.FamilyLittleOAt F a ∧
          N33Affine.FullApproximation a b E F.family

There is no implicit arbitrary `Filter` binder in the recorded uniform signature; the public hypothesis already names `FullApproximation`, whose activity filter is explicitly `atTop` on `ℕ`. The replay script checks for hidden Filter binders and `sorryAx`; it was not run by this audit.
