{
  "status": "internally executed diagnostics, not proof certification",
  "seed": 8102028,
  "entropy_brackets": [
    {
      "N": 2,
      "relative_entropy_lower_t1": -0.4337808304830273,
      "relative_entropy_to_balanced_twirl": 0.0,
      "upper_minus_logN": -0.6931471805599453,
      "heat_distance_lower": 0.0,
      "elementary_distance_lower": -4.949747468305833
    },
    {
      "N": 4,
      "relative_entropy_lower_t1": -0.587238284601741,
      "relative_entropy_to_balanced_twirl": 0.049119767614626594,
      "upper_minus_logN": -1.337174593505264,
      "heat_distance_lower": 0.0594729787848961,
      "elementary_distance_lower": -3.0
    },
    {
      "N": 6,
      "relative_entropy_lower_t1": -0.6642195386755145,
      "relative_entropy_to_balanced_twirl": 0.11209746023311236,
      "upper_minus_logN": -1.6796620089949426,
      "heat_distance_lower": 0.10895323662749629,
      "elementary_distance_lower": -2.191071366580375
    },
    {
      "N": 8,
      "relative_entropy_lower_t1": -0.7042099947175307,
      "relative_entropy_to_balanced_twirl": 0.1781092720506842,
      "upper_minus_logN": -1.9013322696291515,
      "heat_distance_lower": 0.14929063354567768,
      "elementary_distance_lower": -1.7248737341529163
    },
    {
      "N": 16,
      "relative_entropy_lower_t1": -0.7154613160978827,
      "relative_entropy_to_balanced_twirl": 0.4251142132354995,
      "upper_minus_logN": -2.3474745090042815,
      "heat_distance_lower": 0.25930148693460103,
      "elementary_distance_lower": -0.875
    },
    {
      "N": 32,
      "relative_entropy_lower_t1": -0.560742142469774,
      "relative_entropy_to_balanced_twirl": 0.8044876368370042,
      "upper_minus_logN": -2.6612482659627226,
      "heat_distance_lower": 0.3790488661376618,
      "elementary_distance_lower": -0.29993686707645817
    },
    {
      "N": 64,
      "relative_entropy_lower_t1": -0.22757177478560875,
      "relative_entropy_to_balanced_twirl": 1.3003438056515244,
      "upper_minus_logN": -2.858539277708147,
      "heat_distance_lower": 0.4979979308172753,
      "elementary_distance_lower": 0.09375
    },
    {
      "N": 128,
      "relative_entropy_lower_t1": 0.25027017058566825,
      "relative_entropy_to_balanced_twirl": 1.8800509859115562,
      "upper_minus_logN": -2.9719792780080607,
      "heat_distance_lower": 0.6070072912452066,
      "elementary_distance_lower": 0.3656565664617709
    },
    {
      "N": 256,
      "relative_entropy_lower_t1": 0.824227359808265,
      "relative_entropy_to_balanced_twirl": 2.511821809782832,
      "upper_minus_logN": -3.03335563469673,
      "heat_distance_lower": 0.7003662319019096,
      "elementary_distance_lower": 0.5546875
    },
    {
      "N": 512,
      "relative_entropy_lower_t1": 1.4544271170906509,
      "relative_entropy_to_balanced_twirl": 3.1729561188330844,
      "upper_minus_logN": -3.0653685062064233,
      "heat_distance_lower": 0.7761857012422401,
      "elementary_distance_lower": 0.6867345332308854
    }
  ],
  "counts": {
    "balanced_equalities": 24,
    "random_products": 1200,
    "entropy_brackets": 10
  },
  "max_balanced_equality_error": 1.2684298056342413e-14,
  "min_random_product_slack": 3.779150037919177e-05
}
