{
  "seed": 61007,
  "status": "all assertions passed",
  "checks": {
    "rational_completion": {
      "instances": 28,
      "exact": true
    },
    "sharp_distance_symbolic": {
      "identities": 2,
      "exact": true
    },
    "gaussian_engine": {
      "instances": 12,
      "max_covariance_entry_error": 5.551115123125783e-16,
      "max_full_distribution_entry_error": 5.551115123125783e-16,
      "max_loss_distribution_entry_error": 2.220446049250313e-16
    },
    "general_two_fermion": {
      "instances": 15,
      "max_independent_loss_error": 7.771596574371153e-16,
      "max_trace_distance_formula_error": 1.887379141862766e-15,
      "max_acquired_two_form_error": 1.1705942334230363e-15
    },
    "sharp_magic_distance": {
      "transmissions": 8,
      "random_gaussian_witness_tests": 160,
      "largest_witness_value": -0.08957143128765599,
      "max_optimal_distance_error": 2.220446049250313e-16
    },
    "two_block_global_interference": {
      "outcomes": 256,
      "gaussian_ensemble_components": 49,
      "state_trace_distance": 0.0027162220844226814,
      "output_total_variation": 0.002621080251012359,
      "dense_vs_covariance_max_entry_error": 1.1102230246251565e-16
    },
    "three_particle_obstruction": {
      "odd_gaussians": 30,
      "largest_witness_value": -0.08492283245128301,
      "loss_witness_instances": 4
    },
    "polynomial_sampler_execution": {
      "modes": 128,
      "two_fermion_blocks": 32,
      "shots": 12,
      "state_error_bound": 0.0003856167052694337,
      "observed_particle_counts": [
        5,
        9,
        2,
        3,
        2,
        3,
        8,
        2,
        5,
        7,
        3,
        7
      ],
      "elapsed_seconds": 0.3674570059997677,
      "precision": "IEEE double; not certified"
    }
  },
  "elapsed_seconds": 1.458106542999758
}
