{
  "part": "independent",
  "seconds": 0.010267750010825694,
  "result": [
    {
      "name": "displaced_pure",
      "pgf": 0.8829969024436821,
      "independent_fock_pgf": 0.882996902443681,
      "omitted_mass": 1.1102230246251565e-15
    },
    {
      "name": "displaced_herald",
      "pgf": 0.7736481095335942,
      "independent_fock_pgf": 0.7736481095335948,
      "omitted_mass": 0.0
    },
    {
      "name": "mixed_displaced_herald",
      "pgf": 0.8738942283566613,
      "independent_fock_pgf": 0.873894228356661,
      "omitted_mass": 5.551115123125783e-16,
      "exact_partial_trace_identity": "passed"
    },
    {
      "edge_cases": "zero herald, full observation, vacuum, zero PGF: passed"
    }
  ],
  "python": "3.14.3 (main, Feb  3 2026, 15:32:20) [Clang 17.0.0 (clang-1700.6.3.2)]",
  "numpy": "2.5.3",
  "mpmath": "1.3.0",
  "platform": "macOS-26.4-arm64-arm-64bit-Mach-O"
}
