START 0.01 0.0004904052442683711 0.0008365385798603242
0.01 0 2 1.2491210785026273e-09 0.0008365376790180346 gap 0.0003461324347496635
0.01 1 8 0.0 0.0008365376788899148 gap 0.00034613243462154375
0.01 2 18 0.0 0.0008365376788517231 gap 0.0003461324345833521
0.01 3 38 0.0 0.0008365376788335155 gap 0.0003461324345651444
0.01 4 78 0.0 0.0008365376788352918 gap 0.0003461324345669208
START 0.05 0.009362096073514854 0.015115950232649666
0.05 0 2 7.717374910499122e-07 0.015115395268096021 gap 0.005753299194581166
0.05 1 8 0.0 0.015115393954330258 gap 0.005753297880815403
0.05 2 18 0.0 0.01511539363032055 gap 0.005753297556805695
0.05 3 38 0.0 0.015115393423336343 gap 0.005753297349821488
0.05 4 78 0.0 0.015115393295724644 gap 0.005753297222209789
START 0.1 0.03249167373931203 0.05053225545424045
0.1 0 2 1.2065030950193184e-05 0.05052366012143039 gap 0.01803198638211836
0.1 1 8 0.0 0.05052360989026994 gap 0.018031936150957908
0.1 2 18 0.0 0.05052359947985918 gap 0.018031925740547152
0.1 3 38 0.0 0.05052359159648301 gap 0.018031917857170978
0.1 4 78 0.0 0.05052358758884701 gap 0.018031913849534977
START 0.2 0.11051832055968555 0.1629378300287092
0.2 0 2 0.00018285967373738994 0.16281234232167874 gap 0.05229402176199319
0.2 1 8 0.0 0.1628102229510433 gap 0.05229190239135775
0.2 2 18 0.0 0.1628099461737036 gap 0.05229162561401804
0.2 3 38 1.2394006646278802e-11 0.16280960524794086 gap 0.05229128468825531
0.2 4 116 0.0 0.1628092949012787 gap 0.05229097434159316
START 0.4 0.3689340123803781 0.5004498232221417
0.4 0 2 0.002719178413071455 0.49885412565875464 gap 0.12992011327837655
0.4 1 8 0.0 0.49878970473822193 gap 0.12985569235784383
0.4 2 18 4.5059871918087695e-09 0.4987745186334389 gap 0.12984050625306082
0.4 3 56 0.0 0.4987689797772372 gap 0.12983496739685912
0.4 4 114 0.0 0.49876702406269224 gap 0.12983301168231415
START 0.6 0.7470674987019188 0.9379911871785627
0.6 0 2 0.014611224963268287 0.9316803473853981 gap 0.1846128486834792
0.6 1 8 0.0 0.9312588245768003 gap 0.18419132587488146
0.6 2 18 1.4362578003039015e-07 0.9311547760279599 gap 0.18408727732604108
0.6 3 56 3.1609633611962447e-13 0.9311381323810899 gap 0.18407063367917104
0.6 4 114 1.1585608534017304e-11 0.9311313770996801 gap 0.18406387839776123
START 0.8 1.2529325012980814 1.4438561897747257
0.8 0 2 0.06828732749983218 1.4282261479056344 gap 0.17529364660755298
0.8 1 8 0.0 1.4270220390091373 gap 0.17408953771105584
0.8 2 18 7.203856105066304e-09 1.426801709488064 gap 0.17386920818998264
0.8 3 56 0.0 1.4267511024652038 gap 0.17381860116712233
0.8 4 114 0.0 1.426727276417262 gap 0.17379477511918062
START 0.95 1.7598177483047692 1.8569573596028792
0.95 0 2 0.5911752009887903 1.830901417759576 gap 0.07108366945480682
0.95 1 8 0.0 1.829081014489638 gap 0.06926326618486878
0.95 2 18 0.0 1.8286695069846979 gap 0.06885175867992877
0.95 3 38 1.2003391715264537e-09 1.828487880249222 gap 0.06867013194445282
0.95 4 116 0.0 1.8283791233153135 gap 0.06856137501054438
