{
  "counts": {
    "basis_dimensions": 8,
    "basis_projection_fixtures": 32,
    "gaussian_samples": 24,
    "complex_rank_pairs": 2760,
    "separable_ball_fixtures": 100,
    "choi_fixtures": 20,
    "svd_split_fixtures": 120
  },
  "max_absolute_residuals": {
    "basis_gram": 1.4111738243378813e-15,
    "basis_trace": 1.1102230246251565e-16,
    "projection_two_implementations": 1.5242378346308484e-14,
    "gaussian_hs_identity": 6.821210263296962e-13,
    "partial_transpose": 0.0,
    "partial_trace": 8.371135920126623e-16,
    "separable_reconstruction": 1.2215211619811632e-15,
    "separable_factor_negative": 6.693016650582658e-16,
    "choi_action": 1.4060767506900363e-14,
    "choi_pure_compression": 2.2569380175106216e-14,
    "map_tp_unital": 1.869333381474851e-15,
    "svd_split_reconstruction": 3.684520427726765e-15
  },
  "output": "/mnt/data/historic_frontier_audit/results/gaussian_verification.json"
}
