{
  "status": "EXACTLY_VERIFIED",
  "arithmetic": "Python stdlib integers only",
  "certificate_sha256": "256745ff4887eadb653a8fdb416ccb15e91051756065396eb58d11761173d961",
  "certificate_bytes": 1036049,
  "separable_terms": 400,
  "PSD_factors": "all 400 strictly exceed I/100000",
  "equality": "exact integer equality",
  "filters": "exact nonzero determinants",
  "source_PPT": "both transpose invariances verified for the CP Kraus map A0",
  "rational_target_trace": 3181935060603671616,
  "source_trace_effect_numerator_over_4": 5943916,
  "source_channel_coefficient": "4/5943920",
  "elapsed_seconds": 0.3312749579999945,
  "claim": "J(ABA) is separable; flag-block reduction gives source Theta^3 EB",
  "square_nonEB": "source-dependent; not checked by this verifier"
}
analytic_rank {"prime": 1009, "source_kraus_basis_indices": [1, 2, 3, 4, 5, 8, 9, 10, 11, 15, 16, 17, 22, 23, 29], "rank_mod_prime": 60, "claim": "J(M_t) has full rank60 for every real t", "annihilator_dimension": 4}
sample 0 1 BHmin [4.950075850128935e-05, 0.0001256749954381747, 0.0006209717519026481, 0.0008415784369001636] BH_PD [True, True, True, True] frozen_sep True
sample -2 1 BHmin [4.3495177115230844e-05, 0.00013188931389315325, 0.0005537894306015124, 0.0007334138292208446] BH_PD [True, True, True, True] frozen_sep False
sample -1 1 BHmin [4.602655047024128e-05, 0.00013057655128665316, 0.0005512866823381888, 0.0007270118870799406] BH_PD [True, True, True, True] frozen_sep False
sample -1 2 BHmin [4.8380820703846856e-05, 0.00012771943202921092, 0.000569310157896508, 0.0007602768195831832] BH_PD [True, True, True, True] frozen_sep False
sample 1 2 BHmin [4.707494241250345e-05, 0.0001274285024982931, 0.0005652618984822695, 0.0007755436192106557] BH_PD [True, True, True, True] frozen_sep False
sample 1 1 BHmin [4.410761208552726e-05, 0.00012831541552457001, 0.00047463644187014964, 0.0006655943724347832] BH_PD [True, True, True, True] frozen_sep False
sample 2 1 BHmin [4.174697614064053e-05, 0.00012813496898800178, 0.00043617124573464656, 0.0006188431053344198] BH_PD [True, True, True, True] frozen_sep False
completed 14.257816750003258
