{
  "status": "PASS",
  "scope": "Exact small semisimple regular-representation and Frobenius-branch check; not full strong-list generation",
  "cases": [
    {
      "field_size": 4,
      "field_modulus_binary": "0b111",
      "extension_degree": 2,
      "cyclotomic_polynomial": "w^2+w+1 = Phi_3(w)",
      "cyclotomic_roots": [
        2,
        3
      ],
      "Fp_regular_dimension": 4,
      "branches_j_root": [
        [
          0,
          2
        ],
        [
          0,
          3
        ],
        [
          1,
          2
        ],
        [
          1,
          3
        ]
      ],
      "details": [
        {
          "fixed_extension_coefficient_c": 1,
          "regular_matrix_rank_checks": 68,
          "branch_rank_mismatches": 0,
          "P1_invertible_q_count": 2,
          "P2_invertible_eta_u_v_count": 36,
          "simultaneously_invertible_full_grid_points": 72,
          "full_grid_points": 256,
          "per_branch_bad_P1_q_counts": [
            1,
            1,
            1,
            1
          ],
          "per_branch_bad_P2_eta_u_v_counts": [
            16,
            16,
            16,
            16
          ],
          "wrongly_Frobenius_twisting_fixed_c_changes_predicate_on_count": 0
        },
        {
          "fixed_extension_coefficient_c": 2,
          "regular_matrix_rank_checks": 68,
          "branch_rank_mismatches": 0,
          "P1_invertible_q_count": 1,
          "P2_invertible_eta_u_v_count": 24,
          "simultaneously_invertible_full_grid_points": 24,
          "full_grid_points": 256,
          "per_branch_bad_P1_q_counts": [
            1,
            1,
            1,
            1
          ],
          "per_branch_bad_P2_eta_u_v_counts": [
            16,
            16,
            16,
            16
          ],
          "wrongly_Frobenius_twisting_fixed_c_changes_predicate_on_count": 13
        }
      ]
    },
    {
      "field_size": 16,
      "field_modulus_binary": "0b10011",
      "extension_degree": 4,
      "cyclotomic_polynomial": "w^2+w+1 = Phi_3(w)",
      "cyclotomic_roots": [
        6,
        7
      ],
      "Fp_regular_dimension": 8,
      "branches_j_root": [
        [
          0,
          6
        ],
        [
          0,
          7
        ],
        [
          1,
          6
        ],
        [
          1,
          7
        ],
        [
          2,
          6
        ],
        [
          2,
          7
        ],
        [
          3,
          6
        ],
        [
          3,
          7
        ]
      ],
      "details": [
        {
          "fixed_extension_coefficient_c": 1,
          "regular_matrix_rank_checks": 4112,
          "branch_rank_mismatches": 0,
          "P1_invertible_q_count": 14,
          "P2_invertible_eta_u_v_count": 3600,
          "simultaneously_invertible_full_grid_points": 50400,
          "full_grid_points": 65536,
          "per_branch_bad_P1_q_counts": [
            1,
            1,
            1,
            1,
            1,
            1,
            1,
            1
          ],
          "per_branch_bad_P2_eta_u_v_counts": [
            256,
            256,
            256,
            256,
            256,
            256,
            256,
            256
          ],
          "wrongly_Frobenius_twisting_fixed_c_changes_predicate_on_count": 0
        },
        {
          "fixed_extension_coefficient_c": 2,
          "regular_matrix_rank_checks": 4112,
          "branch_rank_mismatches": 0,
          "P1_invertible_q_count": 8,
          "P2_invertible_eta_u_v_count": 2160,
          "simultaneously_invertible_full_grid_points": 17280,
          "full_grid_points": 65536,
          "per_branch_bad_P1_q_counts": [
            1,
            1,
            1,
            1,
            1,
            1,
            1,
            1
          ],
          "per_branch_bad_P2_eta_u_v_counts": [
            256,
            256,
            256,
            256,
            256,
            256,
            256,
            256
          ],
          "wrongly_Frobenius_twisting_fixed_c_changes_predicate_on_count": 1446
        }
      ]
    }
  ]
}
