{
  "scope": "Exact finite identities and numerical diagnostics; not independent proof certification",
  "tests": {
    "polarized_cat_extremizers": [
      {
        "k": 1,
        "norm_squared": "2",
        "cat_coherence": "1",
        "J_variance": "1/4",
        "normalized_covariance_eigenvalue": "1",
        "necessary_FLC_exponent_upper_bound": "1"
      },
      {
        "k": 2,
        "norm_squared": "3",
        "cat_coherence": "2/3",
        "J_variance": "2/3",
        "normalized_covariance_eigenvalue": "4/3",
        "necessary_FLC_exponent_upper_bound": "3/4"
      },
      {
        "k": 3,
        "norm_squared": "4",
        "cat_coherence": "1/2",
        "J_variance": "5/4",
        "normalized_covariance_eigenvalue": "5/3",
        "necessary_FLC_exponent_upper_bound": "3/5"
      },
      {
        "k": 4,
        "norm_squared": "5",
        "cat_coherence": "2/5",
        "J_variance": "2",
        "normalized_covariance_eigenvalue": "2",
        "necessary_FLC_exponent_upper_bound": "1/2"
      },
      {
        "k": 5,
        "norm_squared": "6",
        "cat_coherence": "1/3",
        "J_variance": "35/12",
        "normalized_covariance_eigenvalue": "7/3",
        "necessary_FLC_exponent_upper_bound": "3/7"
      },
      {
        "k": 6,
        "norm_squared": "7",
        "cat_coherence": "2/7",
        "J_variance": "4",
        "normalized_covariance_eigenvalue": "8/3",
        "necessary_FLC_exponent_upper_bound": "3/8"
      },
      {
        "k": 7,
        "norm_squared": "8",
        "cat_coherence": "1/4",
        "J_variance": "21/4",
        "normalized_covariance_eigenvalue": "3",
        "necessary_FLC_exponent_upper_bound": "1/3"
      }
    ],
    "complete_bipartite_ground_vector": [
      {
        "k": 1,
        "sector_size": 2,
        "eigenvalue": "-3/2",
        "exact": "pass"
      },
      {
        "k": 2,
        "sector_size": 6,
        "eigenvalue": "-4",
        "exact": "pass"
      },
      {
        "k": 3,
        "sector_size": 20,
        "eigenvalue": "-15/2",
        "exact": "pass"
      },
      {
        "k": 4,
        "sector_size": 70,
        "eigenvalue": "-12",
        "exact": "pass"
      }
    ],
    "rejected_unbalanced_cat_bound": {
      "false_claim": "Every stable k-particle state has cat fidelity <= 2/(k+1)",
      "counterexample": "The basis state |A> is stable and has fidelity 1/2 with (|A>+|B>)/sqrt(2)",
      "k": 4,
      "fidelity": "1/2",
      "false_bound": "2/5",
      "retained_claim": "Coherence 2*v_A*v_B/||v||^2 <= 2/(k+1); the fidelity bound needs balanced endpoint amplitudes."
    },
    "cat_fidelity_envelope": {
      "rational_checks": 480,
      "sharp_bounds": {
        "k=1": "1",
        "k=2": "2/3",
        "k>=3": "1/2"
      }
    },
    "positive_boundary_gap_free_energy": {
      "fixtures": 60,
      "max_bound_fraction": 0.1427612776688257
    },
    "degenerate_ground_space_caution": {
      "n": 3,
      "GHZ_eigenvalue": -1,
      "global_ground_energy": -1.0,
      "unstable_GHZ_polynomial": "1+z1*z2*z3",
      "retained_scope": "P0|+>/||P0|+>||, or an individually specified stable input projection, not every ground vector"
    },
    "transverse_gate_rayleigh_difference": "exact: 1-c^2",
    "real_stability_edge_diagnostic": {
      "real_points": 200,
      "pairwise_tests": 1200,
      "minimum_rayleigh_difference": 0.00020080871283739699,
      "scope": "diagnostic, analytic proof uses quadratic signature"
    }
  },
  "status": "all checks passed"
}
