theorem N33Affine.exists_full_affine_family : ∀ (m : Nat) (a b : Real) (E : (Fin m → Real) → Real),
  @LE.le.{0} Real Real.instLE a b →
    (∀ (r : Fin m → Real),
        @N33Affine.InCube m a b r →
          @LT.lt.{0} Real Real.instLT (@OfNat.ofNat.{0} Real (nat_lit 0) (@Zero.toOfNat0.{0} Real Real.instZero))
            (E r)) →
      @Exists.{2} (N33Affine.BoxFamily m a b) fun (F : N33Affine.BoxFamily m a b) =>
        And (@N33Affine.FamilyLittleOAt m a b F a)
          (@N33Affine.FullApproximation m a b E (@N33Affine.BoxFamily.family m a b F)) :=
fun (m : ⋯) =>
  @Nat.strong_induction_on
    (fun (m : Nat) =>
      ∀ (a b : Real) (E : (Fin m → Real) → Real),
        @LE.le.{0} Real Real.instLE a b →
          (∀ (r : Fin m → Real),
              @N33Affine.InCube m a b r →
                @LT.lt.{0} Real Real.instLT (@OfNat.ofNat.{0} Real (nat_lit 0) (@Zero.toOfNat0.{0} Real Real.instZero))
                  (E r)) →
            @Exists.{2} (N33Affine.BoxFamily m a b) fun (F : N33Affine.BoxFamily m a b) =>
              And (@N33Affine.FamilyLittleOAt m a b F a)
                (@N33Affine.FullApproximation m a b E (@N33Affine.BoxFamily.family m a b F)))
    m fun (m : ⋯) (ih : ⋯) (a b : ⋯) (E : ⋯) (hab : ⋯) (hE : ⋯) =>
    @dite.{0}
      (@Exists.{2} (N33Affine.BoxFamily m a b) fun (F : N33Affine.BoxFamily m a b) =>
        And (@N33Affine.FamilyLittleOAt m a b F a)
          (@N33Affine.FullApproximation m a b E (@N33Affine.BoxFamily.family m a b F)))
      (@Eq.{1} Nat m (@OfNat.ofNat.{0} Nat (nat_lit 0) (instOfNatNat (nat_lit 0))))
      (instDecidableEqNat m (@OfNat.ofNat.{0} Nat (nat_lit 0) (instOfNatNat (nat_lit 0))))
      (fun (hmzero : @Eq.{1} Nat m (@OfNat.ofNat.{0} Nat (nat_lit 0) (instOfNatNat (nat_lit 0)))) =>
        @Eq.ndrec.{0, 1} Nat (@OfNat.ofNat.{0} Nat (nat_lit 0) (instOfNatNat (nat_lit 0)))
          (fun (m : Nat) =>
            ∀
              (ih :
                ∀ (m_1 : Nat),
                  @LT.lt.{0} Nat instLTNat m_1 m →
                    ∀ (a b : Real) (E : (Fin m_1 → Real) → Real),
                      @LE.le.{0} Real Real.instLE a b →
                        (∀ (r : Fin m_1 → Real),
                            @N33Affine.InCube m_1 a b r →
                              @LT.lt.{0} Real Real.instLT
                                (@OfNat.ofNat.{0} Real (nat_lit 0) (@Zero.toOfNat0.{0} Real Real.instZero)) (E r)) →
                          @Exists.{2} (N33Affine.BoxFamily m_1 a b) fun (F : N33Affine.BoxFamily m_1 a b) =>
                            And (@N33Affine.FamilyLittleOAt m_1 a b F a)
                              (@N33Affine.FullApproximation m_1 a b E (@N33Affine.BoxFamily.family m_1 a b F)))
              (E : (Fin m → Real) → Real)
              (hE :
                ∀ (r : Fin m → Real),
                  @N33Affine.InCube m a b r →
                    @LT.lt.{0} Real Real.instLT
                      (@OfNat.ofNat.{0} Real (nat_lit 0) (@Zero.toOfNat0.{0} Real Real.instZero)) (E r)),
              @Exists.{2} (N33Affine.BoxFamily m a b) fun (F : N33Affine.BoxFamily m a b) =>
                And (@N33Affine.FamilyLittleOAt m a b F a)
                  (@N33Affine.FullApproximation m a b E (@N33Affine.BoxFamily.family m a b F)))
          (fun
              (ih :
                ∀ (m : Nat),
                  @LT.lt.{0} Nat instLTNat m (@OfNat.ofNat.{0} Nat (nat_lit 0) (instOfNatNat (nat_lit 0))) →
                    ∀ (a b : Real) (E : (Fin m → Real) → Real),
                      @LE.le.{0} Real Real.instLE a b →
                        (∀ (r : Fin m → Real),
                            @N33Affine.InCube m a b r →
                              @LT.lt.{0} Real Real.instLT
                                (@OfNat.ofNat.{0} Real (nat_lit 0) (@Zero.toOfNat0.{0} Real Real.instZero)) (E r)) →
                          @Exists.{2} (N33Affine.BoxFamily m a b) fun (F : N33Affine.BoxFamily m a b) =>
                            And (@N33Affine.FamilyLittleOAt m a b F a)
                              (@N33Affine.FullApproximation m a b E (@N33Affine.BoxFamily.family m a b F)))
              (E : (Fin (@OfNat.ofNat.{0} Nat (nat_lit 0) (instOfNatNat (nat_lit 0))) → Real) → Real)
              (hE :
                ∀ (r : Fin (@OfNat.ofNat.{0} Nat (nat_lit 0) (instOfNatNat (nat_lit 0))) → Real),
                  @N33Affine.InCube (@OfNat.ofNat.{0} Nat (nat_lit 0) (instOfNatNat (nat_lit 0))) a b r →
                    @LT.lt.{0} Real Real.instLT
                      (@OfNat.ofNat.{0} Real (nat_lit 0) (@Zero.toOfNat0.{0} Real Real.instZero)) (E r)) =>
            let F : N33Affine.BoxFamily (@OfNat.ofNat.{0} Nat (nat_lit 0) (instOfNatNat (nat_lit 0))) a b :=
              @N33Affine.baseBoxFamily (@OfNat.ofNat.{0} Nat (nat_lit 0) (instOfNatNat (nat_lit 0))) a b a
                (@le_rfl.{0} Real Real.instPreorder a) hab;
            @Exists.intro.{2} (N33Affine.BoxFamily (@OfNat.ofNat.{0} Nat (nat_lit 0) (instOfNatNat (nat_lit 0))) a b)
              (fun (F : N33Affine.BoxFamily (@OfNat.ofNat.{0} Nat (nat_lit 0) (instOfNatNat (nat_lit 0))) a b) =>
                And (@N33Affine.FamilyLittleOAt (@OfNat.ofNat.{0} Nat (nat_lit 0) (instOfNatNat (nat_lit 0))) a b F a)
                  (@N33Affine.FullApproximation (@OfNat.ofNat.{0} Nat (nat_lit 0) (instOfNatNat (nat_lit 0))) a b E
                    (@N33Affine.BoxFamily.family (@OfNat.ofNat.{0} Nat (nat_lit 0) (instOfNatNat (nat_lit 0))) a b F)))
              F
              (@And.intro
                (@N33Affine.FamilyLittleOAt (@OfNat.ofNat.{0} Nat (nat_lit 0) (instOfNatNat (nat_lit 0))) a b F a)
                (@N33Affine.FullApproximation (@OfNat.ofNat.{0} Nat (nat_lit 0) (instOfNatNat (nat_lit 0))) a b E
                  (@N33Affine.BoxFamily.family (@OfNat.ofNat.{0} Nat (nat_lit 0) (instOfNatNat (nat_lit 0))) a b F))
                (fun
                    (j :
                      @N33Affine.FiniteFamily.Index (@OfNat.ofNat.{0} Nat (nat_lit 0) (instOfNatNat (nat_lit 0)))
                        (@N33Affine.BoxFamily.family (@OfNat.ofNat.{0} Nat (nat_lit 0) (instOfNatNat (nat_lit 0))) a b
                          F)) =>
                  N33Affine.littleO_zero_bump a)
                fun
                  (j :
                    @N33Affine.FiniteFamily.Index (@OfNat.ofNat.{0} Nat (nat_lit 0) (instOfNatNat (nat_lit 0)))
                      (@N33Affine.BoxFamily.family (@OfNat.ofNat.{0} Nat (nat_lit 0) (instOfNatNat (nat_lit 0))) a b F))
                  (hSeq : Nat → Real)
                  (pSeq : Nat → Fin (@OfNat.ofNat.{0} Nat (nat_lit 0) (instOfNatNat (nat_lit 0))) → Real)
                  (p : Fin (@OfNat.ofNat.{0} Nat (nat_lit 0) (instOfNatNat (nat_lit 0))) → Real)
                  (hh :
                    @Filter.Tendsto.{0, 0} Nat Real hSeq (@Filter.atTop.{0} Nat Nat.instPreorder)
                      (@nhdsWithin.{0} Real
                        (@UniformSpace.toTopologicalSpace.{0} Real
                          (@PseudoMetricSpace.toUniformSpace.{0} Real Real.pseudoMetricSpace))
                        (@OfNat.ofNat.{0} Real (nat_lit 0) (@Zero.toOfNat0.{0} Real Real.instZero))
                        (@Set.Ioi.{0} Real Real.instPreorder
                          (@OfNat.ofNat.{0} Real (nat_lit 0) (@Zero.toOfNat0.{0} Real Real.instZero)))))
                  (hp :
                    @Filter.Tendsto.{0, 0} Nat
                      (Fin (@OfNat.ofNat.{0} Nat (nat_lit 0) (instOfNatNat (nat_lit 0))) → Real) pSeq
                      (@Filter.atTop.{0} Nat Nat.instPreorder)
                      (@nhds.{0} (Fin (@OfNat.ofNat.{0} Nat (nat_lit 0) (instOfNatNat (nat_lit 0))) → Real)
                        (@Pi.topologicalSpace.{0, 0} (Fin (@OfNat.ofNat.{0} Nat (nat_lit 0) (instOfNatNat (nat_lit 0))))
                          (fun (a : Fin (@OfNat.ofNat.{0} Nat (nat_lit 0) (instOfNatNat (nat_lit 0)))) => Real)
                          fun (i : Fin (@OfNat.ofNat.{0} Nat (nat_lit 0) (instOfNatNat (nat_lit 0)))) =>
                          @UniformSpace.toTopologicalSpace.{0} Real
                            (@PseudoMetricSpace.toUniformSpace.{0} Real Real.pseudoMetricSpace))
                        p))
                  (hpCube : @N33Affine.InCube (@OfNat.ofNat.{0} Nat (nat_lit 0) (instOfNatNat (nat_lit 0))) a b p)
                  (hactive :
                    @Filter.Eventually.{0} Nat
                      (fun (n : Nat) =>
                        @N33Affine.Active.{0} (@OfNat.ofNat.{0} Nat (nat_lit 0) (instOfNatNat (nat_lit 0)))
                          (@N33Affine.FiniteFamily.Index (@OfNat.ofNat.{0} Nat (nat_lit 0) (instOfNatNat (nat_lit 0)))
                            (@N33Affine.BoxFamily.family (@OfNat.ofNat.{0} Nat (nat_lit 0) (instOfNatNat (nat_lit 0))) a
                              b F))
                          (@N33Affine.FiniteFamily.label (@OfNat.ofNat.{0} Nat (nat_lit 0) (instOfNatNat (nat_lit 0)))
                            (@N33Affine.BoxFamily.family (@OfNat.ofNat.{0} Nat (nat_lit 0) (instOfNatNat (nat_lit 0))) a
                              b F))
                          j (hSeq n) (pSeq n))
                      (@Filter.atTop.{0} Nat Nat.instPreorder))
                  (i : Fin (@OfNat.ofNat.{0} Nat (nat_lit 0) (instOfNatNat (nat_lit 0)))) =>
                @Fin.elim0.{0}
                  (@LT.lt.{0} Real Real.instLT
                    (@abs.{0} Real Real.lattice Real.instAddGroup
                      (@HSub.hSub.{0, 0, 0} Real Real Real (@instHSub.{0} Real Real.instSub) (p i)
                        (@N33Affine.Label.slope (@OfNat.ofNat.{0} Nat (nat_lit 0) (instOfNatNat (nat_lit 0)))
                          (@N33Affine.FiniteFamily.label (@OfNat.ofNat.{0} Nat (nat_lit 0) (instOfNatNat (nat_lit 0)))
                            (@N33Affine.BoxFamily.family (@OfNat.ofNat.{0} Nat (nat_lit 0) (instOfNatNat (nat_lit 0))) a
                              b F)
                            j)
                          i)))
                    (E
                      (@N33Affine.Label.slope (@OfNat.ofNat.{0} Nat (nat_lit 0) (instOfNatNat (nat_lit 0)))
                        (@N33Affine.FiniteFamily.label (@OfNat.ofNat.{0} Nat (nat_lit 0) (instOfNatNat (nat_lit 0)))
                          (@N33Affine.BoxFamily.family (@OfNat.ofNat.{0} Nat (nat_lit 0) (instOfNatNat (nat_lit 0))) a b
                            F)
                          j))))
                  i))
          m (@Eq.symm.{1} Nat m (@OfNat.ofNat.{0} Nat (nat_lit 0) (instOfNatNat (nat_lit 0))) hmzero) ih E hE)
      fun (hmzero : ⋯) =>
      have hm : ⋯ := @Nat.pos_of_ne_zero m hmzero;
      have OracleHyp : ⋯ :=
        fun (k : Nat) (hk : @LT.lt.{0} Nat instLTNat (@OfNat.ofNat.{0} Nat (nat_lit 0) (instOfNatNat (nat_lit 0))) k)
          (hkm : @LT.lt.{0} Nat instLTNat k m) (β : Real) (hβb : @LT.lt.{0} Real Real.instLT β b)
          (E₀ : (Fin k → Real) → Real)
          (hE₀ :
            ∀ (s : Fin k → Real),
              @N33Affine.InCube k β b s →
                @LT.lt.{0} Real Real.instLT (@OfNat.ofNat.{0} Real (nat_lit 0) (@Zero.toOfNat0.{0} Real Real.instZero))
                  (E₀ s)) =>
        ih k hkm β b E₀ (@le_of_lt.{0} Real Real.instPreorder β b hβb) hE₀;
      let W : ⋯ := fun (t : @Set.Elem.{0} Real (@Set.Icc.{0} Real Real.instPreorder a b)) =>
        @Classical.choice.{2}
          (@N33Affine.LocalWindowData m a b E
            (@Subtype.val.{1} Real
              (fun (x : Real) =>
                @Membership.mem.{0, 0} Real (Set.{0} Real) (@Set.instMembership.{0} Real)
                  (@Set.Icc.{0} Real Real.instPreorder a b) x)
              t))
          (@N33Affine.exists_local_window_of_lower_dimensions m a b
            (@Subtype.val.{1} Real
              (fun (x : Real) =>
                @Membership.mem.{0, 0} Real (Set.{0} Real) (@Set.instMembership.{0} Real)
                  (@Set.Icc.{0} Real Real.instPreorder a b) x)
              t)
            E hm
            (@And.left
              (@LE.le.{0} Real (@Preorder.toLE.{0} Real Real.instPreorder) a
                (@Subtype.val.{1} Real
                  (fun (x : Real) =>
                    @Membership.mem.{0, 0} Real (Set.{0} Real) (@Set.instMembership.{0} Real)
                      (@Set.Icc.{0} Real Real.instPreorder a b) x)
                  t))
              (@LE.le.{0} Real (@Preorder.toLE.{0} Real Real.instPreorder)
                (@Subtype.val.{1} Real
                  (fun (x : Real) =>
                    @Membership.mem.{0, 0} Real (Set.{0} Real) (@Set.instMembership.{0} Real)
                      (@Set.Icc.{0} Real Real.instPreorder a b) x)
                  t)
                b)
              (@Subtype.property.{1} Real
                (fun (x : Real) =>
                  @Membership.mem.{0, 0} Real (Set.{0} Real) (@Set.instMembership.{0} Real)
                    (@Set.Icc.{0} Real Real.instPreorder a b) x)
                t))
            (@And.right
              (@LE.le.{0} Real (@Preorder.toLE.{0} Real Real.instPreorder) a
                (@Subtype.val.{1} Real
                  (fun (x : Real) =>
                    @Membership.mem.{0, 0} Real (Set.{0} Real) (@Set.instMembership.{0} Real)
                      (@Set.Icc.{0} Real Real.instPreorder a b) x)
                  t))
              (@LE.le.{0} Real (@Preorder.toLE.{0} Real Real.instPreorder)
                (@Subtype.val.{1} Real
                  (fun (x : Real) =>
                    @Membership.mem.{0, 0} Real (Set.{0} Real) (@Set.instMembership.{0} Real)
                      (@Set.Icc.{0} Real Real.instPreorder a b) x)
                  t)
                b)
              (@Subtype.property.{1} Real
                (fun (x : Real) =>
                  @Membership.mem.{0, 0} Real (Set.{0} Real) (@Set.instMembership.{0} Real)
                    (@Set.Icc.{0} Real Real.instPreorder a b) x)
                t))
            OracleHyp hE);
      let radiusAt : ⋯ := fun (t : @Set.Elem.{0} Real (@Set.Icc.{0} Real Real.instPreorder a b)) =>
        @N33Affine.LocalWindowData.radius m a b E
          (@Subtype.val.{1} Real
            (fun (x : Real) =>
              @Membership.mem.{0, 0} Real (Set.{0} Real) (@Set.instMembership.{0} Real)
                (@Set.Icc.{0} Real Real.instPreorder a b) x)
            t)
          (W t);
      have hradiusAt : ⋯ := fun (t : @Set.Elem.{0} Real (@Set.Icc.{0} Real Real.instPreorder a b)) =>
        @N33Affine.LocalWindowData.radius_pos m a b E
          (@Subtype.val.{1} Real
            (fun (x : Real) =>
              @Membership.mem.{0, 0} Real (Set.{0} Real) (@Set.instMembership.{0} Real)
                (@Set.Icc.{0} Real Real.instPreorder a b) x)
            t)
          (W t);
      @Exists.casesOn.{1} (Finset.{0} (@Set.Elem.{0} Real (@Set.Icc.{0} Real Real.instPreorder a b)))
        (fun (S : Finset.{0} (@Set.Elem.{0} Real (@Set.Icc.{0} Real Real.instPreorder a b))) =>
          And (@N33Affine.IntervalCoverBy a b radiusAt S) (@N33Affine.IntervalCoverPruned a b radiusAt S))
        (fun
            (x :
              @Exists.{1} (Finset.{0} (@Set.Elem.{0} Real (@Set.Icc.{0} Real Real.instPreorder a b)))
                fun (S : Finset.{0} (@Set.Elem.{0} Real (@Set.Icc.{0} Real Real.instPreorder a b))) =>
                And (@N33Affine.IntervalCoverBy a b radiusAt S) (@N33Affine.IntervalCoverPruned a b radiusAt S)) =>
          @Exists.{2} (N33Affine.BoxFamily m a b) fun (F : N33Affine.BoxFamily m a b) =>
            And (@N33Affine.FamilyLittleOAt m a b F a)
              (@N33Affine.FullApproximation m a b E (@N33Affine.BoxFamily.family m a b F)))
        (@N33Affine.exists_finite_pruned_interval_cover a b hab radiusAt hradiusAt) fun (S : ⋯) (h : ⋯) =>
        @And.casesOn.{0} (@N33Affine.IntervalCoverBy a b radiusAt S) (@N33Affine.IntervalCoverPruned a b radiusAt S)
          (fun (x : And (@N33Affine.IntervalCoverBy a b radiusAt S) (@N33Affine.IntervalCoverPruned a b radiusAt S)) =>
            @Exists.{2} (N33Affine.BoxFamily m a b) fun (F : N33Affine.BoxFamily m a b) =>
              And (@N33Affine.FamilyLittleOAt m a b F a)
                (@N33Affine.FullApproximation m a b E (@N33Affine.BoxFamily.family m a b F)))
          h fun (hScover : ⋯) (hSpruned : ⋯) =>
          have hSnonempty : ⋯ :=
            @Exists.casesOn.{1} (@Set.Elem.{0} Real (@Set.Icc.{0} Real Real.instPreorder a b))
              (fun (t : @Set.Elem.{0} Real (@Set.Icc.{0} Real Real.instPreorder a b)) =>
                And
                  (@Membership.mem.{0, 0} (@Set.Elem.{0} Real (@Set.Icc.{0} Real Real.instPreorder a b))
                    (Finset.{0} (@Set.Elem.{0} Real (@Set.Icc.{0} Real Real.instPreorder a b)))
                    (@Finset.instMembership.{0} (@Set.Elem.{0} Real (@Set.Icc.{0} Real Real.instPreorder a b))) S t)
                  (@Membership.mem.{0, 0} Real (Set.{0} Real) (@Set.instMembership.{0} Real)
                    (@Set.Ioo.{0} Real Real.instPreorder
                      (@HSub.hSub.{0, 0, 0} Real Real Real (@instHSub.{0} Real Real.instSub)
                        (@Subtype.val.{1} Real
                          (fun (x : Real) =>
                            @Membership.mem.{0, 0} Real (Set.{0} Real) (@Set.instMembership.{0} Real)
                              (@Set.Icc.{0} Real Real.instPreorder a b) x)
                          t)
                        (radiusAt t))
                      (@HAdd.hAdd.{0, 0, 0} Real Real Real (@instHAdd.{0} Real Real.instAdd)
                        (@Subtype.val.{1} Real
                          (fun (x : Real) =>
                            @Membership.mem.{0, 0} Real (Set.{0} Real) (@Set.instMembership.{0} Real)
                              (@Set.Icc.{0} Real Real.instPreorder a b) x)
                          t)
                        (radiusAt t)))
                    a))
              (fun
                  (x :
                    @Exists.{1} (@Set.Elem.{0} Real (@Set.Icc.{0} Real Real.instPreorder a b))
                      fun (t : @Set.Elem.{0} Real (@Set.Icc.{0} Real Real.instPreorder a b)) =>
                      And
                        (@Membership.mem.{0, 0} (@Set.Elem.{0} Real (@Set.Icc.{0} Real Real.instPreorder a b))
                          (Finset.{0} (@Set.Elem.{0} Real (@Set.Icc.{0} Real Real.instPreorder a b)))
                          (@Finset.instMembership.{0} (@Set.Elem.{0} Real (@Set.Icc.{0} Real Real.instPreorder a b))) S
                          t)
                        (@Membership.mem.{0, 0} Real (Set.{0} Real) (@Set.instMembership.{0} Real)
                          (@Set.Ioo.{0} Real Real.instPreorder
                            (@HSub.hSub.{0, 0, 0} Real Real Real (@instHSub.{0} Real Real.instSub)
                              (@Subtype.val.{1} Real
                                (fun (x : Real) =>
                                  @Membership.mem.{0, 0} Real (Set.{0} Real) (@Set.instMembership.{0} Real)
                                    (@Set.Icc.{0} Real Real.instPreorder a b) x)
                                t)
                              (radiusAt t))
                            (@HAdd.hAdd.{0, 0, 0} Real Real Real (@instHAdd.{0} Real Real.instAdd)
                              (@Subtype.val.{1} Real
                                (fun (x : Real) =>
                                  @Membership.mem.{0, 0} Real (Set.{0} Real) (@Set.instMembership.{0} Real)
                                    (@Set.Icc.{0} Real Real.instPreorder a b) x)
                                t)
                              (radiusAt t)))
                          a)) =>
                @Finset.Nonempty.{0} (@Set.Elem.{0} Real (@Set.Icc.{0} Real Real.instPreorder a b)) S)
              (hScover a (@le_rfl.{0} Real Real.instPreorder a) hab)
              fun (t : @Set.Elem.{0} Real (@Set.Icc.{0} Real Real.instPreorder a b))
                (h :
                  And
                    (@Membership.mem.{0, 0} (@Set.Elem.{0} Real (@Set.Icc.{0} Real Real.instPreorder a b))
                      (Finset.{0} (@Set.Elem.{0} Real (@Set.Icc.{0} Real Real.instPreorder a b)))
                      (@Finset.instMembership.{0} (@Set.Elem.{0} Real (@Set.Icc.{0} Real Real.instPreorder a b))) S t)
                    (@Membership.mem.{0, 0} Real (Set.{0} Real) (@Set.instMembership.{0} Real)
                      (@Set.Ioo.{0} Real Real.instPreorder
                        (@HSub.hSub.{0, 0, 0} Real Real Real (@instHSub.{0} Real Real.instSub)
                          (@Subtype.val.{1} Real
                            (fun (x : Real) =>
                              @Membership.mem.{0, 0} Real (Set.{0} Real) (@Set.instMembership.{0} Real)
                                (@Set.Icc.{0} Real Real.instPreorder a b) x)
                            t)
                          (radiusAt t))
                        (@HAdd.hAdd.{0, 0, 0} Real Real Real (@instHAdd.{0} Real Real.instAdd)
                          (@Subtype.val.{1} Real
                            (fun (x : Real) =>
                              @Membership.mem.{0, 0} Real (Set.{0} Real) (@Set.instMembership.{0} Real)
                                (@Set.Icc.{0} Real Real.instPreorder a b) x)
                            t)
                          (radiusAt t)))
                      a)) =>
              @And.casesOn.{0}
                (@Membership.mem.{0, 0} (@Set.Elem.{0} Real (@Set.Icc.{0} Real Real.instPreorder a b))
                  (Finset.{0} (@Set.Elem.{0} Real (@Set.Icc.{0} Real Real.instPreorder a b)))
                  (@Finset.instMembership.{0} (@Set.Elem.{0} Real (@Set.Icc.{0} Real Real.instPreorder a b))) S t)
                (@Membership.mem.{0, 0} Real (Set.{0} Real) (@Set.instMembership.{0} Real)
                  (@Set.Ioo.{0} Real Real.instPreorder
                    (@HSub.hSub.{0, 0, 0} Real Real Real (@instHSub.{0} Real Real.instSub)
                      (@Subtype.val.{1} Real
                        (fun (x : Real) =>
                          @Membership.mem.{0, 0} Real (Set.{0} Real) (@Set.instMembership.{0} Real)
                            (@Set.Icc.{0} Real Real.instPreorder a b) x)
                        t)
                      (radiusAt t))
                    (@HAdd.hAdd.{0, 0, 0} Real Real Real (@instHAdd.{0} Real Real.instAdd)
                      (@Subtype.val.{1} Real
                        (fun (x : Real) =>
                          @Membership.mem.{0, 0} Real (Set.{0} Real) (@Set.instMembership.{0} Real)
                            (@Set.Icc.{0} Real Real.instPreorder a b) x)
                        t)
                      (radiusAt t)))
                  a)
                (fun
                    (x :
                      And
                        (@Membership.mem.{0, 0} (@Set.Elem.{0} Real (@Set.Icc.{0} Real Real.instPreorder a b))
                          (Finset.{0} (@Set.Elem.{0} Real (@Set.Icc.{0} Real Real.instPreorder a b)))
                          (@Finset.instMembership.{0} (@Set.Elem.{0} Real (@Set.Icc.{0} Real Real.instPreorder a b))) S
                          t)
                        (@Membership.mem.{0, 0} Real (Set.{0} Real) (@Set.instMembership.{0} Real)
                          (@Set.Ioo.{0} Real Real.instPreorder
                            (@HSub.hSub.{0, 0, 0} Real Real Real (@instHSub.{0} Real Real.instSub)
                              (@Subtype.val.{1} Real
                                (fun (x : Real) =>
                                  @Membership.mem.{0, 0} Real (Set.{0} Real) (@Set.instMembership.{0} Real)
                                    (@Set.Icc.{0} Real Real.instPreorder a b) x)
                                t)
                              (radiusAt t))
                            (@HAdd.hAdd.{0, 0, 0} Real Real Real (@instHAdd.{0} Real Real.instAdd)
                              (@Subtype.val.{1} Real
                                (fun (x : Real) =>
                                  @Membership.mem.{0, 0} Real (Set.{0} Real) (@Set.instMembership.{0} Real)
                                    (@Set.Icc.{0} Real Real.instPreorder a b) x)
                                t)
                              (radiusAt t)))
                          a)) =>
                  @Finset.Nonempty.{0} (@Set.Elem.{0} Real (@Set.Icc.{0} Real Real.instPreorder a b)) S)
                h
                fun
                  (ht :
                    @Membership.mem.{0, 0} (@Set.Elem.{0} Real (@Set.Icc.{0} Real Real.instPreorder a b))
                      (Finset.{0} (@Set.Elem.{0} Real (@Set.Icc.{0} Real Real.instPreorder a b)))
                      (@Finset.instMembership.{0} (@Set.Elem.{0} Real (@Set.Icc.{0} Real Real.instPreorder a b))) S t)
                  (right :
                    @Membership.mem.{0, 0} Real (Set.{0} Real) (@Set.instMembership.{0} Real)
                      (@Set.Ioo.{0} Real Real.instPreorder
                        (@HSub.hSub.{0, 0, 0} Real Real Real (@instHSub.{0} Real Real.instSub)
                          (@Subtype.val.{1} Real
                            (fun (x : Real) =>
                              @Membership.mem.{0, 0} Real (Set.{0} Real) (@Set.instMembership.{0} Real)
                                (@Set.Icc.{0} Real Real.instPreorder a b) x)
                            t)
                          (radiusAt t))
                        (@HAdd.hAdd.{0, 0, 0} Real Real Real (@instHAdd.{0} Real Real.instAdd)
                          (@Subtype.val.{1} Real
                            (fun (x : Real) =>
                              @Membership.mem.{0, 0} Real (Set.{0} Real) (@Set.instMembership.{0} Real)
                                (@Set.Icc.{0} Real Real.instPreorder a b) x)
                            t)
                          (radiusAt t)))
                      a) =>
                @Exists.intro.{1} (@Set.Elem.{0} Real (@Set.Icc.{0} Real Real.instPreorder a b))
                  (fun (x : @Set.Elem.{0} Real (@Set.Icc.{0} Real Real.instPreorder a b)) =>
                    @Membership.mem.{0, 0} (@Set.Elem.{0} Real (@Set.Icc.{0} Real Real.instPreorder a b))
                      (Finset.{0} (@Set.Elem.{0} Real (@Set.Icc.{0} Real Real.instPreorder a b)))
                      (@Finset.instMembership.{0} (@Set.Elem.{0} Real (@Set.Icc.{0} Real Real.instPreorder a b))) S x)
                  t ht;
          let Selected : ⋯ :=
            @Subtype.{1} (@Set.Elem.{0} Real (@Set.Icc.{0} Real Real.instPreorder a b))
              fun (t : @Set.Elem.{0} Real (@Set.Icc.{0} Real Real.instPreorder a b)) =>
              @Membership.mem.{0, 0} (@Set.Elem.{0} Real (@Set.Icc.{0} Real Real.instPreorder a b))
                (Finset.{0} (@Set.Elem.{0} Real (@Set.Icc.{0} Real Real.instPreorder a b)))
                (@Finset.instMembership.{0} (@Set.Elem.{0} Real (@Set.Icc.{0} Real Real.instPreorder a b))) S t;
          have hSelectedNonempty : ⋯ :=
            @Exists.casesOn.{1} (@Set.Elem.{0} Real (@Set.Icc.{0} Real Real.instPreorder a b))
              (fun (t : @Set.Elem.{0} Real (@Set.Icc.{0} Real Real.instPreorder a b)) =>
                And
                  (@Membership.mem.{0, 0} (@Set.Elem.{0} Real (@Set.Icc.{0} Real Real.instPreorder a b))
                    (Finset.{0} (@Set.Elem.{0} Real (@Set.Icc.{0} Real Real.instPreorder a b)))
                    (@Finset.instMembership.{0} (@Set.Elem.{0} Real (@Set.Icc.{0} Real Real.instPreorder a b))) S t)
                  (@Membership.mem.{0, 0} Real (Set.{0} Real) (@Set.instMembership.{0} Real)
                    (@Set.Ioo.{0} Real Real.instPreorder
                      (@HSub.hSub.{0, 0, 0} Real Real Real (@instHSub.{0} Real Real.instSub)
                        (@Subtype.val.{1} Real
                          (fun (x : Real) =>
                            @Membership.mem.{0, 0} Real (Set.{0} Real) (@Set.instMembership.{0} Real)
                              (@Set.Icc.{0} Real Real.instPreorder a b) x)
                          t)
                        (radiusAt t))
                      (@HAdd.hAdd.{0, 0, 0} Real Real Real (@instHAdd.{0} Real Real.instAdd)
                        (@Subtype.val.{1} Real
                          (fun (x : Real) =>
                            @Membership.mem.{0, 0} Real (Set.{0} Real) (@Set.instMembership.{0} Real)
                              (@Set.Icc.{0} Real Real.instPreorder a b) x)
                          t)
                        (radiusAt t)))
                    a))
              (fun
                  (x :
                    @Exists.{1} (@Set.Elem.{0} Real (@Set.Icc.{0} Real Real.instPreorder a b))
                      fun (t : @Set.Elem.{0} Real (@Set.Icc.{0} Real Real.instPreorder a b)) =>
                      And
                        (@Membership.mem.{0, 0} (@Set.Elem.{0} Real (@Set.Icc.{0} Real Real.instPreorder a b))
                          (Finset.{0} (@Set.Elem.{0} Real (@Set.Icc.{0} Real Real.instPreorder a b)))
                          (@Finset.instMembership.{0} (@Set.Elem.{0} Real (@Set.Icc.{0} Real Real.instPreorder a b))) S
                          t)
                        (@Membership.mem.{0, 0} Real (Set.{0} Real) (@Set.instMembership.{0} Real)
                          (@Set.Ioo.{0} Real Real.instPreorder
                            (@HSub.hSub.{0, 0, 0} Real Real Real (@instHSub.{0} Real Real.instSub)
                              (@Subtype.val.{1} Real
                                (fun (x : Real) =>
                                  @Membership.mem.{0, 0} Real (Set.{0} Real) (@Set.instMembership.{0} Real)
                                    (@Set.Icc.{0} Real Real.instPreorder a b) x)
                                t)
                              (radiusAt t))
                            (@HAdd.hAdd.{0, 0, 0} Real Real Real (@instHAdd.{0} Real Real.instAdd)
                              (@Subtype.val.{1} Real
                                (fun (x : Real) =>
                                  @Membership.mem.{0, 0} Real (Set.{0} Real) (@Set.instMembership.{0} Real)
                                    (@Set.Icc.{0} Real Real.instPreorder a b) x)
                                t)
                              (radiusAt t)))
                          a)) =>
                Nonempty.{1} Selected)
              (hScover a (@le_rfl.{0} Real Real.instPreorder a) hab)
              fun (t : @Set.Elem.{0} Real (@Set.Icc.{0} Real Real.instPreorder a b))
                (h :
                  And
                    (@Membership.mem.{0, 0} (@Set.Elem.{0} Real (@Set.Icc.{0} Real Real.instPreorder a b))
                      (Finset.{0} (@Set.Elem.{0} Real (@Set.Icc.{0} Real Real.instPreorder a b)))
                      (@Finset.instMembership.{0} (@Set.Elem.{0} Real (@Set.Icc.{0} Real Real.instPreorder a b))) S t)
                    (@Membership.mem.{0, 0} Real (Set.{0} Real) (@Set.instMembership.{0} Real)
                      (@Set.Ioo.{0} Real Real.instPreorder
                        (@HSub.hSub.{0, 0, 0} Real Real Real (@instHSub.{0} Real Real.instSub)
                          (@Subtype.val.{1} Real
                            (fun (x : Real) =>
                              @Membership.mem.{0, 0} Real (Set.{0} Real) (@Set.instMembership.{0} Real)
                                (@Set.Icc.{0} Real Real.instPreorder a b) x)
                            t)
                          (radiusAt t))
                        (@HAdd.hAdd.{0, 0, 0} Real Real Real (@instHAdd.{0} Real Real.instAdd)
                          (@Subtype.val.{1} Real
                            (fun (x : Real) =>
                              @Membership.mem.{0, 0} Real (Set.{0} Real) (@Set.instMembership.{0} Real)
                                (@Set.Icc.{0} Real Real.instPreorder a b) x)
                            t)
                          (radiusAt t)))
                      a)) =>
              @And.casesOn.{0}
                (@Membership.mem.{0, 0} (@Set.Elem.{0} Real (@Set.Icc.{0} Real Real.instPreorder a b))
                  (Finset.{0} (@Set.Elem.{0} Real (@Set.Icc.{0} Real Real.instPreorder a b)))
                  (@Finset.instMembership.{0} (@Set.Elem.{0} Real (@Set.Icc.{0} Real Real.instPreorder a b))) S t)
                (@Membership.mem.{0, 0} Real (Set.{0} Real) (@Set.instMembership.{0} Real)
                  (@Set.Ioo.{0} Real Real.instPreorder
                    (@HSub.hSub.{0, 0, 0} Real Real Real (@instHSub.{0} Real Real.instSub)
                      (@Subtype.val.{1} Real
                        (fun (x : Real) =>
                          @Membership.mem.{0, 0} Real (Set.{0} Real) (@Set.instMembership.{0} Real)
                            (@Set.Icc.{0} Real Real.instPreorder a b) x)
                        t)
                      (radiusAt t))
                    (@HAdd.hAdd.{0, 0, 0} Real Real Real (@instHAdd.{0} Real Real.instAdd)
                      (@Subtype.val.{1} Real
                        (fun (x : Real) =>
                          @Membership.mem.{0, 0} Real (Set.{0} Real) (@Set.instMembership.{0} Real)
                            (@Set.Icc.{0} Real Real.instPreorder a b) x)
                        t)
                      (radiusAt t)))
                  a)
                (fun
                    (x :
                      And
                        (@Membership.mem.{0, 0} (@Set.Elem.{0} Real (@Set.Icc.{0} Real Real.instPreorder a b))
                          (Finset.{0} (@Set.Elem.{0} Real (@Set.Icc.{0} Real Real.instPreorder a b)))
                          (@Finset.instMembership.{0} (@Set.Elem.{0} Real (@Set.Icc.{0} Real Real.instPreorder a b))) S
                          t)
                        (@Membership.mem.{0, 0} Real (Set.{0} Real) (@Set.instMembership.{0} Real)
                          (@Set.Ioo.{0} Real Real.instPreorder
                            (@HSub.hSub.{0, 0, 0} Real Real Real (@instHSub.{0} Real Real.instSub)
                              (@Subtype.val.{1} Real
                                (fun (x : Real) =>
                                  @Membership.mem.{0, 0} Real (Set.{0} Real) (@Set.instMembership.{0} Real)
                                    (@Set.Icc.{0} Real Real.instPreorder a b) x)
                                t)
                              (radiusAt t))
                            (@HAdd.hAdd.{0, 0, 0} Real Real Real (@instHAdd.{0} Real Real.instAdd)
                              (@Subtype.val.{1} Real
                                (fun (x : Real) =>
                                  @Membership.mem.{0, 0} Real (Set.{0} Real) (@Set.instMembership.{0} Real)
                                    (@Set.Icc.{0} Real Real.instPreorder a b) x)
                                t)
                              (radiusAt t)))
                          a)) =>
                  Nonempty.{1} Selected)
                h
                fun
                  (ht :
                    @Membership.mem.{0, 0} (@Set.Elem.{0} Real (@Set.Icc.{0} Real Real.instPreorder a b))
                      (Finset.{0} (@Set.Elem.{0} Real (@Set.Icc.{0} Real Real.instPreorder a b)))
                      (@Finset.instMembership.{0} (@Set.Elem.{0} Real (@Set.Icc.{0} Real Real.instPreorder a b))) S t)
                  (right :
                    @Membership.mem.{0, 0} Real (Set.{0} Real) (@Set.instMembership.{0} Real)
                      (@Set.Ioo.{0} Real Real.instPreorder
                        (@HSub.hSub.{0, 0, 0} Real Real Real (@instHSub.{0} Real Real.instSub)
                          (@Subtype.val.{1} Real
                            (fun (x : Real) =>
                              @Membership.mem.{0, 0} Real (Set.{0} Real) (@Set.instMembership.{0} Real)
                                (@Set.Icc.{0} Real Real.instPreorder a b) x)
                            t)
                          (radiusAt t))
                        (@HAdd.hAdd.{0, 0, 0} Real Real Real (@instHAdd.{0} Real Real.instAdd)
                          (@Subtype.val.{1} Real
                            (fun (x : Real) =>
                              @Membership.mem.{0, 0} Real (Set.{0} Real) (@Set.instMembership.{0} Real)
                                (@Set.Icc.{0} Real Real.instPreorder a b) x)
                            t)
                          (radiusAt t)))
                      a) =>
                @Nonempty.intro.{1} Selected
                  (@Subtype.mk.{1} (@Set.Elem.{0} Real (@Set.Icc.{0} Real Real.instPreorder a b))
                    (fun (t : @Set.Elem.{0} Real (@Set.Icc.{0} Real Real.instPreorder a b)) =>
                      @Membership.mem.{0, 0} (@Set.Elem.{0} Real (@Set.Icc.{0} Real Real.instPreorder a b))
                        (Finset.{0} (@Set.Elem.{0} Real (@Set.Icc.{0} Real Real.instPreorder a b)))
                        (@Finset.instMembership.{0} (@Set.Elem.{0} Real (@Set.Icc.{0} Real Real.instPreorder a b))) S t)
                    t ht);
          let N : ⋯ :=
            @Fintype.card.{0} Selected
              (@Fintype.ofFinite.{0} Selected
                (@Finite.of_fintype.{0} Selected
                  (@Finset.Subtype.fintype.{0} (@Set.Elem.{0} Real (@Set.Icc.{0} Real Real.instPreorder a b)) S)));
          have hN : ⋯ :=
            @id.{0} (@LT.lt.{0} Nat instLTNat (@OfNat.ofNat.{0} Nat (nat_lit 0) (instOfNatNat (nat_lit 0))) N)
              (@Iff.mpr
                (@LT.lt.{0} Nat instLTNat (@OfNat.ofNat.{0} Nat (nat_lit 0) (instOfNatNat (nat_lit 0)))
                  (@Fintype.card.{0} Selected
                    (@Fintype.ofFinite.{0} Selected
                      (@Finite.of_fintype.{0} Selected
                        (@Finset.Subtype.fintype.{0} (@Set.Elem.{0} Real (@Set.Icc.{0} Real Real.instPreorder a b))
                          S)))))
                (Nonempty.{1} Selected)
                (@Fintype.card_pos_iff.{0} Selected
                  (@Fintype.ofFinite.{0} Selected
                    (@Finite.of_fintype.{0} Selected
                      (@Finset.Subtype.fintype.{0} (@Set.Elem.{0} Real (@Set.Icc.{0} Real Real.instPreorder a b)) S))))
                hSelectedNonempty);
          let order : ⋯ :=
            @Fintype.orderIsoFinOfCardEq.{0} Selected
              (@Subtype.instLinearOrder.{0} (@Set.Elem.{0} Real (@Set.Icc.{0} Real Real.instPreorder a b))
                (@Subtype.instLinearOrder.{0} Real Real.linearOrder fun (x : Real) =>
                  @Membership.mem.{0, 0} Real (Set.{0} Real) (@Set.instMembership.{0} Real)
                    (@Set.Icc.{0} Real Real.instPreorder a b) x)
                fun (t : @Set.Elem.{0} Real (@Set.Icc.{0} Real Real.instPreorder a b)) =>
                @Membership.mem.{0, 0} (@Set.Elem.{0} Real (@Set.Icc.{0} Real Real.instPreorder a b))
                  (Finset.{0} (@Set.Elem.{0} Real (@Set.Icc.{0} Real Real.instPreorder a b)))
                  (@Finset.instMembership.{0} (@Set.Elem.{0} Real (@Set.Icc.{0} Real Real.instPreorder a b))) S t)
              (@Fintype.ofFinite.{0} Selected
                (@Finite.of_fintype.{0} Selected
                  (@Finset.Subtype.fintype.{0} (@Set.Elem.{0} Real (@Set.Icc.{0} Real Real.instPreorder a b)) S)))
              N
              (@rfl.{1} Nat
                (@Fintype.card.{0} Selected
                  (@Fintype.ofFinite.{0} Selected
                    (@Finite.of_fintype.{0} Selected
                      (@Finset.Subtype.fintype.{0} (@Set.Elem.{0} Real (@Set.Icc.{0} Real Real.instPreorder a b))
                        S)))));
          let centers : ⋯ := fun (j : Fin N) =>
            @Subtype.val.{1} Real
              (fun (x : Real) =>
                @Membership.mem.{0, 0} Real (Set.{0} Real) (@Set.instMembership.{0} Real)
                  (@Set.Icc.{0} Real Real.instPreorder a b) x)
              (@Subtype.val.{1} (@Set.Elem.{0} Real (@Set.Icc.{0} Real Real.instPreorder a b))
                (fun (t : @Set.Elem.{0} Real (@Set.Icc.{0} Real Real.instPreorder a b)) =>
                  @Membership.mem.{0, 0} (@Set.Elem.{0} Real (@Set.Icc.{0} Real Real.instPreorder a b))
                    (Finset.{0} (@Set.Elem.{0} Real (@Set.Icc.{0} Real Real.instPreorder a b)))
                    (@Finset.instMembership.{0} (@Set.Elem.{0} Real (@Set.Icc.{0} Real Real.instPreorder a b))) S t)
                (@DFunLike.coe.{1, 1, 1}
                  (@OrderIso.{0, 0} (Fin N) Selected (@instLEFin N)
                    (@Subtype.instLE.{0} (@Set.Elem.{0} Real (@Set.Icc.{0} Real Real.instPreorder a b))
                      (@Subtype.instLE.{0} Real Real.instLE fun (x : Real) =>
                        @Membership.mem.{0, 0} Real (Set.{0} Real) (@Set.instMembership.{0} Real)
                          (@Set.Icc.{0} Real Real.instPreorder a b) x)
                      fun (t : @Set.Elem.{0} Real (@Set.Icc.{0} Real Real.instPreorder a b)) =>
                      @Membership.mem.{0, 0} (@Set.Elem.{0} Real (@Set.Icc.{0} Real Real.instPreorder a b))
                        (Finset.{0} (@Set.Elem.{0} Real (@Set.Icc.{0} Real Real.instPreorder a b)))
                        (@Finset.instMembership.{0} (@Set.Elem.{0} Real (@Set.Icc.{0} Real Real.instPreorder a b))) S
                        t))
                  (Fin N) (fun (x : Fin N) => Selected)
                  (@instFunLikeOrderIso.{0, 0} (Fin N) Selected (@instLEFin N)
                    (@Subtype.instLE.{0} (@Set.Elem.{0} Real (@Set.Icc.{0} Real Real.instPreorder a b))
                      (@Subtype.instLE.{0} Real Real.instLE fun (x : Real) =>
                        @Membership.mem.{0, 0} Real (Set.{0} Real) (@Set.instMembership.{0} Real)
                          (@Set.Icc.{0} Real Real.instPreorder a b) x)
                      fun (t : @Set.Elem.{0} Real (@Set.Icc.{0} Real Real.instPreorder a b)) =>
                      @Membership.mem.{0, 0} (@Set.Elem.{0} Real (@Set.Icc.{0} Real Real.instPreorder a b))
                        (Finset.{0} (@Set.Elem.{0} Real (@Set.Icc.{0} Real Real.instPreorder a b)))
                        (@Finset.instMembership.{0} (@Set.Elem.{0} Real (@Set.Icc.{0} Real Real.instPreorder a b))) S
                        t))
                  order j));
          let radii : ⋯ := fun (j : Fin N) =>
            radiusAt
              (@Subtype.val.{1} (@Set.Elem.{0} Real (@Set.Icc.{0} Real Real.instPreorder a b))
                (fun (t : @Set.Elem.{0} Real (@Set.Icc.{0} Real Real.instPreorder a b)) =>
                  @Membership.mem.{0, 0} (@Set.Elem.{0} Real (@Set.Icc.{0} Real Real.instPreorder a b))
                    (Finset.{0} (@Set.Elem.{0} Real (@Set.Icc.{0} Real Real.instPreorder a b)))
                    (@Finset.instMembership.{0} (@Set.Elem.{0} Real (@Set.Icc.{0} Real Real.instPreorder a b))) S t)
                (@DFunLike.coe.{1, 1, 1}
                  (@OrderIso.{0, 0} (Fin N) Selected (@instLEFin N)
                    (@Subtype.instLE.{0} (@Set.Elem.{0} Real (@Set.Icc.{0} Real Real.instPreorder a b))
                      (@Subtype.instLE.{0} Real Real.instLE fun (x : Real) =>
                        @Membership.mem.{0, 0} Real (Set.{0} Real) (@Set.instMembership.{0} Real)
                          (@Set.Icc.{0} Real Real.instPreorder a b) x)
                      fun (t : @Set.Elem.{0} Real (@Set.Icc.{0} Real Real.instPreorder a b)) =>
                      @Membership.mem.{0, 0} (@Set.Elem.{0} Real (@Set.Icc.{0} Real Real.instPreorder a b))
                        (Finset.{0} (@Set.Elem.{0} Real (@Set.Icc.{0} Real Real.instPreorder a b)))
                        (@Finset.instMembership.{0} (@Set.Elem.{0} Real (@Set.Icc.{0} Real Real.instPreorder a b))) S
                        t))
                  (Fin N) (fun (x : Fin N) => Selected)
                  (@instFunLikeOrderIso.{0, 0} (Fin N) Selected (@instLEFin N)
                    (@Subtype.instLE.{0} (@Set.Elem.{0} Real (@Set.Icc.{0} Real Real.instPreorder a b))
                      (@Subtype.instLE.{0} Real Real.instLE fun (x : Real) =>
                        @Membership.mem.{0, 0} Real (Set.{0} Real) (@Set.instMembership.{0} Real)
                          (@Set.Icc.{0} Real Real.instPreorder a b) x)
                      fun (t : @Set.Elem.{0} Real (@Set.Icc.{0} Real Real.instPreorder a b)) =>
                      @Membership.mem.{0, 0} (@Set.Elem.{0} Real (@Set.Icc.{0} Real Real.instPreorder a b))
                        (Finset.{0} (@Set.Elem.{0} Real (@Set.Icc.{0} Real Real.instPreorder a b)))
                        (@Finset.instMembership.{0} (@Set.Elem.{0} Real (@Set.Icc.{0} Real Real.instPreorder a b))) S
                        t))
                  order j));
          let gammas : ⋯ := fun (j : Fin N) =>
            @N33Affine.LocalWindowData.gamma m a b E
              (@Subtype.val.{1} Real
                (fun (x : Real) =>
                  @Membership.mem.{0, 0} Real (Set.{0} Real) (@Set.instMembership.{0} Real)
                    (@Set.Icc.{0} Real Real.instPreorder a b) x)
                (@Subtype.val.{1} (@Set.Elem.{0} Real (@Set.Icc.{0} Real Real.instPreorder a b))
                  (fun (t : @Set.Elem.{0} Real (@Set.Icc.{0} Real Real.instPreorder a b)) =>
                    @Membership.mem.{0, 0} (@Set.Elem.{0} Real (@Set.Icc.{0} Real Real.instPreorder a b))
                      (Finset.{0} (@Set.Elem.{0} Real (@Set.Icc.{0} Real Real.instPreorder a b)))
                      (@Finset.instMembership.{0} (@Set.Elem.{0} Real (@Set.Icc.{0} Real Real.instPreorder a b))) S t)
                  (@DFunLike.coe.{1, 1, 1}
                    (@OrderIso.{0, 0} (Fin N) Selected (@instLEFin N)
                      (@Subtype.instLE.{0} (@Set.Elem.{0} Real (@Set.Icc.{0} Real Real.instPreorder a b))
                        (@Subtype.instLE.{0} Real Real.instLE fun (x : Real) =>
                          @Membership.mem.{0, 0} Real (Set.{0} Real) (@Set.instMembership.{0} Real)
                            (@Set.Icc.{0} Real Real.instPreorder a b) x)
                        fun (t : @Set.Elem.{0} Real (@Set.Icc.{0} Real Real.instPreorder a b)) =>
                        @Membership.mem.{0, 0} (@Set.Elem.{0} Real (@Set.Icc.{0} Real Real.instPreorder a b))
                          (Finset.{0} (@Set.Elem.{0} Real (@Set.Icc.{0} Real Real.instPreorder a b)))
                          (@Finset.instMembership.{0} (@Set.Elem.{0} Real (@Set.Icc.{0} Real Real.instPreorder a b))) S
                          t))
                    (Fin N) (fun (x : Fin N) => Selected)
                    (@instFunLikeOrderIso.{0, 0} (Fin N) Selected (@instLEFin N)
                      (@Subtype.instLE.{0} (@Set.Elem.{0} Real (@Set.Icc.{0} Real Real.instPreorder a b))
                        (@Subtype.instLE.{0} Real Real.instLE fun (x : Real) =>
                          @Membership.mem.{0, 0} Real (Set.{0} Real) (@Set.instMembership.{0} Real)
                            (@Set.Icc.{0} Real Real.instPreorder a b) x)
                        fun (t : @Set.Elem.{0} Real (@Set.Icc.{0} Real Real.instPreorder a b)) =>
                        @Membership.mem.{0, 0} (@Set.Elem.{0} Real (@Set.Icc.{0} Real Real.instPreorder a b))
                          (Finset.{0} (@Set.Elem.{0} Real (@Set.Icc.{0} Real Real.instPreorder a b)))
                          (@Finset.instMembership.{0} (@Set.Elem.{0} Real (@Set.Icc.{0} Real Real.instPreorder a b))) S
                          t))
                    order j)))
              (W
                (@Subtype.val.{1} (@Set.Elem.{0} Real (@Set.Icc.{0} Real Real.instPreorder a b))
                  (fun (t : @Set.Elem.{0} Real (@Set.Icc.{0} Real Real.instPreorder a b)) =>
                    @Membership.mem.{0, 0} (@Set.Elem.{0} Real (@Set.Icc.{0} Real Real.instPreorder a b))
                      (Finset.{0} (@Set.Elem.{0} Real (@Set.Icc.{0} Real Real.instPreorder a b)))
                      (@Finset.instMembership.{0} (@Set.Elem.{0} Real (@Set.Icc.{0} Real Real.instPreorder a b))) S t)
                  (@DFunLike.coe.{1, 1, 1}
                    (@OrderIso.{0, 0} (Fin N) Selected (@instLEFin N)
                      (@Subtype.instLE.{0} (@Set.Elem.{0} Real (@Set.Icc.{0} Real Real.instPreorder a b))
                        (@Subtype.instLE.{0} Real Real.instLE fun (x : Real) =>
                          @Membership.mem.{0, 0} Real (Set.{0} Real) (@Set.instMembership.{0} Real)
                            (@Set.Icc.{0} Real Real.instPreorder a b) x)
                        fun (t : @Set.Elem.{0} Real (@Set.Icc.{0} Real Real.instPreorder a b)) =>
                        @Membership.mem.{0, 0} (@Set.Elem.{0} Real (@Set.Icc.{0} Real Real.instPreorder a b))
                          (Finset.{0} (@Set.Elem.{0} Real (@Set.Icc.{0} Real Real.instPreorder a b)))
                          (@Finset.instMembership.{0} (@Set.Elem.{0} Real (@Set.Icc.{0} Real Real.instPreorder a b))) S
                          t))
                    (Fin N) (fun (x : Fin N) => Selected)
                    (@instFunLikeOrderIso.{0, 0} (Fin N) Selected (@instLEFin N)
                      (@Subtype.instLE.{0} (@Set.Elem.{0} Real (@Set.Icc.{0} Real Real.instPreorder a b))
                        (@Subtype.instLE.{0} Real Real.instLE fun (x : Real) =>
                          @Membership.mem.{0, 0} Real (Set.{0} Real) (@Set.instMembership.{0} Real)
                            (@Set.Icc.{0} Real Real.instPreorder a b) x)
                        fun (t : @Set.Elem.{0} Real (@Set.Icc.{0} Real Real.instPreorder a b)) =>
                        @Membership.mem.{0, 0} (@Set.Elem.{0} Real (@Set.Icc.{0} Real Real.instPreorder a b))
                          (Finset.{0} (@Set.Elem.{0} Real (@Set.Icc.{0} Real Real.instPreorder a b)))
                          (@Finset.instMembership.{0} (@Set.Elem.{0} Real (@Set.Icc.{0} Real Real.instPreorder a b))) S
                          t))
                    order j)));
          let families : ⋯ := fun (j : Fin N) =>
            @N33Affine.BoxFamily.family m a b
              (@N33Affine.LocalWindowData.family m a b E
                (@Subtype.val.{1} Real
                  (fun (x : Real) =>
                    @Membership.mem.{0, 0} Real (Set.{0} Real) (@Set.instMembership.{0} Real)
                      (@Set.Icc.{0} Real Real.instPreorder a b) x)
                  (@Subtype.val.{1} (@Set.Elem.{0} Real (@Set.Icc.{0} Real Real.instPreorder a b))
                    (fun (t : @Set.Elem.{0} Real (@Set.Icc.{0} Real Real.instPreorder a b)) =>
                      @Membership.mem.{0, 0} (@Set.Elem.{0} Real (@Set.Icc.{0} Real Real.instPreorder a b))
                        (Finset.{0} (@Set.Elem.{0} Real (@Set.Icc.{0} Real Real.instPreorder a b)))
                        (@Finset.instMembership.{0} (@Set.Elem.{0} Real (@Set.Icc.{0} Real Real.instPreorder a b))) S t)
                    (@DFunLike.coe.{1, 1, 1}
                      (@OrderIso.{0, 0} (Fin N) Selected (@instLEFin N)
                        (@Subtype.instLE.{0} (@Set.Elem.{0} Real (@Set.Icc.{0} Real Real.instPreorder a b))
                          (@Subtype.instLE.{0} Real Real.instLE fun (x : Real) =>
                            @Membership.mem.{0, 0} Real (Set.{0} Real) (@Set.instMembership.{0} Real)
                              (@Set.Icc.{0} Real Real.instPreorder a b) x)
                          fun (t : @Set.Elem.{0} Real (@Set.Icc.{0} Real Real.instPreorder a b)) =>
                          @Membership.mem.{0, 0} (@Set.Elem.{0} Real (@Set.Icc.{0} Real Real.instPreorder a b))
                            (Finset.{0} (@Set.Elem.{0} Real (@Set.Icc.{0} Real Real.instPreorder a b)))
                            (@Finset.instMembership.{0} (@Set.Elem.{0} Real (@Set.Icc.{0} Real Real.instPreorder a b)))
                            S t))
                      (Fin N) (fun (x : Fin N) => Selected)
                      (@instFunLikeOrderIso.{0, 0} (Fin N) Selected (@instLEFin N)
                        (@Subtype.instLE.{0} (@Set.Elem.{0} Real (@Set.Icc.{0} Real Real.instPreorder a b))
                          (@Subtype.instLE.{0} Real Real.instLE fun (x : Real) =>
                            @Membership.mem.{0, 0} Real (Set.{0} Real) (@Set.instMembership.{0} Real)
                              (@Set.Icc.{0} Real Real.instPreorder a b) x)
                          fun (t : @Set.Elem.{0} Real (@Set.Icc.{0} Real Real.instPreorder a b)) =>
                          @Membership.mem.{0, 0} (@Set.Elem.{0} Real (@Set.Icc.{0} Real Real.instPreorder a b))
                            (Finset.{0} (@Set.Elem.{0} Real (@Set.Icc.{0} Real Real.instPreorder a b)))
                            (@Finset.instMembership.{0} (@Set.Elem.{0} Real (@Set.Icc.{0} Real Real.instPreorder a b)))
                            S t))
                      order j)))
                (W
                  (@Subtype.val.{1} (@Set.Elem.{0} Real (@Set.Icc.{0} Real Real.instPreorder a b))
                    (fun (t : @Set.Elem.{0} Real (@Set.Icc.{0} Real Real.instPreorder a b)) =>
                      @Membership.mem.{0, 0} (@Set.Elem.{0} Real (@Set.Icc.{0} Real Real.instPreorder a b))
                        (Finset.{0} (@Set.Elem.{0} Real (@Set.Icc.{0} Real Real.instPreorder a b)))
                        (@Finset.instMembership.{0} (@Set.Elem.{0} Real (@Set.Icc.{0} Real Real.instPreorder a b))) S t)
                    (@DFunLike.coe.{1, 1, 1}
                      (@OrderIso.{0, 0} (Fin N) Selected (@instLEFin N)
                        (@Subtype.instLE.{0} (@Set.Elem.{0} Real (@Set.Icc.{0} Real Real.instPreorder a b))
                          (@Subtype.instLE.{0} Real Real.instLE fun (x : Real) =>
                            @Membership.mem.{0, 0} Real (Set.{0} Real) (@Set.instMembership.{0} Real)
                              (@Set.Icc.{0} Real Real.instPreorder a b) x)
                          fun (t : @Set.Elem.{0} Real (@Set.Icc.{0} Real Real.instPreorder a b)) =>
                          @Membership.mem.{0, 0} (@Set.Elem.{0} Real (@Set.Icc.{0} Real Real.instPreorder a b))
                            (Finset.{0} (@Set.Elem.{0} Real (@Set.Icc.{0} Real Real.instPreorder a b)))
                            (@Finset.instMembership.{0} (@Set.Elem.{0} Real (@Set.Icc.{0} Real Real.instPreorder a b)))
                            S t))
                      (Fin N) (fun (x : Fin N) => Selected)
                      (@instFunLikeOrderIso.{0, 0} (Fin N) Selected (@instLEFin N)
                        (@Subtype.instLE.{0} (@Set.Elem.{0} Real (@Set.Icc.{0} Real Real.instPreorder a b))
                          (@Subtype.instLE.{0} Real Real.instLE fun (x : Real) =>
                            @Membership.mem.{0, 0} Real (Set.{0} Real) (@Set.instMembership.{0} Real)
                              (@Set.Icc.{0} Real Real.instPreorder a b) x)
                          fun (t : @Set.Elem.{0} Real (@Set.Icc.{0} Real Real.instPreorder a b)) =>
                          @Membership.mem.{0, 0} (@Set.Elem.{0} Real (@Set.Icc.{0} Real Real.instPreorder a b))
                            (Finset.{0} (@Set.Elem.{0} Real (@Set.Icc.{0} Real Real.instPreorder a b)))
                            (@Finset.instMembership.{0} (@Set.Elem.{0} Real (@Set.Icc.{0} Real Real.instPreorder a b)))
                            S t))
                      order j))));
          have hcenterBox : ⋯ := fun (j : Fin N) =>
            @Subtype.property.{1} Real
              (fun (x : Real) =>
                @Membership.mem.{0, 0} Real (Set.{0} Real) (@Set.instMembership.{0} Real)
                  (@Set.Icc.{0} Real Real.instPreorder a b) x)
              (@Subtype.val.{1} (@Set.Elem.{0} Real (@Set.Icc.{0} Real Real.instPreorder a b))
                (fun (t : @Set.Elem.{0} Real (@Set.Icc.{0} Real Real.instPreorder a b)) =>
                  @Membership.mem.{0, 0} (@Set.Elem.{0} Real (@Set.Icc.{0} Real Real.instPreorder a b))
                    (Finset.{0} (@Set.Elem.{0} Real (@Set.Icc.{0} Real Real.instPreorder a b)))
                    (@Finset.instMembership.{0} (@Set.Elem.{0} Real (@Set.Icc.{0} Real Real.instPreorder a b))) S t)
                (@DFunLike.coe.{1, 1, 1}
                  (@OrderIso.{0, 0} (Fin N) Selected (@instLEFin N)
                    (@Subtype.instLE.{0} (@Set.Elem.{0} Real (@Set.Icc.{0} Real Real.instPreorder a b))
                      (@Subtype.instLE.{0} Real Real.instLE fun (x : Real) =>
                        @Membership.mem.{0, 0} Real (Set.{0} Real) (@Set.instMembership.{0} Real)
                          (@Set.Icc.{0} Real Real.instPreorder a b) x)
                      fun (t : @Set.Elem.{0} Real (@Set.Icc.{0} Real Real.instPreorder a b)) =>
                      @Membership.mem.{0, 0} (@Set.Elem.{0} Real (@Set.Icc.{0} Real Real.instPreorder a b))
                        (Finset.{0} (@Set.Elem.{0} Real (@Set.Icc.{0} Real Real.instPreorder a b)))
                        (@Finset.instMembership.{0} (@Set.Elem.{0} Real (@Set.Icc.{0} Real Real.instPreorder a b))) S
                        t))
                  (Fin N) (fun (x : Fin N) => Selected)
                  (@instFunLikeOrderIso.{0, 0} (Fin N) Selected (@instLEFin N)
                    (@Subtype.instLE.{0} (@Set.Elem.{0} Real (@Set.Icc.{0} Real Real.instPreorder a b))
                      (@Subtype.instLE.{0} Real Real.instLE fun (x : Real) =>
                        @Membership.mem.{0, 0} Real (Set.{0} Real) (@Set.instMembership.{0} Real)
                          (@Set.Icc.{0} Real Real.instPreorder a b) x)
                      fun (t : @Set.Elem.{0} Real (@Set.Icc.{0} Real Real.instPreorder a b)) =>
                      @Membership.mem.{0, 0} (@Set.Elem.{0} Real (@Set.Icc.{0} Real Real.instPreorder a b))
                        (Finset.{0} (@Set.Elem.{0} Real (@Set.Icc.{0} Real Real.instPreorder a b)))
                        (@Finset.instMembership.{0} (@Set.Elem.{0} Real (@Set.Icc.{0} Real Real.instPreorder a b))) S
                        t))
                  order j));
          have hradii : ⋯ := fun (j : Fin N) =>
            hradiusAt
              (@Subtype.val.{1} (@Set.Elem.{0} Real (@Set.Icc.{0} Real Real.instPreorder a b))
                (fun (t : @Set.Elem.{0} Real (@Set.Icc.{0} Real Real.instPreorder a b)) =>
                  @Membership.mem.{0, 0} (@Set.Elem.{0} Real (@Set.Icc.{0} Real Real.instPreorder a b))
                    (Finset.{0} (@Set.Elem.{0} Real (@Set.Icc.{0} Real Real.instPreorder a b)))
                    (@Finset.instMembership.{0} (@Set.Elem.{0} Real (@Set.Icc.{0} Real Real.instPreorder a b))) S t)
                (@DFunLike.coe.{1, 1, 1}
                  (@OrderIso.{0, 0} (Fin N) Selected (@instLEFin N)
                    (@Subtype.instLE.{0} (@Set.Elem.{0} Real (@Set.Icc.{0} Real Real.instPreorder a b))
                      (@Subtype.instLE.{0} Real Real.instLE fun (x : Real) =>
                        @Membership.mem.{0, 0} Real (Set.{0} Real) (@Set.instMembership.{0} Real)
                          (@Set.Icc.{0} Real Real.instPreorder a b) x)
                      fun (t : @Set.Elem.{0} Real (@Set.Icc.{0} Real Real.instPreorder a b)) =>
                      @Membership.mem.{0, 0} (@Set.Elem.{0} Real (@Set.Icc.{0} Real Real.instPreorder a b))
                        (Finset.{0} (@Set.Elem.{0} Real (@Set.Icc.{0} Real Real.instPreorder a b)))
                        (@Finset.instMembership.{0} (@Set.Elem.{0} Real (@Set.Icc.{0} Real Real.instPreorder a b))) S
                        t))
                  (Fin N) (fun (x : Fin N) => Selected)
                  (@instFunLikeOrderIso.{0, 0} (Fin N) Selected (@instLEFin N)
                    (@Subtype.instLE.{0} (@Set.Elem.{0} Real (@Set.Icc.{0} Real Real.instPreorder a b))
                      (@Subtype.instLE.{0} Real Real.instLE fun (x : Real) =>
                        @Membership.mem.{0, 0} Real (Set.{0} Real) (@Set.instMembership.{0} Real)
                          (@Set.Icc.{0} Real Real.instPreorder a b) x)
                      fun (t : @Set.Elem.{0} Real (@Set.Icc.{0} Real Real.instPreorder a b)) =>
                      @Membership.mem.{0, 0} (@Set.Elem.{0} Real (@Set.Icc.{0} Real Real.instPreorder a b))
                        (Finset.{0} (@Set.Elem.{0} Real (@Set.Icc.{0} Real Real.instPreorder a b)))
                        (@Finset.instMembership.{0} (@Set.Elem.{0} Real (@Set.Icc.{0} Real Real.instPreorder a b))) S
                        t))
                  order j));
          have hcenterOrder : ⋯ := fun (i j : Fin N) (hij : @LT.lt.{0} Nat instLTNat (@Fin.val N i) (@Fin.val N j)) =>
            have hij' :
              @LT.lt.{0} Selected
                (@Subtype.instLT.{0} (@Set.Elem.{0} Real (@Set.Icc.{0} Real Real.instPreorder a b))
                  (@Subtype.instLT.{0} Real Real.instLT fun (x : Real) =>
                    @Membership.mem.{0, 0} Real (Set.{0} Real) (@Set.instMembership.{0} Real)
                      (@Set.Icc.{0} Real Real.instPreorder a b) x)
                  fun (t : @Set.Elem.{0} Real (@Set.Icc.{0} Real Real.instPreorder a b)) =>
                  @Membership.mem.{0, 0} (@Set.Elem.{0} Real (@Set.Icc.{0} Real Real.instPreorder a b))
                    (Finset.{0} (@Set.Elem.{0} Real (@Set.Icc.{0} Real Real.instPreorder a b)))
                    (@Finset.instMembership.{0} (@Set.Elem.{0} Real (@Set.Icc.{0} Real Real.instPreorder a b))) S t)
                (@DFunLike.coe.{1, 1, 1}
                  (@OrderIso.{0, 0} (Fin N) Selected (@instLEFin N)
                    (@Subtype.instLE.{0} (@Set.Elem.{0} Real (@Set.Icc.{0} Real Real.instPreorder a b))
                      (@Subtype.instLE.{0} Real Real.instLE fun (x : Real) =>
                        @Membership.mem.{0, 0} Real (Set.{0} Real) (@Set.instMembership.{0} Real)
                          (@Set.Icc.{0} Real Real.instPreorder a b) x)
                      fun (t : @Set.Elem.{0} Real (@Set.Icc.{0} Real Real.instPreorder a b)) =>
                      @Membership.mem.{0, 0} (@Set.Elem.{0} Real (@Set.Icc.{0} Real Real.instPreorder a b))
                        (Finset.{0} (@Set.Elem.{0} Real (@Set.Icc.{0} Real Real.instPreorder a b)))
                        (@Finset.instMembership.{0} (@Set.Elem.{0} Real (@Set.Icc.{0} Real Real.instPreorder a b))) S
                        t))
                  (Fin N) (fun (x : Fin N) => Selected)
                  (@instFunLikeOrderIso.{0, 0} (Fin N) Selected (@instLEFin N)
                    (@Subtype.instLE.{0} (@Set.Elem.{0} Real (@Set.Icc.{0} Real Real.instPreorder a b))
                      (@Subtype.instLE.{0} Real Real.instLE fun (x : Real) =>
                        @Membership.mem.{0, 0} Real (Set.{0} Real) (@Set.instMembership.{0} Real)
                          (@Set.Icc.{0} Real Real.instPreorder a b) x)
                      fun (t : @Set.Elem.{0} Real (@Set.Icc.{0} Real Real.instPreorder a b)) =>
                      @Membership.mem.{0, 0} (@Set.Elem.{0} Real (@Set.Icc.{0} Real Real.instPreorder a b))
                        (Finset.{0} (@Set.Elem.{0} Real (@Set.Icc.{0} Real Real.instPreorder a b)))
                        (@Finset.instMembership.{0} (@Set.Elem.{0} Real (@Set.Icc.{0} Real Real.instPreorder a b))) S
                        t))
                  order i)
                (@DFunLike.coe.{1, 1, 1}
                  (@OrderIso.{0, 0} (Fin N) Selected (@instLEFin N)
                    (@Subtype.instLE.{0} (@Set.Elem.{0} Real (@Set.Icc.{0} Real Real.instPreorder a b))
                      (@Subtype.instLE.{0} Real Real.instLE fun (x : Real) =>
                        @Membership.mem.{0, 0} Real (Set.{0} Real) (@Set.instMembership.{0} Real)
                          (@Set.Icc.{0} Real Real.instPreorder a b) x)
                      fun (t : @Set.Elem.{0} Real (@Set.Icc.{0} Real Real.instPreorder a b)) =>
                      @Membership.mem.{0, 0} (@Set.Elem.{0} Real (@Set.Icc.{0} Real Real.instPreorder a b))
                        (Finset.{0} (@Set.Elem.{0} Real (@Set.Icc.{0} Real Real.instPreorder a b)))
                        (@Finset.instMembership.{0} (@Set.Elem.{0} Real (@Set.Icc.{0} Real Real.instPreorder a b))) S
                        t))
                  (Fin N) (fun (x : Fin N) => Selected)
                  (@instFunLikeOrderIso.{0, 0} (Fin N) Selected (@instLEFin N)
                    (@Subtype.instLE.{0} (@Set.Elem.{0} Real (@Set.Icc.{0} Real Real.instPreorder a b))
                      (@Subtype.instLE.{0} Real Real.instLE fun (x : Real) =>
                        @Membership.mem.{0, 0} Real (Set.{0} Real) (@Set.instMembership.{0} Real)
                          (@Set.Icc.{0} Real Real.instPreorder a b) x)
                      fun (t : @Set.Elem.{0} Real (@Set.Icc.{0} Real Real.instPreorder a b)) =>
                      @Membership.mem.{0, 0} (@Set.Elem.{0} Real (@Set.Icc.{0} Real Real.instPreorder a b))
                        (Finset.{0} (@Set.Elem.{0} Real (@Set.Icc.{0} Real Real.instPreorder a b)))
                        (@Finset.instMembership.{0} (@Set.Elem.{0} Real (@Set.Icc.{0} Real Real.instPreorder a b))) S
                        t))
                  order j) :=
              @OrderIso.strictMono.{0, 0} (Fin N) Selected
                (@PartialOrder.toPreorder.{0} (Fin N) (@Fin.instPartialOrder N))
                (@Subtype.preorder.{0} (@Set.Elem.{0} Real (@Set.Icc.{0} Real Real.instPreorder a b))
                  (@Subtype.preorder.{0} Real Real.instPreorder fun (x : Real) =>
                    @Membership.mem.{0, 0} Real (Set.{0} Real) (@Set.instMembership.{0} Real)
                      (@Set.Icc.{0} Real Real.instPreorder a b) x)
                  fun (t : @Set.Elem.{0} Real (@Set.Icc.{0} Real Real.instPreorder a b)) =>
                  @Membership.mem.{0, 0} (@Set.Elem.{0} Real (@Set.Icc.{0} Real Real.instPreorder a b))
                    (Finset.{0} (@Set.Elem.{0} Real (@Set.Icc.{0} Real Real.instPreorder a b)))
                    (@Finset.instMembership.{0} (@Set.Elem.{0} Real (@Set.Icc.{0} Real Real.instPreorder a b))) S t)
                order i j hij;
            hij';
          have hpruned : ⋯ := fun (i j : ⋯) (hij : ⋯) (hsub : ⋯) =>
            have hneq : ⋯ := fun (heq : ⋯) =>
              hij
                (@OrderIso.injective.{0, 0} (Fin N) Selected (@instLEFin N)
                  (@Subtype.instLE.{0} (@Set.Elem.{0} Real (@Set.Icc.{0} Real Real.instPreorder a b))
                    (@Subtype.instLE.{0} Real Real.instLE fun (x : Real) =>
                      @Membership.mem.{0, 0} Real (Set.{0} Real) (@Set.instMembership.{0} Real)
                        (@Set.Icc.{0} Real Real.instPreorder a b) x)
                    fun (t : @Set.Elem.{0} Real (@Set.Icc.{0} Real Real.instPreorder a b)) =>
                    @Membership.mem.{0, 0} (@Set.Elem.{0} Real (@Set.Icc.{0} Real Real.instPreorder a b))
                      (Finset.{0} (@Set.Elem.{0} Real (@Set.Icc.{0} Real Real.instPreorder a b)))
                      (@Finset.instMembership.{0} (@Set.Elem.{0} Real (@Set.Icc.{0} Real Real.instPreorder a b))) S t)
                  order i j
                  (@Subtype.ext.{1} (@Set.Elem.{0} Real (@Set.Icc.{0} Real Real.instPreorder a b))
                    (@Membership.mem.{0, 0} (@Set.Elem.{0} Real (@Set.Icc.{0} Real Real.instPreorder a b))
                      (Finset.{0} (@Set.Elem.{0} Real (@Set.Icc.{0} Real Real.instPreorder a b)))
                      (@Finset.instMembership.{0} (@Set.Elem.{0} Real (@Set.Icc.{0} Real Real.instPreorder a b))) S)
                    (@DFunLike.coe.{1, 1, 1}
                      (@OrderIso.{0, 0} (Fin N) Selected (@instLEFin N)
                        (@Subtype.instLE.{0} (@Set.Elem.{0} Real (@Set.Icc.{0} Real Real.instPreorder a b))
                          (@Subtype.instLE.{0} Real Real.instLE fun (x : Real) =>
                            @Membership.mem.{0, 0} Real (Set.{0} Real) (@Set.instMembership.{0} Real)
                              (@Set.Icc.{0} Real Real.instPreorder a b) x)
                          fun (t : @Set.Elem.{0} Real (@Set.Icc.{0} Real Real.instPreorder a b)) =>
                          @Membership.mem.{0, 0} (@Set.Elem.{0} Real (@Set.Icc.{0} Real Real.instPreorder a b))
                            (Finset.{0} (@Set.Elem.{0} Real (@Set.Icc.{0} Real Real.instPreorder a b)))
                            (@Finset.instMembership.{0} (@Set.Elem.{0} Real (@Set.Icc.{0} Real Real.instPreorder a b)))
                            S t))
                      (Fin N) (fun (x : Fin N) => Selected)
                      (@instFunLikeOrderIso.{0, 0} (Fin N) Selected (@instLEFin N)
                        (@Subtype.instLE.{0} (@Set.Elem.{0} Real (@Set.Icc.{0} Real Real.instPreorder a b))
                          (@Subtype.instLE.{0} Real Real.instLE fun (x : Real) =>
                            @Membership.mem.{0, 0} Real (Set.{0} Real) (@Set.instMembership.{0} Real)
                              (@Set.Icc.{0} Real Real.instPreorder a b) x)
                          fun (t : @Set.Elem.{0} Real (@Set.Icc.{0} Real Real.instPreorder a b)) =>
                          @Membership.mem.{0, 0} (@Set.Elem.{0} Real (@Set.Icc.{0} Real Real.instPreorder a b))
                            (Finset.{0} (@Set.Elem.{0} Real (@Set.Icc.{0} Real Real.instPreorder a b)))
                            (@Finset.instMembership.{0} (@Set.Elem.{0} Real (@Set.Icc.{0} Real Real.instPreorder a b)))
                            S t))
                      order i)
                    (@DFunLike.coe.{1, 1, 1}
                      (@OrderIso.{0, 0} (Fin N) Selected (@instLEFin N)
                        (@Subtype.instLE.{0} (@Set.Elem.{0} Real (@Set.Icc.{0} Real Real.instPreorder a b))
                          (@Subtype.instLE.{0} Real Real.instLE fun (x : ⋯) => @Membership.mem.{0, 0} Real ⋯ ⋯ ⋯ ⋯) ⋯))
                      ⋯ ⋯ ⋯ ⋯ ⋯)
                    ⋯));
            ⋯;
          ⋯
N33Affine.exists_full_affine_family (m : Nat) (a b : Real) (E : (Fin m → Real) → Real) :
  @LE.le.{0} Real Real.instLE a b →
    (∀ (r : Fin m → Real),
        @N33Affine.InCube m a b r →
          @LT.lt.{0} Real Real.instLT (@OfNat.ofNat.{0} Real (nat_lit 0) (@Zero.toOfNat0.{0} Real Real.instZero))
            (E r)) →
      @Exists.{2} (N33Affine.BoxFamily m a b) fun (F : N33Affine.BoxFamily m a b) =>
        And (@N33Affine.FamilyLittleOAt m a b F a)
          (@N33Affine.FullApproximation m a b E (@N33Affine.BoxFamily.family m a b F))
'N33Affine.exists_full_affine_family' depends on axioms: [propext, Classical.choice, Quot.sound]
'N33Affine.exists_local_window_of_lower_dimensions' depends on axioms: [propext, Classical.choice, Quot.sound]
'N33Affine.exists_finite_pruned_interval_cover' depends on axioms: [propext, Classical.choice, Quot.sound]
