{
  "scope": "48 dense finite cases plus 100-digit two-spin and product examples; no counting FPRAS, independent proof or quantum compiler",
  "summary": {
    "dense_cases": 48,
    "smallest_gap_ratio_to_prior_bound": 1.5414773226370808
  },
  "two_spin_rare_support": {
    "gamma": "0.0009765625",
    "epsilon": "0.01",
    "tau": "13.5",
    "cooling_euclidean_error": "0.000000000001879528816539083294758267928543242778453",
    "zero_ground_event_finite_time_probability": "1.766314286100403514867690165356289853939e-24",
    "positive_ground_event_probability": ".5",
    "finite_time_positive_event_probability": "0.4999999999999999999999982336857138995965",
    "conditional_cooling_error": "0.000000000001879528816539083294758267928543242778453"
  },
  "small_positive_fidelity": {
    "n": 4,
    "h": "1",
    "g": "0.001",
    "fidelity": "0.00000000000000000000000099999600000999998000003499994400008399988000016499978000028599963600045499944",
    "formula": "(g^2/(h^2+g^2))^n",
    "log_amplitude_floor_each": "-290.37888298475575014070042749418427634383429030725"
  },
  "all_assertions_passed": true
}
