{
  "status": "internal diagnostics; rational certificate exact, floating checks not a general proof",
  "seed": 8102028,
  "product_checks": 280,
  "dense_target_checks": 48,
  "minimum_product_bound_slack": 0.0015461671913659103,
  "minimum_target_lower_slack": 1.4796137373096485e-05,
  "nonunital_certificate": {
    "eta": "1/4",
    "ground_occupation": "9/10",
    "N": 60000,
    "q_squared": "13/333",
    "q_interval": [
      "9879/50000",
      "19759/100000"
    ],
    "s_lower": "1592533/1575333",
    "s_normal_numerical": 1.0109308944266002,
    "naive_affine_score": 0.9224999999999997,
    "C_exact_upper": "203608905133531562240396468/1457007828631998733715625",
    "C_upper_float": 139.7445512181649,
    "filtered_J2_upper": "29990",
    "separable_floor": "30000",
    "pair_PT_min_numerical": -0.0006250000000000179,
    "pair_filter_success": 0.11815102621676377,
    "physical_log_success_leading_per_qubit": -1.0678957948379317,
    "gaussian_match_Bloch_mean_error": 0.0,
    "gaussian_match_Q_error": 2.256664833774272e-16
  },
  "bounded_witness_constants": {
    "N_times_s_minus_1_min": 4096,
    "TV_lower": "(s-1)^2/72",
    "sufficient_independent_copies": "10368 (s-1)^(-4) log(2/alpha)"
  }
}
