N33Dynamics.affineBranchAlong.{u_1} {m : ℕ} {ι : Type u_1} [Fintype ι] [Nonempty ι] (x : ℝ → Fin m → ℝ)
  (coeff : ι → Fin m → ℝ) (offset : ι → ℝ) : ι → ℝ → ℝ
N33Dynamics.affineMinimumAlong.{u_1} {m : ℕ} {ι : Type u_1} [Fintype ι] [Nonempty ι] (x : ℝ → Fin m → ℝ)
  (coeff : ι → Fin m → ℝ) (offset : ι → ℝ) : ℝ → ℝ
N33Dynamics.affineMinimumAlong_absolutelyContinuous.{u_1} {m : ℕ} {ι : Type u_1} [Fintype ι] [Nonempty ι]
  {x : ℝ → Fin m → ℝ} {a b : ℝ} (hx : AbsolutelyContinuousOnInterval x a b) (coeff : ι → Fin m → ℝ) (offset : ι → ℝ) :
  AbsolutelyContinuousOnInterval (N33Dynamics.affineMinimumAlong x coeff offset) a b
N33Dynamics.affineMinimumAlong_active_derivative_eq.{u_1} {m : ℕ} {ι : Type u_1} [Fintype ι] [Nonempty ι]
  {x : ℝ → Fin m → ℝ} {coeff : ι → Fin m → ℝ} {offset : ι → ℝ} {t : ℝ} (hx : DifferentiableAt ℝ x t)
  (hmin : DifferentiableAt ℝ (N33Dynamics.affineMinimumAlong x coeff offset) t) (i : ι)
  (hi : N33Dynamics.affineBranchAlong x coeff offset i t = N33Dynamics.affineMinimumAlong x coeff offset t) :
  ∑ j, coeff i j * deriv (fun u => x u j) t = deriv (N33Dynamics.affineMinimumAlong x coeff offset) t
N33Dynamics.affineMinimumAlong_ae_common_differentiable.{u_1} {m : ℕ} {ι : Type u_1} [Fintype ι] [Nonempty ι]
  {x : ℝ → Fin m → ℝ} {a b : ℝ} (hx : AbsolutelyContinuousOnInterval x a b) (coeff : ι → Fin m → ℝ) (offset : ι → ℝ) :
  ∀ᵐ (t : ℝ),
    t ∈ Set.uIcc a b →
      DifferentiableAt ℝ (N33Dynamics.affineMinimumAlong x coeff offset) t ∧
        (∀ (i : ι), DifferentiableAt ℝ (N33Dynamics.affineBranchAlong x coeff offset i) t) ∧
          DifferentiableAt ℝ x t ∧ ∀ (j : Fin m), DifferentiableAt ℝ (fun u => x u j) t
N33Dynamics.affineMinimumAlong_ae_active_derivative_eq.{u_1} {m : ℕ} {ι : Type u_1} [Fintype ι] [Nonempty ι]
  {x : ℝ → Fin m → ℝ} {a b : ℝ} (hx : AbsolutelyContinuousOnInterval x a b) (coeff : ι → Fin m → ℝ) (offset : ι → ℝ) :
  ∀ᵐ (t : ℝ),
    t ∈ Set.uIcc a b →
      ∀ (i : ι),
        N33Dynamics.affineBranchAlong x coeff offset i t = N33Dynamics.affineMinimumAlong x coeff offset t →
          ∑ j, coeff i j * deriv (fun u => x u j) t = deriv (N33Dynamics.affineMinimumAlong x coeff offset) t
N33Dynamics.affineMinimumAlong_ae_drift_lower_bound.{u_1} {m : ℕ} {ι : Type u_1} [Fintype ι] [Nonempty ι]
  {x : ℝ → Fin m → ℝ} {a b δ : ℝ} (hx : AbsolutelyContinuousOnInterval x a b) (coeff : ι → Fin m → ℝ) (offset : ι → ℝ)
  (hbranchDrift :
    ∀ᵐ (t : ℝ),
      t ∈ Set.uIcc a b →
        ∀ (i : ι),
          N33Dynamics.affineBranchAlong x coeff offset i t = N33Dynamics.affineMinimumAlong x coeff offset t →
            δ ≤ ∑ j, coeff i j * deriv (fun u => x u j) t) :
  ∀ᵐ (t : ℝ), t ∈ Set.uIcc a b → δ ≤ deriv (N33Dynamics.affineMinimumAlong x coeff offset) t
'N33Dynamics.affineMinimumAlong_absolutelyContinuous' depends on axioms: [propext, Classical.choice, Quot.sound]
'N33Dynamics.affineMinimumAlong_active_derivative_eq' depends on axioms: [propext, Classical.choice, Quot.sound]
'N33Dynamics.affineMinimumAlong_ae_common_differentiable' depends on axioms: [propext, Classical.choice, Quot.sound]
'N33Dynamics.affineMinimumAlong_ae_active_derivative_eq' depends on axioms: [propext, Classical.choice, Quot.sound]
'N33Dynamics.affineMinimumAlong_ae_drift_lower_bound' depends on axioms: [propext, Classical.choice, Quot.sound]
