compile_seconds 5.455957286000057
instance local 100.0 topmass 0.0017122550786293515 mean 0.45793921583138886
{'mode': 'local', 'beta': 100.0, 'method': 'worm', 'n_samples': 175787, 'seconds': 0.18892707400004838, 'setup_seconds': 0.06287848800002394, 'mean': 0.4608887460392407, 'truth': 0.45793921583138886, 'tv': 0.39821130703168595, 'det_evals': 129843}
{'mode': 'local', 'beta': 100.0, 'method': 'gibbs1', 'n_samples': 100000, 'seconds': 0.1574233619999177, 'setup_seconds': 0, 'mean': 0.45638666666666666, 'truth': 0.45793921583138886, 'tv': 0.1435653995368369, 'det_evals': 100001}
{'mode': 'local', 'beta': 100.0, 'method': 'gibbs2', 'n_samples': 25000, 'seconds': 0.1565037029999985, 'setup_seconds': 0, 'mean': 0.46252, 'truth': 0.45793921583138886, 'tv': 0.21175296338088212, 'det_evals': 100001}
{'mode': 'local', 'beta': 100.0, 'method': 'multiscale', 'n_samples': 100000, 'seconds': 0.16265922499997032, 'setup_seconds': 0, 'mean': 0.456225, 'truth': 0.45793921583138886, 'tv': 0.12825603267264507, 'det_evals': 100001}
{'mode': 'local', 'beta': 100.0, 'method': 'tempering8', 'n_samples': 12500, 'seconds': 0.15027392600018175, 'setup_seconds': 0, 'mean': 0.45674, 'truth': 0.45793921583138886, 'tv': 0.2796667626509356, 'det_evals': 100008}
instance local 10000.0 topmass 0.0019276501997560216 mean 0.4508190173321539
{'mode': 'local', 'beta': 10000.0, 'method': 'worm', 'n_samples': 141456, 'seconds': 0.1645236560000285, 'setup_seconds': 0.056865132999973866, 'mean': 0.4566796978094484, 'truth': 0.4508190173321539, 'tv': 0.395586776211018, 'det_evals': 129939}
{'mode': 'local', 'beta': 10000.0, 'method': 'gibbs1', 'n_samples': 100000, 'seconds': 0.14950114700013728, 'setup_seconds': 0, 'mean': 0.45062916666666664, 'truth': 0.4508190173321539, 'tv': 0.14696704804438807, 'det_evals': 100001}
{'mode': 'local', 'beta': 10000.0, 'method': 'gibbs2', 'n_samples': 25000, 'seconds': 0.15179507700008799, 'setup_seconds': 0, 'mean': 0.4540733333333334, 'truth': 0.4508190173321539, 'tv': 0.20805851044950896, 'det_evals': 100001}
{'mode': 'local', 'beta': 10000.0, 'method': 'multiscale', 'n_samples': 100000, 'seconds': 0.15652072400007455, 'setup_seconds': 0, 'mean': 0.449805, 'truth': 0.4508190173321539, 'tv': 0.12858194658490116, 'det_evals': 100001}
{'mode': 'local', 'beta': 10000.0, 'method': 'tempering8', 'n_samples': 12500, 'seconds': 0.15097319500000594, 'setup_seconds': 0, 'mean': 0.45015333333333335, 'truth': 0.4508190173321539, 'tv': 0.27102679038816296, 'det_evals': 100008}
instance irregular 100.0 topmass 0.1205098682761376 mean 0.4902489770182048
{'mode': 'irregular', 'beta': 100.0, 'method': 'worm', 'n_samples': 173311, 'seconds': 0.16251652599999034, 'setup_seconds': 0.05206209399989348, 'mean': 0.496326449754103, 'truth': 0.4902489770182048, 'tv': 0.18234316224486405, 'det_evals': 129835}
{'mode': 'irregular', 'beta': 100.0, 'method': 'gibbs1', 'n_samples': 100000, 'seconds': 0.15222523300008106, 'setup_seconds': 0, 'mean': 0.4731908333333333, 'truth': 0.4902489770182048, 'tv': 0.09211486284542553, 'det_evals': 100001}
{'mode': 'irregular', 'beta': 100.0, 'method': 'gibbs2', 'n_samples': 25000, 'seconds': 0.1499171819998537, 'setup_seconds': 0, 'mean': 0.5109666666666667, 'truth': 0.4902489770182048, 'tv': 0.13458041968321396, 'det_evals': 100001}
{'mode': 'irregular', 'beta': 100.0, 'method': 'multiscale', 'n_samples': 100000, 'seconds': 0.1597005830001308, 'setup_seconds': 0, 'mean': 0.4884758333333333, 'truth': 0.4902489770182048, 'tv': 0.08239872974471966, 'det_evals': 100001}
{'mode': 'irregular', 'beta': 100.0, 'method': 'tempering8', 'n_samples': 12500, 'seconds': 0.15889705799986586, 'setup_seconds': 0, 'mean': 0.4854866666666666, 'truth': 0.4902489770182048, 'tv': 0.1469514679335361, 'det_evals': 100008}
instance irregular 10000.0 topmass 0.2516063769906008 mean 0.48648369156335813
{'mode': 'irregular', 'beta': 10000.0, 'method': 'worm', 'n_samples': 84468, 'seconds': 0.1723009689999344, 'setup_seconds': 0.05857225699992341, 'mean': 0.5194363545958233, 'truth': 0.48648369156335813, 'tv': 0.06400673655922354, 'det_evals': 129543}
{'mode': 'irregular', 'beta': 10000.0, 'method': 'gibbs1', 'n_samples': 100000, 'seconds': 0.2088864040001681, 'setup_seconds': 0, 'mean': 0.47798, 'truth': 0.48648369156335813, 'tv': 0.1163311313799731, 'det_evals': 100001}
{'mode': 'irregular', 'beta': 10000.0, 'method': 'gibbs2', 'n_samples': 25000, 'seconds': 0.18187231199999587, 'setup_seconds': 0, 'mean': 0.4701099999999999, 'truth': 0.48648369156335813, 'tv': 0.0737915280427949, 'det_evals': 100001}
{'mode': 'irregular', 'beta': 10000.0, 'method': 'multiscale', 'n_samples': 100000, 'seconds': 0.1694502539999121, 'setup_seconds': 0, 'mean': 0.4701, 'truth': 0.48648369156335813, 'tv': 0.07854310281806229, 'det_evals': 100001}
{'mode': 'irregular', 'beta': 10000.0, 'method': 'tempering8', 'n_samples': 12500, 'seconds': 0.16576043099985327, 'setup_seconds': 0, 'mean': 0.4441933333333333, 'truth': 0.48648369156335813, 'tv': 0.07370705262078983, 'det_evals': 100008}
instance cycle 100.0 topmass 0.2516034950073898 mean 0.49342335841205265
{'mode': 'cycle', 'beta': 100.0, 'method': 'worm', 'n_samples': 176649, 'seconds': 0.17620422300001337, 'setup_seconds': 0.05984460499985289, 'mean': 0.5047792515100566, 'truth': 0.49342335841205265, 'tv': 0.22679417813975414, 'det_evals': 129734}
{'mode': 'cycle', 'beta': 100.0, 'method': 'gibbs1', 'n_samples': 100000, 'seconds': 0.15077839199989285, 'setup_seconds': 0, 'mean': 0.4988466666666667, 'truth': 0.49342335841205265, 'tv': 0.10071206533815132, 'det_evals': 100001}
{'mode': 'cycle', 'beta': 100.0, 'method': 'gibbs2', 'n_samples': 25000, 'seconds': 0.1479087900002014, 'setup_seconds': 0, 'mean': 0.5086766666666667, 'truth': 0.49342335841205265, 'tv': 0.1369274133212453, 'det_evals': 100001}
{'mode': 'cycle', 'beta': 100.0, 'method': 'multiscale', 'n_samples': 100000, 'seconds': 0.16144694100012202, 'setup_seconds': 0, 'mean': 0.4980241666666667, 'truth': 0.49342335841205265, 'tv': 0.08544487968050346, 'det_evals': 100001}
{'mode': 'cycle', 'beta': 100.0, 'method': 'tempering8', 'n_samples': 12500, 'seconds': 0.154647045000047, 'setup_seconds': 0, 'mean': 0.46033333333333326, 'truth': 0.49342335841205265, 'tv': 0.14252953369867172, 'det_evals': 100008}
instance cycle 10000.0 topmass 0.9705543996482016 mean 0.482173574391466
{'mode': 'cycle', 'beta': 10000.0, 'method': 'worm', 'n_samples': 124737, 'seconds': 0.16919634300006692, 'setup_seconds': 0.056796654999971, 'mean': 0.26813615847743655, 'truth': 0.482173574391466, 'tv': 0.23053671828961392, 'det_evals': 129674}
{'mode': 'cycle', 'beta': 10000.0, 'method': 'gibbs1', 'n_samples': 100000, 'seconds': 0.16105148399992686, 'setup_seconds': 0, 'mean': 0.5682116666666666, 'truth': 0.482173574391466, 'tv': 0.09676584068354602, 'det_evals': 100001}
{'mode': 'cycle', 'beta': 10000.0, 'method': 'gibbs2', 'n_samples': 25000, 'seconds': 0.15545238200002132, 'setup_seconds': 0, 'mean': 0.71675, 'truth': 0.482173574391466, 'tv': 0.2483822450466217, 'det_evals': 100001}
{'mode': 'cycle', 'beta': 10000.0, 'method': 'multiscale', 'n_samples': 100000, 'seconds': 0.16839820599989253, 'setup_seconds': 0, 'mean': 0.47647833333333334, 'truth': 0.482173574391466, 'tv': 0.01539403352973789, 'det_evals': 100001}
{'mode': 'cycle', 'beta': 10000.0, 'method': 'tempering8', 'n_samples': 12500, 'seconds': 0.1675752220000959, 'setup_seconds': 0, 'mean': 0.4934, 'truth': 0.482173574391466, 'tv': 0.01946208798905069, 'det_evals': 100008}
