{
  "counts": {
    "dense_probes": 4,
    "singleton_partial_transposes": 20,
    "depolarizing_formulas": 28,
    "filtered_random_channel_tests": 16,
    "rational_moments": 50,
    "linear_programs": 50
  },
  "max_errors": {
    "dense_moment": 4.440892098500626e-16,
    "depolarizing_formula": 7.993605777301127e-15,
    "normalization": 3.774758283725532e-15,
    "pair_congruence": 5.502052707297415e-15,
    "LP_objective": 3.375077994860476e-14
  },
  "exact_N4": {
    "trace": "1",
    "J2": "3/2",
    "rho_eigenvalues": {
      "1/80": 5,
      "1/16": 9,
      "3/16": 2
    },
    "singleton_PT_eigenvalues": {
      "1/20": 5,
      "1/8": 6,
      "0": 5
    }
  },
  "limiting_moment": 3.8065898954731177
}
