{
  "status": "exact internal matrix/tableau and sampler checks passed",
  "intertwiner": {
    "WdagW": "2 I_16",
    "U=W/sqrt(2)": "unitary and intertwines the two listed Cl_9 models",
    "U_is_JW_Pauli_Clifford": false,
    "exact_nonClifford_witness_U_X0_Udag_Pauli_expansion": [
      [
        "1/2",
        "XXXY"
      ],
      [
        "-1/2",
        "XXYX"
      ],
      [
        "1/2",
        "XYXX"
      ],
      [
        "-1/2",
        "XYYY"
      ]
    ]
  },
  "seed_readouts": {
    "v_R": {
      "preparation_gates": [
        [
          "X",
          0,
          null
        ],
        [
          "H",
          0,
          null
        ],
        [
          "X",
          1,
          null
        ],
        [
          "CNOT",
          0,
          1
        ],
        [
          "CNOT",
          0,
          3
        ],
        [
          "CNOT",
          1,
          2
        ]
      ],
      "measurement_gates": [
        [
          "CNOT",
          1,
          2
        ],
        [
          "CNOT",
          0,
          3
        ],
        [
          "CNOT",
          0,
          1
        ],
        [
          "X",
          1,
          null
        ],
        [
          "H",
          0,
          null
        ],
        [
          "X",
          0,
          null
        ]
      ],
      "verified_full_stabilizer_group_order": 16
    },
    "v_H": {
      "preparation_gates": [
        [
          "H",
          0,
          null
        ],
        [
          "S",
          0,
          null
        ],
        [
          "X",
          1,
          null
        ],
        [
          "H",
          1,
          null
        ],
        [
          "X",
          3,
          null
        ],
        [
          "CNOT",
          1,
          2
        ],
        [
          "CNOT",
          1,
          3
        ],
        [
          "CNOT",
          3,
          0
        ]
      ],
      "measurement_gates": [
        [
          "CNOT",
          3,
          0
        ],
        [
          "CNOT",
          1,
          3
        ],
        [
          "CNOT",
          1,
          2
        ],
        [
          "X",
          3,
          null
        ],
        [
          "H",
          1,
          null
        ],
        [
          "X",
          1,
          null
        ],
        [
          "SDG",
          0,
          null
        ],
        [
          "H",
          0,
          null
        ]
      ],
      "verified_full_stabilizer_group_order": 16
    },
    "v_V": {
      "preparation_gates": [
        [
          "X",
          0,
          null
        ],
        [
          "X",
          3,
          null
        ]
      ],
      "measurement_gates": [
        [
          "X",
          3,
          null
        ],
        [
          "X",
          0,
          null
        ]
      ],
      "verified_full_stabilizer_group_order": 16
    }
  },
  "finite_spin9_basis_and_channel_audit": {
    "PGL_subset_orbit_sizes_k1_to_4": {
      "1": [
        9
      ],
      "2": [
        36
      ],
      "3": [
        84
      ],
      "4": [
        126
      ]
    },
    "seeds": {
      "v_R": {
        "permutation_count": 504,
        "Dplus_sign_actions": 256,
        "seed_moments_direct": [
          1,
          0,
          0,
          14
        ],
        "basis_count": 9,
        "projectors": 144,
        "basis_coset_stabilizer": 56,
        "disjoint_complete_partition": true,
        "orthonormality_verified_per_basis": true,
        "effect_weight": "1/9",
        "effect_weight_equals_16_over_N": true
      },
      "v_V": {
        "permutation_count": 504,
        "Dplus_sign_actions": 256,
        "seed_moments_direct": [
          1,
          4,
          4,
          6
        ],
        "basis_count": 63,
        "projectors": 1008,
        "basis_coset_stabilizer": 8,
        "disjoint_complete_partition": true,
        "orthonormality_verified_per_basis": true,
        "effect_weight": "1/63",
        "effect_weight_equals_16_over_N": true
      },
      "v_H": {
        "permutation_count": 504,
        "Dplus_sign_actions": 256,
        "seed_moments_direct": [
          0,
          1,
          7,
          7
        ],
        "basis_count": 72,
        "projectors": 1152,
        "basis_coset_stabilizer": 7,
        "disjoint_complete_partition": true,
        "orthonormality_verified_per_basis": true,
        "effect_weight": "1/72",
        "effect_weight_equals_16_over_N": true
      }
    }
  },
  "W_exact_synthesis": {
    "basis_pair_row_map": [
      [
        6,
        9
      ],
      [
        5,
        10
      ],
      [
        3,
        12
      ],
      [
        0,
        15
      ],
      [
        7,
        8
      ],
      [
        4,
        11
      ],
      [
        2,
        13
      ],
      [
        1,
        14
      ]
    ],
    "affine_output_bits": [
      "q0^q1^q2^q3",
      "1^q0^q1",
      "1^q0^q2",
      "q0"
    ],
    "affine_gate_sequence": [
      [
        "CNOT",
        0,
        1
      ],
      [
        "CNOT",
        0,
        2
      ],
      [
        "CNOT",
        1,
        3
      ],
      [
        "CNOT",
        2,
        3
      ],
      [
        "CNOT",
        3,
        0
      ],
      [
        "CNOT",
        0,
        3
      ],
      [
        "X",
        1,
        null
      ],
      [
        "X",
        2,
        null
      ]
    ],
    "controlled_block_factorization": "(-i Z2 CZ12)(Z0 CZ10) H0 S0^dagger CCZ(controls q1=q2=0,target q0)",
    "negative_control_CCZ_expansion": {
      "control_toggle_sequence": [
        "X1 X2",
        "CCZ(q1,q2;q0)",
        "X2 X1"
      ],
      "CCZ_phase_identity": "4abc=a+b+c-(a xor b)-(a xor c)-(b xor c)+(a xor b xor c)",
      "CCZ_CNOT_count": 10,
      "CCZ_T_count": 7,
      "CCZ_ancillas": 0,
      "CCZ_exact_matrix_verified": true
    },
    "block_partition": {
      "q1q2=00": "B0",
      "q1=1": "B1",
      "q1q2=01": "B2"
    },
    "verified_exact_matrix_equality": "P Q = W/sqrt(2)",
    "gate_model_count": {
      "CNOT_with_CZ_decomposed": 18,
      "T_or_Tdg": 7,
      "X": 6,
      "H": 5,
      "Sdg": 1,
      "Z": 2,
      "global_phase": "-i (irrelevant to the channel)",
      "ancillas": 0
    }
  },
  "parity_corrected_sampler": {
    "3": {
      "even_permutations": 3,
      "preimages_each": 2
    },
    "5": {
      "even_permutations": 60,
      "preimages_each": 2
    },
    "6": {
      "even_permutations": 360,
      "preimages_each": 2
    },
    "m=9_expected_fair_bits": {
      "exact": "8822/315",
      "decimal": 28.006349206349206
    }
  },
  "scope": "Spin(9) finite checks only; all-n result is the algebraic proof in FINAL_REPORT.md"
}
