N33Affine.exists_uniform_activity_cutoff {m : Nat} {a b : Real} {E : (Fin m → Real) → Real}
  (F : N33Affine.BoxFamily m a b) (hFull : @N33Affine.FullApproximation m a b E (@N33Affine.BoxFamily.family m a b F)) :
  @Exists.{1} Real fun (hAct : Real) =>
    And (@LT.lt.{0} Real Real.instLT (@OfNat.ofNat.{0} Real (nat_lit 0) (@Zero.toOfNat0.{0} Real Real.instZero)) hAct)
      (And (@LT.lt.{0} Real Real.instLT hAct (@OfNat.ofNat.{0} Real (nat_lit 1) (@One.toOfNat1.{0} Real Real.instOne)))
        (∀ (h : Real),
          @LT.lt.{0} Real Real.instLT (@OfNat.ofNat.{0} Real (nat_lit 0) (@Zero.toOfNat0.{0} Real Real.instZero)) h →
            @LT.lt.{0} Real Real.instLT h hAct →
              ∀ (p : Fin m → Real),
                @N33Affine.InCube m a b p →
                  ∀ (j : @N33Affine.FiniteFamily.Index m (@N33Affine.BoxFamily.family m a b F)),
                    @N33Affine.Active.{0} m (@N33Affine.FiniteFamily.Index m (@N33Affine.BoxFamily.family m a b F))
                        (@N33Affine.FiniteFamily.label m (@N33Affine.BoxFamily.family m a b F)) j h p →
                      ∀ (i : Fin m),
                        @LT.lt.{0} Real Real.instLT
                          (@abs.{0} Real Real.lattice Real.instAddGroup
                            (@HSub.hSub.{0, 0, 0} Real Real Real (@instHSub.{0} Real Real.instSub) (p i)
                              (@N33Affine.Label.slope m
                                (@N33Affine.FiniteFamily.label m (@N33Affine.BoxFamily.family m a b F) j) i)))
                          (E
                            (@N33Affine.Label.slope m
                              (@N33Affine.FiniteFamily.label m (@N33Affine.BoxFamily.family m a b F) j)))))
theorem N33Affine.exists_uniform_activity_cutoff : ∀ {m : Nat} {a b : Real} {E : (Fin m → Real) → Real}
  (F : N33Affine.BoxFamily m a b) (hFull : @N33Affine.FullApproximation m a b E (@N33Affine.BoxFamily.family m a b F)),
  @Exists.{1} Real fun (hAct : Real) =>
    And (@LT.lt.{0} Real Real.instLT (@OfNat.ofNat.{0} Real (nat_lit 0) (@Zero.toOfNat0.{0} Real Real.instZero)) hAct)
      (And (@LT.lt.{0} Real Real.instLT hAct (@OfNat.ofNat.{0} Real (nat_lit 1) (@One.toOfNat1.{0} Real Real.instOne)))
        (∀ (h : Real),
          @LT.lt.{0} Real Real.instLT (@OfNat.ofNat.{0} Real (nat_lit 0) (@Zero.toOfNat0.{0} Real Real.instZero)) h →
            @LT.lt.{0} Real Real.instLT h hAct →
              ∀ (p : Fin m → Real),
                @N33Affine.InCube m a b p →
                  ∀ (j : @N33Affine.FiniteFamily.Index m (@N33Affine.BoxFamily.family m a b F)),
                    @N33Affine.Active.{0} m (@N33Affine.FiniteFamily.Index m (@N33Affine.BoxFamily.family m a b F))
                        (@N33Affine.FiniteFamily.label m (@N33Affine.BoxFamily.family m a b F)) j h p →
                      ∀ (i : Fin m),
                        @LT.lt.{0} Real Real.instLT
                          (@abs.{0} Real Real.lattice Real.instAddGroup
                            (@HSub.hSub.{0, 0, 0} Real Real Real (@instHSub.{0} Real Real.instSub) (p i)
                              (@N33Affine.Label.slope m
                                (@N33Affine.FiniteFamily.label m (@N33Affine.BoxFamily.family m a b F) j) i)))
                          (E
                            (@N33Affine.Label.slope m
                              (@N33Affine.FiniteFamily.label m (@N33Affine.BoxFamily.family m a b F) j))))) :=
fun {m : ⋯} {a b : ⋯} {E : ⋯} (F : ⋯) (hFull : ⋯) =>
  @Decidable.byContradiction
    (@Exists.{1} Real fun (hAct : Real) =>
      And (@LT.lt.{0} Real Real.instLT (@OfNat.ofNat.{0} Real (nat_lit 0) (@Zero.toOfNat0.{0} Real Real.instZero)) hAct)
        (And
          (@LT.lt.{0} Real Real.instLT hAct (@OfNat.ofNat.{0} Real (nat_lit 1) (@One.toOfNat1.{0} Real Real.instOne)))
          (∀ (h : Real),
            @LT.lt.{0} Real Real.instLT (@OfNat.ofNat.{0} Real (nat_lit 0) (@Zero.toOfNat0.{0} Real Real.instZero)) h →
              @LT.lt.{0} Real Real.instLT h hAct →
                ∀ (p : Fin m → Real),
                  @N33Affine.InCube m a b p →
                    ∀ (j : @N33Affine.FiniteFamily.Index m (@N33Affine.BoxFamily.family m a b F)),
                      @N33Affine.Active.{0} m (@N33Affine.FiniteFamily.Index m (@N33Affine.BoxFamily.family m a b F))
                          (@N33Affine.FiniteFamily.label m (@N33Affine.BoxFamily.family m a b F)) j h p →
                        ∀ (i : Fin m),
                          @LT.lt.{0} Real Real.instLT
                            (@abs.{0} Real Real.lattice Real.instAddGroup
                              (@HSub.hSub.{0, 0, 0} Real Real Real (@instHSub.{0} Real Real.instSub) (p i)
                                (@N33Affine.Label.slope m
                                  (@N33Affine.FiniteFamily.label m (@N33Affine.BoxFamily.family m a b F) j) i)))
                            (E
                              (@N33Affine.Label.slope m
                                (@N33Affine.FiniteFamily.label m (@N33Affine.BoxFamily.family m a b F) j))))))
    (Classical.propDecidable
      (@Exists.{1} Real fun (hAct : Real) =>
        And
          (@LT.lt.{0} Real Real.instLT (@OfNat.ofNat.{0} Real (nat_lit 0) (@Zero.toOfNat0.{0} Real Real.instZero)) hAct)
          (And
            (@LT.lt.{0} Real Real.instLT hAct (@OfNat.ofNat.{0} Real (nat_lit 1) (@One.toOfNat1.{0} Real Real.instOne)))
            (∀ (h : Real),
              @LT.lt.{0} Real Real.instLT (@OfNat.ofNat.{0} Real (nat_lit 0) (@Zero.toOfNat0.{0} Real Real.instZero))
                  h →
                @LT.lt.{0} Real Real.instLT h hAct →
                  ∀ (p : Fin m → Real),
                    @N33Affine.InCube m a b p →
                      ∀ (j : @N33Affine.FiniteFamily.Index m (@N33Affine.BoxFamily.family m a b F)),
                        @N33Affine.Active.{0} m (@N33Affine.FiniteFamily.Index m (@N33Affine.BoxFamily.family m a b F))
                            (@N33Affine.FiniteFamily.label m (@N33Affine.BoxFamily.family m a b F)) j h p →
                          ∀ (i : Fin m),
                            @LT.lt.{0} Real Real.instLT
                              (@abs.{0} Real Real.lattice Real.instAddGroup
                                (@HSub.hSub.{0, 0, 0} Real Real Real (@instHSub.{0} Real Real.instSub) (p i)
                                  (@N33Affine.Label.slope m
                                    (@N33Affine.FiniteFamily.label m (@N33Affine.BoxFamily.family m a b F) j) i)))
                              (E
                                (@N33Affine.Label.slope m
                                  (@N33Affine.FiniteFamily.label m (@N33Affine.BoxFamily.family m a b F) j)))))))
    fun (hNo : ⋯) =>
    have hBad : ⋯ := fun (n : ⋯) =>
      let δ : ⋯ :=
        @Min.min.{0} Real Real.instMin
          (@HDiv.hDiv.{0, 0, 0} Real Real Real (@instHDiv.{0} Real (@DivInvMonoid.toDiv.{0} Real Real.instDivInvMonoid))
            (@OfNat.ofNat.{0} Real (nat_lit 1) (@One.toOfNat1.{0} Real Real.instOne))
            (@HAdd.hAdd.{0, 0, 0} Real Real Real (@instHAdd.{0} Real Real.instAdd)
              (@Nat.cast.{0} Real Real.instNatCast n)
              (@OfNat.ofNat.{0} Real (nat_lit 1) (@One.toOfNat1.{0} Real Real.instOne))))
          (@HDiv.hDiv.{0, 0, 0} Real Real Real (@instHDiv.{0} Real (@DivInvMonoid.toDiv.{0} Real Real.instDivInvMonoid))
            (@OfNat.ofNat.{0} Real (nat_lit 1) (@One.toOfNat1.{0} Real Real.instOne))
            (@OfNat.ofNat.{0} Real (nat_lit 2)
              (@instOfNatAtLeastTwo.{0} Real (nat_lit 2) Real.instNatCast
                (@Nat.instAtLeastTwoHAddOfNat (@OfNat.ofNat.{0} Nat (nat_lit 1) (instOfNatNat (nat_lit 1)))
                  (@Nat.instNeZeroSucc (@OfNat.ofNat.{0} Nat (nat_lit 0) (instOfNatNat (nat_lit 0))))))));
      have hδpos : ⋯ :=
        @lt_min.{0} Real Real.linearOrder (@OfNat.ofNat.{0} Real (nat_lit 0) (@Zero.toOfNat0.{0} Real Real.instZero))
          (@HDiv.hDiv.{0, 0, 0} Real Real Real (@instHDiv.{0} Real (@DivInvMonoid.toDiv.{0} Real Real.instDivInvMonoid))
            (@OfNat.ofNat.{0} Real (nat_lit 1) (@One.toOfNat1.{0} Real Real.instOne))
            (@HAdd.hAdd.{0, 0, 0} Real Real Real (@instHAdd.{0} Real Real.instAdd)
              (@Nat.cast.{0} Real Real.instNatCast n)
              (@OfNat.ofNat.{0} Real (nat_lit 1) (@One.toOfNat1.{0} Real Real.instOne))))
          (@HDiv.hDiv.{0, 0, 0} Real Real Real (@instHDiv.{0} Real (@DivInvMonoid.toDiv.{0} Real Real.instDivInvMonoid))
            (@OfNat.ofNat.{0} Real (nat_lit 1) (@One.toOfNat1.{0} Real Real.instOne))
            (@OfNat.ofNat.{0} Real (nat_lit 2)
              (@instOfNatAtLeastTwo.{0} Real (nat_lit 2) Real.instNatCast
                (@Nat.instAtLeastTwoHAddOfNat (@OfNat.ofNat.{0} Nat (nat_lit 1) (instOfNatNat (nat_lit 1)))
                  (@Nat.instNeZeroSucc (@OfNat.ofNat.{0} Nat (nat_lit 0) (instOfNatNat (nat_lit 0))))))))
          (@div_pos.{0} Real
            (@DivisionSemiring.toGroupWithZero.{0} Real
              (@Semifield.toDivisionSemiring.{0} Real (@Field.toSemifield.{0} Real Real.instField)))
            Real.partialOrder
            (@PosMulReflectLE.toPosMulReflectLT.{0} Real
              (@NonUnitalNonAssocSemiring.toMulZeroClass.{0} Real
                (@NonUnitalNonAssocRing.toNonUnitalNonAssocSemiring.{0} Real
                  (@NonUnitalNonAssocCommRing.toNonUnitalNonAssocRing.{0} Real
                    (@NonUnitalCommRing.toNonUnitalNonAssocCommRing.{0} Real
                      (@NonUnitalNormedCommRing.toNonUnitalCommRing.{0} Real
                        (@NormedCommRing.toNonUnitalNormedCommRing.{0} Real Real.normedCommRing))))))
              Real.partialOrder
              (@PosMulStrictMono.toPosMulReflectLE.{0} Real
                (@MulZeroClass.toMul.{0} Real
                  (@NonUnitalNonAssocSemiring.toMulZeroClass.{0} Real
                    (@NonUnitalNonAssocRing.toNonUnitalNonAssocSemiring.{0} Real
                      (@NonUnitalNonAssocCommRing.toNonUnitalNonAssocRing.{0} Real
                        (@NonUnitalCommRing.toNonUnitalNonAssocCommRing.{0} Real
                          (@NonUnitalNormedCommRing.toNonUnitalCommRing.{0} Real
                            (@NormedCommRing.toNonUnitalNormedCommRing.{0} Real Real.normedCommRing)))))))
                (@MulZeroClass.toZero.{0} Real
                  (@NonUnitalNonAssocSemiring.toMulZeroClass.{0} Real
                    (@NonUnitalNonAssocRing.toNonUnitalNonAssocSemiring.{0} Real
                      (@NonUnitalNonAssocCommRing.toNonUnitalNonAssocRing.{0} Real
                        (@NonUnitalCommRing.toNonUnitalNonAssocCommRing.{0} Real
                          (@NonUnitalNormedCommRing.toNonUnitalCommRing.{0} Real
                            (@NormedCommRing.toNonUnitalNormedCommRing.{0} Real Real.normedCommRing)))))))
                Real.linearOrder
                (@IsStrictOrderedRing.toPosMulStrictMono.{0} Real Real.semiring Real.partialOrder
                  Real.instIsStrictOrderedRing)))
            (@OfNat.ofNat.{0} Real (nat_lit 1) (@One.toOfNat1.{0} Real Real.instOne))
            (@HAdd.hAdd.{0, 0, 0} Real Real Real (@instHAdd.{0} Real Real.instAdd)
              (@Nat.cast.{0} Real Real.instNatCast n)
              (@OfNat.ofNat.{0} Real (nat_lit 1) (@One.toOfNat1.{0} Real Real.instOne)))
            (@Mathlib.Meta.Positivity.pos_of_isNat.{0} Real
              (@OfNat.ofNat.{0} Real (nat_lit 1) (@One.toOfNat1.{0} Real Real.instOne)) (nat_lit 1) Real.semiring
              Real.partialOrder Real.instIsOrderedRing Real.instNontrivial
              (@Mathlib.Meta.NormNum.isNat_ofNat.{0} Real
                (@AddGroupWithOne.toAddMonoidWithOne.{0} Real (@Ring.toAddGroupWithOne.{0} Real Real.instRing))
                (@OfNat.ofNat.{0} Real (nat_lit 1) (@One.toOfNat1.{0} Real Real.instOne)) (nat_lit 1)
                (@Nat.cast_one.{0} Real
                  (@AddGroupWithOne.toAddMonoidWithOne.{0} Real (@Ring.toAddGroupWithOne.{0} Real Real.instRing))))
              (@Eq.refl.{1} Bool (Nat.ble (@OfNat.ofNat.{0} Nat (nat_lit 1) (instOfNatNat (nat_lit 1))) (nat_lit 1))))
            (@Right.add_pos_of_nonneg_of_pos.{0} Real (@AddMonoid.toAddZeroClass.{0} Real Real.instAddMonoid)
              (@PartialOrder.toPreorder.{0} Real Real.partialOrder)
              (@covariant_swap_add_of_covariant_add.{0} Real
                (fun (x1 x2 : Real) =>
                  @LE.le.{0} Real (@Preorder.toLE.{0} Real (@PartialOrder.toPreorder.{0} Real Real.partialOrder)) x1 x2)
                Real.instAddCommSemigroup
                (@IsOrderedAddMonoid.toAddLeftMono.{0} Real Real.instAddCommMonoid Real.partialOrder
                  Real.instIsOrderedAddMonoid))
              (@Nat.cast.{0} Real Real.instNatCast n)
              (@OfNat.ofNat.{0} Real (nat_lit 1) (@One.toOfNat1.{0} Real Real.instOne))
              (@Nat.cast_nonneg'.{0} Real
                (@AddGroupWithOne.toAddMonoidWithOne.{0} Real (@Ring.toAddGroupWithOne.{0} Real Real.instRing))
                Real.partialOrder
                (@IsOrderedAddMonoid.toAddLeftMono.{0} Real Real.instAddCommMonoid Real.partialOrder
                  Real.instIsOrderedAddMonoid)
                Real.instZeroLEOneClass n)
              (@Mathlib.Meta.Positivity.pos_of_isNat.{0} Real
                (@OfNat.ofNat.{0} Real (nat_lit 1) (@One.toOfNat1.{0} Real Real.instOne)) (nat_lit 1) Real.semiring
                Real.partialOrder Real.instIsOrderedRing Real.instNontrivial
                (@Mathlib.Meta.NormNum.isNat_ofNat.{0} Real
                  (@AddGroupWithOne.toAddMonoidWithOne.{0} Real (@Ring.toAddGroupWithOne.{0} Real Real.instRing))
                  (@OfNat.ofNat.{0} Real (nat_lit 1) (@One.toOfNat1.{0} Real Real.instOne)) (nat_lit 1)
                  (@Nat.cast_one.{0} Real
                    (@AddGroupWithOne.toAddMonoidWithOne.{0} Real (@Ring.toAddGroupWithOne.{0} Real Real.instRing))))
                (@Eq.refl.{1} Bool
                  (Nat.ble (@OfNat.ofNat.{0} Nat (nat_lit 1) (instOfNatNat (nat_lit 1))) (nat_lit 1))))))
          (@Mathlib.Meta.NormNum.isNNRat_lt_true.{0} Real
            (@DivisionSemiring.toSemiring.{0} Real
              (@Semifield.toDivisionSemiring.{0} Real (@Field.toSemifield.{0} Real Real.instField)))
            Real.linearOrder Real.instIsStrictOrderedRing
            (@instNontrivialOfCharZero.{0} Real
              (@AddCommMonoidWithOne.toAddMonoidWithOne.{0} Real
                (@NonAssocSemiring.toAddCommMonoidWithOne.{0} Real
                  (@Semiring.toNonAssocSemiring.{0} Real
                    (@DivisionSemiring.toSemiring.{0} Real
                      (@Semifield.toDivisionSemiring.{0} Real (@Field.toSemifield.{0} Real Real.instField))))))
              (@IsStrictOrderedRing.toCharZero.{0} Real
                (@DivisionSemiring.toSemiring.{0} Real
                  (@Semifield.toDivisionSemiring.{0} Real (@Field.toSemifield.{0} Real Real.instField)))
                (@SemilatticeInf.toPartialOrder.{0} Real
                  (@Lattice.toSemilatticeInf.{0} Real
                    (@DistribLattice.toLattice.{0} Real (@instDistribLatticeOfLinearOrder.{0} Real Real.linearOrder))))
                Real.instIsStrictOrderedRing))
            (@OfNat.ofNat.{0} Real (nat_lit 0) (@Zero.toOfNat0.{0} Real Real.instZero))
            (@HDiv.hDiv.{0, 0, 0} Real Real Real
              (@instHDiv.{0} Real (@DivInvMonoid.toDiv.{0} Real Real.instDivInvMonoid))
              (@OfNat.ofNat.{0} Real (nat_lit 1) (@One.toOfNat1.{0} Real Real.instOne))
              (@OfNat.ofNat.{0} Real (nat_lit 2)
                (@instOfNatAtLeastTwo.{0} Real (nat_lit 2) Real.instNatCast
                  (@Nat.instAtLeastTwoHAddOfNat (@OfNat.ofNat.{0} Nat (nat_lit 1) (instOfNatNat (nat_lit 1)))
                    (@Nat.instNeZeroSucc (@OfNat.ofNat.{0} Nat (nat_lit 0) (instOfNatNat (nat_lit 0))))))))
            (nat_lit 0) (nat_lit 1) (nat_lit 1) (nat_lit 2)
            (@Mathlib.Meta.NormNum.IsNat.to_isNNRat.{0} Real
              (@DivisionSemiring.toSemiring.{0} Real
                (@Semifield.toDivisionSemiring.{0} Real (@Field.toSemifield.{0} Real Real.instField)))
              (@OfNat.ofNat.{0} Real (nat_lit 0) (@Zero.toOfNat0.{0} Real Real.instZero)) (nat_lit 0)
              (@Mathlib.Meta.NormNum.isNat_ofNat.{0} Real
                (@AddGroupWithOne.toAddMonoidWithOne.{0} Real (@Ring.toAddGroupWithOne.{0} Real Real.instRing))
                (@OfNat.ofNat.{0} Real (nat_lit 0) (@Zero.toOfNat0.{0} Real Real.instZero)) (nat_lit 0)
                (@Nat.cast_zero.{0} Real
                  (@AddGroupWithOne.toAddMonoidWithOne.{0} Real (@Ring.toAddGroupWithOne.{0} Real Real.instRing)))))
            (@Mathlib.Meta.NormNum.isNNRat_div.{0} Real
              (@Semifield.toDivisionSemiring.{0} Real (@Field.toSemifield.{0} Real Real.instField))
              (@OfNat.ofNat.{0} Real (nat_lit 1) (@One.toOfNat1.{0} Real Real.instOne))
              (@OfNat.ofNat.{0} Real (nat_lit 2)
                (@instOfNatAtLeastTwo.{0} Real (nat_lit 2) Real.instNatCast
                  (@Nat.instAtLeastTwoHAddOfNat (@OfNat.ofNat.{0} Nat (nat_lit 1) (instOfNatNat (nat_lit 1)))
                    (@Nat.instNeZeroSucc (@OfNat.ofNat.{0} Nat (nat_lit 0) (instOfNatNat (nat_lit 0)))))))
              (nat_lit 1) (nat_lit 2)
              (@Mathlib.Meta.NormNum.isNNRat_mul.{0} Real
                (@DivisionSemiring.toSemiring.{0} Real
                  (@Semifield.toDivisionSemiring.{0} Real (@Field.toSemifield.{0} Real Real.instField)))
                (@HMul.hMul.{0, 0, 0} Real Real Real
                  (@instHMul.{0} Real
                    (@Distrib.toMul.{0} Real
                      (@NonUnitalNonAssocSemiring.toDistrib.{0} Real
                        (@NonAssocSemiring.toNonUnitalNonAssocSemiring.{0} Real
                          (@Semiring.toNonAssocSemiring.{0} Real Real.semiring))))))
                (@OfNat.ofNat.{0} Real (nat_lit 1) (@One.toOfNat1.{0} Real Real.instOne))
                (@Inv.inv.{0} Real
                  (@InvOneClass.toInv.{0} Real
                    (@DivInvOneMonoid.toInvOneClass.{0} Real
                      (@DivisionMonoid.toDivInvOneMonoid.{0} Real
                        (@GroupWithZero.toDivisionMonoid.{0} Real
                          (@DivisionSemiring.toGroupWithZero.{0} Real
                            (@Semifield.toDivisionSemiring.{0} Real (@Field.toSemifield.{0} Real Real.instField)))))))
                  (@OfNat.ofNat.{0} Real (nat_lit 2)
                    (@instOfNatAtLeastTwo.{0} Real (nat_lit 2) Real.instNatCast
                      (@Nat.instAtLeastTwoHAddOfNat (@OfNat.ofNat.{0} Nat (nat_lit 1) (instOfNatNat (nat_lit 1)))
                        (@Nat.instNeZeroSucc (@OfNat.ofNat.{0} Nat (nat_lit 0) (instOfNatNat (nat_lit 0))))))))
                (nat_lit 1) (nat_lit 1) (nat_lit 1) (nat_lit 1) (nat_lit 2) (nat_lit 2) (nat_lit 1)
                (@Eq.refl.{1} ((a a : Real) → Real)
                  (@HMul.hMul.{0, 0, 0} Real Real Real
                    (@instHMul.{0} Real
                      (@Distrib.toMul.{0} Real
                        (@NonUnitalNonAssocSemiring.toDistrib.{0} Real
                          (@NonAssocSemiring.toNonUnitalNonAssocSemiring.{0} Real
                            (@Semiring.toNonAssocSemiring.{0} Real Real.semiring)))))))
                (@Mathlib.Meta.NormNum.IsNat.to_isNNRat.{0} Real
                  (@DivisionSemiring.toSemiring.{0} Real
                    (@Semifield.toDivisionSemiring.{0} Real (@Field.toSemifield.{0} Real Real.instField)))
                  (@OfNat.ofNat.{0} Real (nat_lit 1) (@One.toOfNat1.{0} Real Real.instOne)) (nat_lit 1)
                  (@Mathlib.Meta.NormNum.isNat_ofNat.{0} Real
                    (@AddGroupWithOne.toAddMonoidWithOne.{0} Real (@Ring.toAddGroupWithOne.{0} Real Real.instRing))
                    (@OfNat.ofNat.{0} Real (nat_lit 1) (@One.toOfNat1.{0} Real Real.instOne)) (nat_lit 1)
                    (@Nat.cast_one.{0} Real
                      (@AddGroupWithOne.toAddMonoidWithOne.{0} Real (@Ring.toAddGroupWithOne.{0} Real Real.instRing)))))
                (@Mathlib.Meta.NormNum.isNNRat_inv_pos.{0} Real
                  (@Semifield.toDivisionSemiring.{0} Real (@Field.toSemifield.{0} Real Real.instField))
                  (@RCLike.charZero_rclike.{0} Real Real.instRCLike)
                  (@OfNat.ofNat.{0} Real (nat_lit 2)
                    (@instOfNatAtLeastTwo.{0} Real (nat_lit 2) Real.instNatCast
                      (@Nat.instAtLeastTwoHAddOfNat (@OfNat.ofNat.{0} Nat (nat_lit 1) (instOfNatNat (nat_lit 1)))
                        (@Nat.instNeZeroSucc (@OfNat.ofNat.{0} Nat (nat_lit 0) (instOfNatNat (nat_lit 0)))))))
                  (nat_lit 1) (nat_lit 1)
                  (@Mathlib.Meta.NormNum.IsNat.to_isNNRat.{0} Real
                    (@DivisionSemiring.toSemiring.{0} Real
                      (@Semifield.toDivisionSemiring.{0} Real (@Field.toSemifield.{0} Real Real.instField)))
                    (@OfNat.ofNat.{0} Real (nat_lit 2)
                      (@instOfNatAtLeastTwo.{0} Real (nat_lit 2) Real.instNatCast
                        (@Nat.instAtLeastTwoHAddOfNat (@OfNat.ofNat.{0} Nat (nat_lit 1) (instOfNatNat (nat_lit 1)))
                          (@Nat.instNeZeroSucc (@OfNat.ofNat.{0} Nat (nat_lit 0) (instOfNatNat (nat_lit 0)))))))
                    (nat_lit 2)
                    (@Mathlib.Meta.NormNum.isNat_ofNat.{0} Real
                      (@AddGroupWithOne.toAddMonoidWithOne.{0} Real (@Ring.toAddGroupWithOne.{0} Real Real.instRing))
                      (@OfNat.ofNat.{0} Real (nat_lit 2)
                        (@instOfNatAtLeastTwo.{0} Real (nat_lit 2) Real.instNatCast
                          (@Nat.instAtLeastTwoHAddOfNat (@OfNat.ofNat.{0} Nat (nat_lit 1) (instOfNatNat (nat_lit 1)))
                            (@Nat.instNeZeroSucc (@OfNat.ofNat.{0} Nat (nat_lit 0) (instOfNatNat (nat_lit 0)))))))
                      (nat_lit 2)
                      (@Eq.refl.{1} Real
                        (@OfNat.ofNat.{0} Real (nat_lit 2)
                          (@instOfNatAtLeastTwo.{0} Real (nat_lit 2)
                            (@AddMonoidWithOne.toNatCast.{0} Real
                              (@AddGroupWithOne.toAddMonoidWithOne.{0} Real
                                (@Ring.toAddGroupWithOne.{0} Real Real.instRing)))
                            (Mathlib.Meta.NormNum.instAtLeastTwo (nat_lit 0))))))))
                (@Eq.refl.{1} Nat (Nat.mul (nat_lit 1) (nat_lit 1))) (@Eq.refl.{1} Nat (nat_lit 2))))
            (@Eq.refl.{1} Bool Bool.true));
      have hδlt1 : ⋯ :=
        @lt_of_le_of_lt.{0} Real Real.instPreorder δ
          (@HDiv.hDiv.{0, 0, 0} Real Real Real (@instHDiv.{0} Real (@DivInvMonoid.toDiv.{0} Real Real.instDivInvMonoid))
            (@OfNat.ofNat.{0} Real (nat_lit 1) (@One.toOfNat1.{0} Real Real.instOne))
            (@OfNat.ofNat.{0} Real (nat_lit 2)
              (@instOfNatAtLeastTwo.{0} Real (nat_lit 2) Real.instNatCast
                (@Nat.instAtLeastTwoHAddOfNat (@OfNat.ofNat.{0} Nat (nat_lit 1) (instOfNatNat (nat_lit 1)))
                  (@Nat.instNeZeroSucc (@OfNat.ofNat.{0} Nat (nat_lit 0) (instOfNatNat (nat_lit 0))))))))
          (@OfNat.ofNat.{0} Real (nat_lit 1) (@One.toOfNat1.{0} Real Real.instOne))
          (@min_le_right.{0} Real Real.linearOrder
            (@HDiv.hDiv.{0, 0, 0} Real Real Real
              (@instHDiv.{0} Real (@DivInvMonoid.toDiv.{0} Real Real.instDivInvMonoid))
              (@OfNat.ofNat.{0} Real (nat_lit 1) (@One.toOfNat1.{0} Real Real.instOne))
              (@HAdd.hAdd.{0, 0, 0} Real Real Real (@instHAdd.{0} Real Real.instAdd)
                (@Nat.cast.{0} Real Real.instNatCast n)
                (@OfNat.ofNat.{0} Real (nat_lit 1) (@One.toOfNat1.{0} Real Real.instOne))))
            (@HDiv.hDiv.{0, 0, 0} Real Real Real
              (@instHDiv.{0} Real (@DivInvMonoid.toDiv.{0} Real Real.instDivInvMonoid))
              (@OfNat.ofNat.{0} Real (nat_lit 1) (@One.toOfNat1.{0} Real Real.instOne))
              (@OfNat.ofNat.{0} Real (nat_lit 2)
                (@instOfNatAtLeastTwo.{0} Real (nat_lit 2) Real.instNatCast
                  (@Nat.instAtLeastTwoHAddOfNat (@OfNat.ofNat.{0} Nat (nat_lit 1) (instOfNatNat (nat_lit 1)))
                    (@Nat.instNeZeroSucc (@OfNat.ofNat.{0} Nat (nat_lit 0) (instOfNatNat (nat_lit 0)))))))))
          (@Mathlib.Meta.NormNum.isNNRat_lt_true.{0} Real
            (@DivisionSemiring.toSemiring.{0} Real
              (@Semifield.toDivisionSemiring.{0} Real (@Field.toSemifield.{0} Real Real.instField)))
            Real.linearOrder Real.instIsStrictOrderedRing
            (@instNontrivialOfCharZero.{0} Real
              (@AddCommMonoidWithOne.toAddMonoidWithOne.{0} Real
                (@NonAssocSemiring.toAddCommMonoidWithOne.{0} Real
                  (@Semiring.toNonAssocSemiring.{0} Real
                    (@DivisionSemiring.toSemiring.{0} Real
                      (@Semifield.toDivisionSemiring.{0} Real (@Field.toSemifield.{0} Real Real.instField))))))
              (@IsStrictOrderedRing.toCharZero.{0} Real
                (@DivisionSemiring.toSemiring.{0} Real
                  (@Semifield.toDivisionSemiring.{0} Real (@Field.toSemifield.{0} Real Real.instField)))
                (@SemilatticeInf.toPartialOrder.{0} Real
                  (@Lattice.toSemilatticeInf.{0} Real
                    (@DistribLattice.toLattice.{0} Real (@instDistribLatticeOfLinearOrder.{0} Real Real.linearOrder))))
                Real.instIsStrictOrderedRing))
            (@HDiv.hDiv.{0, 0, 0} Real Real Real
              (@instHDiv.{0} Real (@DivInvMonoid.toDiv.{0} Real Real.instDivInvMonoid))
              (@OfNat.ofNat.{0} Real (nat_lit 1) (@One.toOfNat1.{0} Real Real.instOne))
              (@OfNat.ofNat.{0} Real (nat_lit 2)
                (@instOfNatAtLeastTwo.{0} Real (nat_lit 2) Real.instNatCast
                  (@Nat.instAtLeastTwoHAddOfNat (@OfNat.ofNat.{0} Nat (nat_lit 1) (instOfNatNat (nat_lit 1)))
                    (@Nat.instNeZeroSucc (@OfNat.ofNat.{0} Nat (nat_lit 0) (instOfNatNat (nat_lit 0))))))))
            (@OfNat.ofNat.{0} Real (nat_lit 1) (@One.toOfNat1.{0} Real Real.instOne)) (nat_lit 1) (nat_lit 1)
            (nat_lit 2) (nat_lit 1)
            (@Mathlib.Meta.NormNum.isNNRat_div.{0} Real
              (@Semifield.toDivisionSemiring.{0} Real (@Field.toSemifield.{0} Real Real.instField))
              (@OfNat.ofNat.{0} Real (nat_lit 1) (@One.toOfNat1.{0} Real Real.instOne))
              (@OfNat.ofNat.{0} Real (nat_lit 2)
                (@instOfNatAtLeastTwo.{0} Real (nat_lit 2) Real.instNatCast
                  (@Nat.instAtLeastTwoHAddOfNat (@OfNat.ofNat.{0} Nat (nat_lit 1) (instOfNatNat (nat_lit 1)))
                    (@Nat.instNeZeroSucc (@OfNat.ofNat.{0} Nat (nat_lit 0) (instOfNatNat (nat_lit 0)))))))
              (nat_lit 1) (nat_lit 2)
              (@Mathlib.Meta.NormNum.isNNRat_mul.{0} Real
                (@DivisionSemiring.toSemiring.{0} Real
                  (@Semifield.toDivisionSemiring.{0} Real (@Field.toSemifield.{0} Real Real.instField)))
                (@HMul.hMul.{0, 0, 0} Real Real Real
                  (@instHMul.{0} Real
                    (@Distrib.toMul.{0} Real
                      (@NonUnitalNonAssocSemiring.toDistrib.{0} Real
                        (@NonAssocSemiring.toNonUnitalNonAssocSemiring.{0} Real
                          (@Semiring.toNonAssocSemiring.{0} Real Real.semiring))))))
                (@OfNat.ofNat.{0} Real (nat_lit 1) (@One.toOfNat1.{0} Real Real.instOne))
                (@Inv.inv.{0} Real
                  (@InvOneClass.toInv.{0} Real
                    (@DivInvOneMonoid.toInvOneClass.{0} Real
                      (@DivisionMonoid.toDivInvOneMonoid.{0} Real
                        (@GroupWithZero.toDivisionMonoid.{0} Real
                          (@DivisionSemiring.toGroupWithZero.{0} Real
                            (@Semifield.toDivisionSemiring.{0} Real (@Field.toSemifield.{0} Real Real.instField)))))))
                  (@OfNat.ofNat.{0} Real (nat_lit 2)
                    (@instOfNatAtLeastTwo.{0} Real (nat_lit 2) Real.instNatCast
                      (@Nat.instAtLeastTwoHAddOfNat (@OfNat.ofNat.{0} Nat (nat_lit 1) (instOfNatNat (nat_lit 1)))
                        (@Nat.instNeZeroSucc (@OfNat.ofNat.{0} Nat (nat_lit 0) (instOfNatNat (nat_lit 0))))))))
                (nat_lit 1) (nat_lit 1) (nat_lit 1) (nat_lit 1) (nat_lit 2) (nat_lit 2) (nat_lit 1)
                (@Eq.refl.{1} ((a a : Real) → Real)
                  (@HMul.hMul.{0, 0, 0} Real Real Real
                    (@instHMul.{0} Real
                      (@Distrib.toMul.{0} Real
                        (@NonUnitalNonAssocSemiring.toDistrib.{0} Real
                          (@NonAssocSemiring.toNonUnitalNonAssocSemiring.{0} Real
                            (@Semiring.toNonAssocSemiring.{0} Real Real.semiring)))))))
                (@Mathlib.Meta.NormNum.IsNat.to_isNNRat.{0} Real
                  (@DivisionSemiring.toSemiring.{0} Real
                    (@Semifield.toDivisionSemiring.{0} Real (@Field.toSemifield.{0} Real Real.instField)))
                  (@OfNat.ofNat.{0} Real (nat_lit 1) (@One.toOfNat1.{0} Real Real.instOne)) (nat_lit 1)
                  (@Mathlib.Meta.NormNum.isNat_ofNat.{0} Real
                    (@AddGroupWithOne.toAddMonoidWithOne.{0} Real (@Ring.toAddGroupWithOne.{0} Real Real.instRing))
                    (@OfNat.ofNat.{0} Real (nat_lit 1) (@One.toOfNat1.{0} Real Real.instOne)) (nat_lit 1)
                    (@Nat.cast_one.{0} Real
                      (@AddGroupWithOne.toAddMonoidWithOne.{0} Real (@Ring.toAddGroupWithOne.{0} Real Real.instRing)))))
                (@Mathlib.Meta.NormNum.isNNRat_inv_pos.{0} Real
                  (@Semifield.toDivisionSemiring.{0} Real (@Field.toSemifield.{0} Real Real.instField))
                  (@RCLike.charZero_rclike.{0} Real Real.instRCLike)
                  (@OfNat.ofNat.{0} Real (nat_lit 2)
                    (@instOfNatAtLeastTwo.{0} Real (nat_lit 2) Real.instNatCast
                      (@Nat.instAtLeastTwoHAddOfNat (@OfNat.ofNat.{0} Nat (nat_lit 1) (instOfNatNat (nat_lit 1)))
                        (@Nat.instNeZeroSucc (@OfNat.ofNat.{0} Nat (nat_lit 0) (instOfNatNat (nat_lit 0)))))))
                  (nat_lit 1) (nat_lit 1)
                  (@Mathlib.Meta.NormNum.IsNat.to_isNNRat.{0} Real
                    (@DivisionSemiring.toSemiring.{0} Real
                      (@Semifield.toDivisionSemiring.{0} Real (@Field.toSemifield.{0} Real Real.instField)))
                    (@OfNat.ofNat.{0} Real (nat_lit 2)
                      (@instOfNatAtLeastTwo.{0} Real (nat_lit 2) Real.instNatCast
                        (@Nat.instAtLeastTwoHAddOfNat (@OfNat.ofNat.{0} Nat (nat_lit 1) (instOfNatNat (nat_lit 1)))
                          (@Nat.instNeZeroSucc (@OfNat.ofNat.{0} Nat (nat_lit 0) (instOfNatNat (nat_lit 0)))))))
                    (nat_lit 2)
                    (@Mathlib.Meta.NormNum.isNat_ofNat.{0} Real
                      (@AddGroupWithOne.toAddMonoidWithOne.{0} Real (@Ring.toAddGroupWithOne.{0} Real Real.instRing))
                      (@OfNat.ofNat.{0} Real (nat_lit 2)
                        (@instOfNatAtLeastTwo.{0} Real (nat_lit 2) Real.instNatCast
                          (@Nat.instAtLeastTwoHAddOfNat (@OfNat.ofNat.{0} Nat (nat_lit 1) (instOfNatNat (nat_lit 1)))
                            (@Nat.instNeZeroSucc (@OfNat.ofNat.{0} Nat (nat_lit 0) (instOfNatNat (nat_lit 0)))))))
                      (nat_lit 2)
                      (@Eq.refl.{1} Real
                        (@OfNat.ofNat.{0} Real (nat_lit 2)
                          (@instOfNatAtLeastTwo.{0} Real (nat_lit 2)
                            (@AddMonoidWithOne.toNatCast.{0} Real
                              (@AddGroupWithOne.toAddMonoidWithOne.{0} Real
                                (@Ring.toAddGroupWithOne.{0} Real Real.instRing)))
                            (Mathlib.Meta.NormNum.instAtLeastTwo (nat_lit 0))))))))
                (@Eq.refl.{1} Nat (Nat.mul (nat_lit 1) (nat_lit 1))) (@Eq.refl.{1} Nat (nat_lit 2))))
            (@Mathlib.Meta.NormNum.IsNat.to_isNNRat.{0} Real
              (@DivisionSemiring.toSemiring.{0} Real
                (@Semifield.toDivisionSemiring.{0} Real (@Field.toSemifield.{0} Real Real.instField)))
              (@OfNat.ofNat.{0} Real (nat_lit 1) (@One.toOfNat1.{0} Real Real.instOne)) (nat_lit 1)
              (@Mathlib.Meta.NormNum.isNat_ofNat.{0} Real
                (@AddGroupWithOne.toAddMonoidWithOne.{0} Real (@Ring.toAddGroupWithOne.{0} Real Real.instRing))
                (@OfNat.ofNat.{0} Real (nat_lit 1) (@One.toOfNat1.{0} Real Real.instOne)) (nat_lit 1)
                (@Nat.cast_one.{0} Real
                  (@AddGroupWithOne.toAddMonoidWithOne.{0} Real (@Ring.toAddGroupWithOne.{0} Real Real.instRing)))))
            (@Eq.refl.{1} Bool Bool.true));
      have hNotGood : ⋯ :=
        fun
          (hGood :
            ∀ (h : Real),
              @LT.lt.{0} Real Real.instLT (@OfNat.ofNat.{0} Real (nat_lit 0) (@Zero.toOfNat0.{0} Real Real.instZero))
                  h →
                @LT.lt.{0} Real Real.instLT h δ →
                  ∀ (p : Fin m → Real),
                    @N33Affine.InCube m a b p →
                      ∀ (j : @N33Affine.FiniteFamily.Index m (@N33Affine.BoxFamily.family m a b F)),
                        @N33Affine.Active.{0} m (@N33Affine.FiniteFamily.Index m (@N33Affine.BoxFamily.family m a b F))
                            (@N33Affine.FiniteFamily.label m (@N33Affine.BoxFamily.family m a b F)) j h p →
                          ∀ (i : Fin m),
                            @LT.lt.{0} Real Real.instLT
                              (@abs.{0} Real Real.lattice Real.instAddGroup
                                (@HSub.hSub.{0, 0, 0} Real Real Real (@instHSub.{0} Real Real.instSub) (p i)
                                  (@N33Affine.Label.slope m
                                    (@N33Affine.FiniteFamily.label m (@N33Affine.BoxFamily.family m a b F) j) i)))
                              (E
                                (@N33Affine.Label.slope m
                                  (@N33Affine.FiniteFamily.label m (@N33Affine.BoxFamily.family m a b F) j)))) =>
        hNo
          (@Exists.intro.{1} Real
            (fun (hAct : Real) =>
              And
                (@LT.lt.{0} Real Real.instLT (@OfNat.ofNat.{0} Real (nat_lit 0) (@Zero.toOfNat0.{0} Real Real.instZero))
                  hAct)
                (And
                  (@LT.lt.{0} Real Real.instLT hAct
                    (@OfNat.ofNat.{0} Real (nat_lit 1) (@One.toOfNat1.{0} Real Real.instOne)))
                  (∀ (h : Real),
                    @LT.lt.{0} Real Real.instLT
                        (@OfNat.ofNat.{0} Real (nat_lit 0) (@Zero.toOfNat0.{0} Real Real.instZero)) h →
                      @LT.lt.{0} Real Real.instLT h hAct →
                        ∀ (p : Fin m → Real),
                          @N33Affine.InCube m a b p →
                            ∀ (j : @N33Affine.FiniteFamily.Index m (@N33Affine.BoxFamily.family m a b F)),
                              @N33Affine.Active.{0} m
                                  (@N33Affine.FiniteFamily.Index m (@N33Affine.BoxFamily.family m a b F))
                                  (@N33Affine.FiniteFamily.label m (@N33Affine.BoxFamily.family m a b F)) j h p →
                                ∀ (i : Fin m),
                                  @LT.lt.{0} Real Real.instLT
                                    (@abs.{0} Real Real.lattice Real.instAddGroup
                                      (@HSub.hSub.{0, 0, 0} Real Real Real (@instHSub.{0} Real Real.instSub) (p i)
                                        (@N33Affine.Label.slope m
                                          (@N33Affine.FiniteFamily.label m (@N33Affine.BoxFamily.family m a b F) j) i)))
                                    (E
                                      (@N33Affine.Label.slope m
                                        (@N33Affine.FiniteFamily.label m (@N33Affine.BoxFamily.family m a b F) j))))))
            δ
            (@And.intro
              (@LT.lt.{0} Real Real.instLT (@OfNat.ofNat.{0} Real (nat_lit 0) (@Zero.toOfNat0.{0} Real Real.instZero))
                δ)
              (And
                (@LT.lt.{0} Real Real.instLT δ
                  (@OfNat.ofNat.{0} Real (nat_lit 1) (@One.toOfNat1.{0} Real Real.instOne)))
                (∀ (h : Real),
                  @LT.lt.{0} Real Real.instLT
                      (@OfNat.ofNat.{0} Real (nat_lit 0) (@Zero.toOfNat0.{0} Real Real.instZero)) h →
                    @LT.lt.{0} Real Real.instLT h δ →
                      ∀ (p : Fin m → Real),
                        @N33Affine.InCube m a b p →
                          ∀ (j : @N33Affine.FiniteFamily.Index m (@N33Affine.BoxFamily.family m a b F)),
                            @N33Affine.Active.{0} m
                                (@N33Affine.FiniteFamily.Index m (@N33Affine.BoxFamily.family m a b F))
                                (@N33Affine.FiniteFamily.label m (@N33Affine.BoxFamily.family m a b F)) j h p →
                              ∀ (i : Fin m),
                                @LT.lt.{0} Real Real.instLT
                                  (@abs.{0} Real Real.lattice Real.instAddGroup
                                    (@HSub.hSub.{0, 0, 0} Real Real Real (@instHSub.{0} Real Real.instSub) (p i)
                                      (@N33Affine.Label.slope m
                                        (@N33Affine.FiniteFamily.label m (@N33Affine.BoxFamily.family m a b F) j) i)))
                                  (E
                                    (@N33Affine.Label.slope m
                                      (@N33Affine.FiniteFamily.label m (@N33Affine.BoxFamily.family m a b F) j)))))
              hδpos
              (@And.intro
                (@LT.lt.{0} Real Real.instLT δ
                  (@OfNat.ofNat.{0} Real (nat_lit 1) (@One.toOfNat1.{0} Real Real.instOne)))
                (∀ (h : Real),
                  @LT.lt.{0} Real Real.instLT
                      (@OfNat.ofNat.{0} Real (nat_lit 0) (@Zero.toOfNat0.{0} Real Real.instZero)) h →
                    @LT.lt.{0} Real Real.instLT h δ →
                      ∀ (p : Fin m → Real),
                        @N33Affine.InCube m a b p →
                          ∀ (j : @N33Affine.FiniteFamily.Index m (@N33Affine.BoxFamily.family m a b F)),
                            @N33Affine.Active.{0} m
                                (@N33Affine.FiniteFamily.Index m (@N33Affine.BoxFamily.family m a b F))
                                (@N33Affine.FiniteFamily.label m (@N33Affine.BoxFamily.family m a b F)) j h p →
                              ∀ (i : Fin m),
                                @LT.lt.{0} Real Real.instLT
                                  (@abs.{0} Real Real.lattice Real.instAddGroup
                                    (@HSub.hSub.{0, 0, 0} Real Real Real (@instHSub.{0} Real Real.instSub) (p i)
                                      (@N33Affine.Label.slope m
                                        (@N33Affine.FiniteFamily.label m (@N33Affine.BoxFamily.family m a b F) j) i)))
                                  (E
                                    (@N33Affine.Label.slope m
                                      (@N33Affine.FiniteFamily.label m (@N33Affine.BoxFamily.family m a b F) j))))
                hδlt1 hGood)));
      @Exists.casesOn.{1} Real
        (fun (h : Real) =>
          And
            (@LT.lt.{0} Real Real.instLT (@OfNat.ofNat.{0} Real (nat_lit 0) (@Zero.toOfNat0.{0} Real Real.instZero)) h)
            (And (@LT.lt.{0} Real Real.instLT h δ)
              (@Exists.{1} (Fin m → Real) fun (p : Fin m → Real) =>
                And (@N33Affine.InCube m a b p)
                  (@Exists.{1} (@N33Affine.FiniteFamily.Index m (@N33Affine.BoxFamily.family m a b F))
                    fun (j : @N33Affine.FiniteFamily.Index m (@N33Affine.BoxFamily.family m a b F)) =>
                    And
                      (@N33Affine.Active.{0} m (@N33Affine.FiniteFamily.Index m (@N33Affine.BoxFamily.family m a b F))
                        (@N33Affine.FiniteFamily.label m (@N33Affine.BoxFamily.family m a b F)) j h p)
                      (@Exists.{1} (Fin m) fun (i : Fin m) =>
                        @LE.le.{0} Real
                          (@Preorder.toLE.{0} Real
                            (@PartialOrder.toPreorder.{0} Real (@LinearOrder.toPartialOrder.{0} Real Real.linearOrder)))
                          (E
                            (@N33Affine.Label.slope m
                              (@N33Affine.FiniteFamily.label m (@N33Affine.BoxFamily.family m a b F) j)))
                          (@abs.{0} Real Real.lattice Real.instAddGroup
                            (@HSub.hSub.{0, 0, 0} Real Real Real (@instHSub.{0} Real Real.instSub) (p i)
                              (@N33Affine.Label.slope m
                                (@N33Affine.FiniteFamily.label m (@N33Affine.BoxFamily.family m a b F) j) i))))))))
        (fun
            (x :
              @Exists.{1} Real fun (h : Real) =>
                And
                  (@LT.lt.{0} Real Real.instLT
                    (@OfNat.ofNat.{0} Real (nat_lit 0) (@Zero.toOfNat0.{0} Real Real.instZero)) h)
                  (And (@LT.lt.{0} Real Real.instLT h δ)
                    (@Exists.{1} (Fin m → Real) fun (p : Fin m → Real) =>
                      And (@N33Affine.InCube m a b p)
                        (@Exists.{1} (@N33Affine.FiniteFamily.Index m (@N33Affine.BoxFamily.family m a b F))
                          fun (j : @N33Affine.FiniteFamily.Index m (@N33Affine.BoxFamily.family m a b F)) =>
                          And
                            (@N33Affine.Active.{0} m
                              (@N33Affine.FiniteFamily.Index m (@N33Affine.BoxFamily.family m a b F))
                              (@N33Affine.FiniteFamily.label m (@N33Affine.BoxFamily.family m a b F)) j h p)
                            (@Exists.{1} (Fin m) fun (i : Fin m) =>
                              @LE.le.{0} Real
                                (@Preorder.toLE.{0} Real
                                  (@PartialOrder.toPreorder.{0} Real
                                    (@LinearOrder.toPartialOrder.{0} Real Real.linearOrder)))
                                (E
                                  (@N33Affine.Label.slope m
                                    (@N33Affine.FiniteFamily.label m (@N33Affine.BoxFamily.family m a b F) j)))
                                (@abs.{0} Real Real.lattice Real.instAddGroup
                                  (@HSub.hSub.{0, 0, 0} Real Real Real (@instHSub.{0} Real Real.instSub) (p i)
                                    (@N33Affine.Label.slope m
                                      (@N33Affine.FiniteFamily.label m (@N33Affine.BoxFamily.family m a b F) j)
                                      i)))))))) =>
          @Exists.{1} Real fun (h : Real) =>
            @Exists.{1} (Fin m → Real) fun (p : Fin m → Real) =>
              @Exists.{1} (@N33Affine.FiniteFamily.Index m (@N33Affine.BoxFamily.family m a b F))
                fun (j : @N33Affine.FiniteFamily.Index m (@N33Affine.BoxFamily.family m a b F)) =>
                @Exists.{1} (Fin m) fun (i : Fin m) =>
                  And
                    (@LT.lt.{0} Real Real.instLT
                      (@OfNat.ofNat.{0} Real (nat_lit 0) (@Zero.toOfNat0.{0} Real Real.instZero)) h)
                    (And
                      (@LT.lt.{0} Real Real.instLT h
                        (@HDiv.hDiv.{0, 0, 0} Real Real Real
                          (@instHDiv.{0} Real (@DivInvMonoid.toDiv.{0} Real Real.instDivInvMonoid))
                          (@OfNat.ofNat.{0} Real (nat_lit 1) (@One.toOfNat1.{0} Real Real.instOne))
                          (@HAdd.hAdd.{0, 0, 0} Real Real Real (@instHAdd.{0} Real Real.instAdd)
                            (@Nat.cast.{0} Real Real.instNatCast n)
                            (@OfNat.ofNat.{0} Real (nat_lit 1) (@One.toOfNat1.{0} Real Real.instOne)))))
                      (And (@N33Affine.InCube m a b p)
                        (And
                          (@N33Affine.Active.{0} m
                            (@N33Affine.FiniteFamily.Index m (@N33Affine.BoxFamily.family m a b F))
                            (@N33Affine.FiniteFamily.label m (@N33Affine.BoxFamily.family m a b F)) j h p)
                          (@LE.le.{0} Real Real.instLE
                            (E
                              (@N33Affine.Label.slope m
                                (@N33Affine.FiniteFamily.label m (@N33Affine.BoxFamily.family m a b F) j)))
                            (@abs.{0} Real Real.lattice Real.instAddGroup
                              (@HSub.hSub.{0, 0, 0} Real Real Real (@instHSub.{0} Real Real.instSub) (p i)
                                (@N33Affine.Label.slope m
                                  (@N33Affine.FiniteFamily.label m (@N33Affine.BoxFamily.family m a b F) j) i))))))))
        (@Eq.mp.{0}
          (Not
            (∀ (h : Real),
              @LT.lt.{0} Real Real.instLT (@OfNat.ofNat.{0} Real (nat_lit 0) (@Zero.toOfNat0.{0} Real Real.instZero))
                  h →
                @LT.lt.{0} Real Real.instLT h δ →
                  ∀ (p : Fin m → Real),
                    @N33Affine.InCube m a b p →
                      ∀ (j : @N33Affine.FiniteFamily.Index m (@N33Affine.BoxFamily.family m a b F)),
                        @N33Affine.Active.{0} m (@N33Affine.FiniteFamily.Index m (@N33Affine.BoxFamily.family m a b F))
                            (@N33Affine.FiniteFamily.label m (@N33Affine.BoxFamily.family m a b F)) j h p →
                          ∀ (i : Fin m),
                            @LT.lt.{0} Real Real.instLT
                              (@abs.{0} Real Real.lattice Real.instAddGroup
                                (@HSub.hSub.{0, 0, 0} Real Real Real (@instHSub.{0} Real Real.instSub) (p i)
                                  (@N33Affine.Label.slope m
                                    (@N33Affine.FiniteFamily.label m (@N33Affine.BoxFamily.family m a b F) j) i)))
                              (E
                                (@N33Affine.Label.slope m
                                  (@N33Affine.FiniteFamily.label m (@N33Affine.BoxFamily.family m a b F) j)))))
          (@Exists.{1} Real fun (h : Real) =>
            And
              (@LT.lt.{0} Real Real.instLT (@OfNat.ofNat.{0} Real (nat_lit 0) (@Zero.toOfNat0.{0} Real Real.instZero))
                h)
              (And (@LT.lt.{0} Real Real.instLT h δ)
                (@Exists.{1} (Fin m → Real) fun (p : Fin m → Real) =>
                  And (@N33Affine.InCube m a b p)
                    (@Exists.{1} (@N33Affine.FiniteFamily.Index m (@N33Affine.BoxFamily.family m a b F))
                      fun (j : @N33Affine.FiniteFamily.Index m (@N33Affine.BoxFamily.family m a b F)) =>
                      And
                        (@N33Affine.Active.{0} m (@N33Affine.FiniteFamily.Index m (@N33Affine.BoxFamily.family m a b F))
                          (@N33Affine.FiniteFamily.label m (@N33Affine.BoxFamily.family m a b F)) j h p)
                        (@Exists.{1} (Fin m) fun (i : Fin m) =>
                          @LE.le.{0} Real
                            (@Preorder.toLE.{0} Real
                              (@PartialOrder.toPreorder.{0} Real
                                (@LinearOrder.toPartialOrder.{0} Real Real.linearOrder)))
                            (E
                              (@N33Affine.Label.slope m
                                (@N33Affine.FiniteFamily.label m (@N33Affine.BoxFamily.family m a b F) j)))
                            (@abs.{0} Real Real.lattice Real.instAddGroup
                              (@HSub.hSub.{0, 0, 0} Real Real Real (@instHSub.{0} Real Real.instSub) (p i)
                                (@N33Affine.Label.slope m
                                  (@N33Affine.FiniteFamily.label m (@N33Affine.BoxFamily.family m a b F) j) i))))))))
          (@Eq.trans.{1} Prop
            (Not
              (∀ (x : Real),
                @LT.lt.{0} Real Real.instLT (@OfNat.ofNat.{0} Real (nat_lit 0) (@Zero.toOfNat0.{0} Real Real.instZero))
                    x →
                  @LT.lt.{0} Real Real.instLT x δ →
                    ∀ (p : Fin m → Real),
                      @N33Affine.InCube m a b p →
                        ∀ (j : @N33Affine.FiniteFamily.Index m (@N33Affine.BoxFamily.family m a b F)),
                          @N33Affine.Active.{0} m
                              (@N33Affine.FiniteFamily.Index m (@N33Affine.BoxFamily.family m a b F))
                              (@N33Affine.FiniteFamily.label m (@N33Affine.BoxFamily.family m a b F)) j x p →
                            ∀ (i : Fin m),
                              @LT.lt.{0} Real Real.instLT
                                (@abs.{0} Real Real.lattice Real.instAddGroup
                                  (@HSub.hSub.{0, 0, 0} Real Real Real (@instHSub.{0} Real Real.instSub) (p i)
                                    (@N33Affine.Label.slope m
                                      (@N33Affine.FiniteFamily.label m (@N33Affine.BoxFamily.family m a b F) j) i)))
                                (E
                                  (@N33Affine.Label.slope m
                                    (@N33Affine.FiniteFamily.label m (@N33Affine.BoxFamily.family m a b F) j)))))
            (@Exists.{1} Real fun (x : Real) =>
              Not
                (@LT.lt.{0} Real Real.instLT (@OfNat.ofNat.{0} Real (nat_lit 0) (@Zero.toOfNat0.{0} Real Real.instZero))
                    x →
                  @LT.lt.{0} Real Real.instLT x δ →
                    ∀ (p : Fin m → Real),
                      @N33Affine.InCube m a b p →
                        ∀ (j : @N33Affine.FiniteFamily.Index m (@N33Affine.BoxFamily.family m a b F)),
                          @N33Affine.Active.{0} m
                              (@N33Affine.FiniteFamily.Index m (@N33Affine.BoxFamily.family m a b F))
                              (@N33Affine.FiniteFamily.label m (@N33Affine.BoxFamily.family m a b F)) j x p →
                            ∀ (i : Fin m),
                              @LT.lt.{0} Real Real.instLT
                                (@abs.{0} Real Real.lattice Real.instAddGroup
                                  (@HSub.hSub.{0, 0, 0} Real Real Real (@instHSub.{0} Real Real.instSub) (p i)
                                    (@N33Affine.Label.slope m
                                      (@N33Affine.FiniteFamily.label m (@N33Affine.BoxFamily.family m a b F) j) i)))
                                (E
                                  (@N33Affine.Label.slope m
                                    (@N33Affine.FiniteFamily.label m (@N33Affine.BoxFamily.family m a b F) j)))))
            (@Exists.{1} Real fun (h : Real) =>
              And
                (@LT.lt.{0} Real Real.instLT (@OfNat.ofNat.{0} Real (nat_lit 0) (@Zero.toOfNat0.{0} Real Real.instZero))
                  h)
                (And (@LT.lt.{0} Real Real.instLT h δ)
                  (@Exists.{1} (Fin m → Real) fun (p : Fin m → Real) =>
                    And (@N33Affine.InCube m a b p)
                      (@Exists.{1} (@N33Affine.FiniteFamily.Index m (@N33Affine.BoxFamily.family m a b F))
                        fun (j : @N33Affine.FiniteFamily.Index m (@N33Affine.BoxFamily.family m a b F)) =>
                        And
                          (@N33Affine.Active.{0} m
                            (@N33Affine.FiniteFamily.Index m (@N33Affine.BoxFamily.family m a b F))
                            (@N33Affine.FiniteFamily.label m (@N33Affine.BoxFamily.family m a b F)) j h p)
                          (@Exists.{1} (Fin m) fun (i : Fin m) =>
                            @LE.le.{0} Real
                              (@Preorder.toLE.{0} Real
                                (@PartialOrder.toPreorder.{0} Real
                                  (@LinearOrder.toPartialOrder.{0} Real Real.linearOrder)))
                              (E
                                (@N33Affine.Label.slope m
                                  (@N33Affine.FiniteFamily.label m (@N33Affine.BoxFamily.family m a b F) j)))
                              (@abs.{0} Real Real.lattice Real.instAddGroup
                                (@HSub.hSub.{0, 0, 0} Real Real Real (@instHSub.{0} Real Real.instSub) (p i)
                                  (@N33Affine.Label.slope m
                                    (@N33Affine.FiniteFamily.label m (@N33Affine.BoxFamily.family m a b F) j) i))))))))
            (@Mathlib.Tactic.Push.not_forall_eq.{1} Real fun (h : Real) =>
              @LT.lt.{0} Real Real.instLT (@OfNat.ofNat.{0} Real (nat_lit 0) (@Zero.toOfNat0.{0} Real Real.instZero))
                  h →
                @LT.lt.{0} Real Real.instLT h δ →
                  ∀ (p : Fin m → Real),
                    @N33Affine.InCube m a b p →
                      ∀ (j : @N33Affine.FiniteFamily.Index m (@N33Affine.BoxFamily.family m a b F)),
                        @N33Affine.Active.{0} m (@N33Affine.FiniteFamily.Index m (@N33Affine.BoxFamily.family m a b F))
                            (@N33Affine.FiniteFamily.label m (@N33Affine.BoxFamily.family m a b F)) j h p →
                          ∀ (i : Fin m),
                            @LT.lt.{0} Real Real.instLT
                              (@abs.{0} Real Real.lattice Real.instAddGroup
                                (@HSub.hSub.{0, 0, 0} Real Real Real (@instHSub.{0} Real Real.instSub) (p i)
                                  (@N33Affine.Label.slope m
                                    (@N33Affine.FiniteFamily.label m (@N33Affine.BoxFamily.family m a b F) j) i)))
                              (E
                                (@N33Affine.Label.slope m
                                  (@N33Affine.FiniteFamily.label m (@N33Affine.BoxFamily.family m a b F) j))))
            (@congrArg.{1, 1} ((h : Real) → Prop) Prop
              (fun (h : Real) =>
                Not
                  (@LT.lt.{0} Real Real.instLT
                      (@OfNat.ofNat.{0} Real (nat_lit 0) (@Zero.toOfNat0.{0} Real Real.instZero)) h →
                    @LT.lt.{0} Real Real.instLT h δ →
                      ∀ (p : Fin m → Real),
                        @N33Affine.InCube m a b p →
                          ∀ (j : @N33Affine.FiniteFamily.Index m (@N33Affine.BoxFamily.family m a b F)),
                            @N33Affine.Active.{0} m
                                (@N33Affine.FiniteFamily.Index m (@N33Affine.BoxFamily.family m a b F))
                                (@N33Affine.FiniteFamily.label m (@N33Affine.BoxFamily.family m a b F)) j h p →
                              ∀ (i : Fin m),
                                @LT.lt.{0} Real Real.instLT
                                  (@abs.{0} Real Real.lattice Real.instAddGroup
                                    (@HSub.hSub.{0, 0, 0} Real Real Real (@instHSub.{0} Real Real.instSub) (p i)
                                      (@N33Affine.Label.slope m
                                        (@N33Affine.FiniteFamily.label m (@N33Affine.BoxFamily.family m a b F) j) i)))
                                  (E
                                    (@N33Affine.Label.slope m
                                      (@N33Affine.FiniteFamily.label m (@N33Affine.BoxFamily.family m a b F) j)))))
              (fun (h : Real) =>
                And
                  (@LT.lt.{0} Real Real.instLT
                    (@OfNat.ofNat.{0} Real (nat_lit 0) (@Zero.toOfNat0.{0} Real Real.instZero)) h)
                  (And (@LT.lt.{0} Real Real.instLT h δ)
                    (@Exists.{1} (Fin m → Real) fun (p : Fin m → Real) =>
                      And (@N33Affine.InCube m a b p)
                        (@Exists.{1} (@N33Affine.FiniteFamily.Index m (@N33Affine.BoxFamily.family m a b F))
                          fun (j : @N33Affine.FiniteFamily.Index m (@N33Affine.BoxFamily.family m a b F)) =>
                          And
                            (@N33Affine.Active.{0} m
                              (@N33Affine.FiniteFamily.Index m (@N33Affine.BoxFamily.family m a b F))
                              (@N33Affine.FiniteFamily.label m (@N33Affine.BoxFamily.family m a b F)) j h p)
                            (@Exists.{1} (Fin m) fun (i : Fin m) =>
                              @LE.le.{0} Real
                                (@Preorder.toLE.{0} Real
                                  (@PartialOrder.toPreorder.{0} Real
                                    (@LinearOrder.toPartialOrder.{0} Real Real.linearOrder)))
                                (E
                                  (@N33Affine.Label.slope m
                                    (@N33Affine.FiniteFamily.label m (@N33Affine.BoxFamily.family m a b F) j)))
                                (@abs.{0} Real Real.lattice Real.instAddGroup
                                  (@HSub.hSub.{0, 0, 0} Real Real Real (@instHSub.{0} Real Real.instSub) (p i)
                                    (@N33Affine.Label.slope m
                                      (@N33Affine.FiniteFamily.label m (@N33Affine.BoxFamily.family m a b F) j)
                                      i))))))))
              (@Exists.{1} Real)
              (@funext.{1, 1} Real (fun (x : Real) => Prop)
                (fun (x : Real) =>
                  Not
                    (@LT.lt.{0} Real Real.instLT
                        (@OfNat.ofNat.{0} Real (nat_lit 0) (@Zero.toOfNat0.{0} Real Real.instZero)) x →
                      @LT.lt.{0} Real Real.instLT x δ →
                        ∀ (p : Fin m → Real),
                          @N33Affine.InCube m a b p →
                            ∀ (j : @N33Affine.FiniteFamily.Index m (@N33Affine.BoxFamily.family m a b F)),
                              @N33Affine.Active.{0} m
                                  (@N33Affine.FiniteFamily.Index m (@N33Affine.BoxFamily.family m a b F))
                                  (@N33Affine.FiniteFamily.label m (@N33Affine.BoxFamily.family m a b F)) j x p →
                                ∀ (i : Fin m),
                                  @LT.lt.{0} Real Real.instLT
                                    (@abs.{0} Real Real.lattice Real.instAddGroup
                                      (@HSub.hSub.{0, 0, 0} Real Real Real (@instHSub.{0} Real Real.instSub) (p i)
                                        (@N33Affine.Label.slope m
                                          (@N33Affine.FiniteFamily.label m (@N33Affine.BoxFamily.family m a b F) j) i)))
                                    (E
                                      (@N33Affine.Label.slope m
                                        (@N33Affine.FiniteFamily.label m (@N33Affine.BoxFamily.family m a b F) j)))))
                (fun (x : Real) =>
                  And
                    (@LT.lt.{0} Real Real.instLT
                      (@OfNat.ofNat.{0} Real (nat_lit 0) (@Zero.toOfNat0.{0} Real Real.instZero)) x)
                    (And (@LT.lt.{0} Real Real.instLT x δ)
                      (@Exists.{1} (Fin m → Real) fun (p : Fin m → Real) =>
                        And (@N33Affine.InCube m a b p)
                          (@Exists.{1} (@N33Affine.FiniteFamily.Index m (@N33Affine.BoxFamily.family m a b F))
                            fun (j : @N33Affine.FiniteFamily.Index m (@N33Affine.BoxFamily.family m a b F)) =>
                            And
                              (@N33Affine.Active.{0} m
                                (@N33Affine.FiniteFamily.Index m (@N33Affine.BoxFamily.family m a b F))
                                (@N33Affine.FiniteFamily.label m (@N33Affine.BoxFamily.family m a b F)) j x p)
                              (@Exists.{1} (Fin m) fun (i : Fin m) =>
                                @LE.le.{0} Real
                                  (@Preorder.toLE.{0} Real
                                    (@PartialOrder.toPreorder.{0} Real
                                      (@LinearOrder.toPartialOrder.{0} Real Real.linearOrder)))
                                  (E
                                    (@N33Affine.Label.slope m
                                      (@N33Affine.FiniteFamily.label m (@N33Affine.BoxFamily.family m a b F) j)))
                                  (@abs.{0} Real Real.lattice Real.instAddGroup
                                    (@HSub.hSub.{0, 0, 0} Real Real Real (@instHSub.{0} Real Real.instSub) (p i)
                                      (@N33Affine.Label.slope m
                                        (@N33Affine.FiniteFamily.label m (@N33Affine.BoxFamily.family m a b F) j)
                                        i))))))))
                fun (h : ⋯) =>
                @Eq.trans.{1} Prop
                  (Not
                    (@LT.lt.{0} Real Real.instLT
                        (@OfNat.ofNat.{0} Real (nat_lit 0) (@Zero.toOfNat0.{0} Real Real.instZero)) h →
                      @LT.lt.{0} Real Real.instLT h δ →
                        ∀ (p : Fin m → Real),
                          @N33Affine.InCube m a b p →
                            ∀ (j : @N33Affine.FiniteFamily.Index m (@N33Affine.BoxFamily.family m a b F)),
                              @N33Affine.Active.{0} m
                                  (@N33Affine.FiniteFamily.Index m (@N33Affine.BoxFamily.family m a b F))
                                  (@N33Affine.FiniteFamily.label m (@N33Affine.BoxFamily.family m a b F)) j h p →
                                ∀ (i : Fin m),
                                  @LT.lt.{0} Real Real.instLT
                                    (@abs.{0} Real Real.lattice Real.instAddGroup
                                      (@HSub.hSub.{0, 0, 0} Real Real Real (@instHSub.{0} Real Real.instSub) (p i)
                                        (@N33Affine.Label.slope m
                                          (@N33Affine.FiniteFamily.label m (@N33Affine.BoxFamily.family m a b F) j) i)))
                                    (E
                                      (@N33Affine.Label.slope m
                                        (@N33Affine.FiniteFamily.label m (@N33Affine.BoxFamily.family m a b F) j)))))
                  (And
                    (@LT.lt.{0} Real Real.instLT
                      (@OfNat.ofNat.{0} Real (nat_lit 0) (@Zero.toOfNat0.{0} Real Real.instZero)) h)
                    (Not
                      (@LT.lt.{0} Real Real.instLT h δ →
                        ∀ (p : Fin m → Real),
                          @N33Affine.InCube m a b p →
                            ∀ (j : @N33Affine.FiniteFamily.Index m (@N33Affine.BoxFamily.family m a b F)),
                              @N33Affine.Active.{0} m
                                  (@N33Affine.FiniteFamily.Index m (@N33Affine.BoxFamily.family m a b F))
                                  (@N33Affine.FiniteFamily.label m (@N33Affine.BoxFamily.family m a b F)) j h p →
                                ∀ (i : Fin m),
                                  @LT.lt.{0} Real Real.instLT
                                    (@abs.{0} Real Real.lattice Real.instAddGroup
                                      (@HSub.hSub.{0, 0, 0} Real Real Real (@instHSub.{0} Real Real.instSub) (p i)
                                        (@N33Affine.Label.slope m
                                          (@N33Affine.FiniteFamily.label m (@N33Affine.BoxFamily.family m a b F) j) i)))
                                    (E
                                      (@N33Affine.Label.slope m
                                        (@N33Affine.FiniteFamily.label m (@N33Affine.BoxFamily.family m a b F) j))))))
                  (And
                    (@LT.lt.{0} Real Real.instLT
                      (@OfNat.ofNat.{0} Real (nat_lit 0) (@Zero.toOfNat0.{0} Real Real.instZero)) h)
                    (And (@LT.lt.{0} Real Real.instLT h δ)
                      (@Exists.{1} (Fin m → Real) fun (p : Fin m → Real) =>
                        And (@N33Affine.InCube m a b p)
                          (@Exists.{1} (@N33Affine.FiniteFamily.Index m (@N33Affine.BoxFamily.family m a b F))
                            fun (j : @N33Affine.FiniteFamily.Index m (@N33Affine.BoxFamily.family m a b F)) =>
                            And
                              (@N33Affine.Active.{0} m
                                (@N33Affine.FiniteFamily.Index m (@N33Affine.BoxFamily.family m a b F))
                                (@N33Affine.FiniteFamily.label m (@N33Affine.BoxFamily.family m a b F)) j h p)
                              (@Exists.{1} (Fin m) fun (i : Fin m) =>
                                @LE.le.{0} Real
                                  (@Preorder.toLE.{0} Real
                                    (@PartialOrder.toPreorder.{0} Real
                                      (@LinearOrder.toPartialOrder.{0} Real Real.linearOrder)))
                                  (E
                                    (@N33Affine.Label.slope m
                                      (@N33Affine.FiniteFamily.label m (@N33Affine.BoxFamily.family m a b F) j)))
                                  (@abs.{0} Real Real.lattice Real.instAddGroup
                                    (@HSub.hSub.{0, 0, 0} Real Real Real (@instHSub.{0} Real Real.instSub) (p i)
                                      (@N33Affine.Label.slope m
                                        (@N33Affine.FiniteFamily.label m (@N33Affine.BoxFamily.family m a b F) j)
                                        i))))))))
                  (@Classical.not_imp._simp_2
                    (@LT.lt.{0} Real Real.instLT
                      (@OfNat.ofNat.{0} Real (nat_lit 0) (@Zero.toOfNat0.{0} Real Real.instZero)) h)
                    (@LT.lt.{0} Real Real.instLT h δ →
                      ∀ (p : Fin m → Real),
                        @N33Affine.InCube m a b p →
                          ∀ (j : @N33Affine.FiniteFamily.Index m (@N33Affine.BoxFamily.family m a b F)),
                            @N33Affine.Active.{0} m
                                (@N33Affine.FiniteFamily.Index m (@N33Affine.BoxFamily.family m a b F))
                                (@N33Affine.FiniteFamily.label m (@N33Affine.BoxFamily.family m a b F)) j h p →
                              ∀ (i : Fin m),
                                @LT.lt.{0} Real Real.instLT
                                  (@abs.{0} Real Real.lattice Real.instAddGroup
                                    (@HSub.hSub.{0, 0, 0} Real Real Real (@instHSub.{0} Real Real.instSub) (p i)
                                      (@N33Affine.Label.slope m
                                        (@N33Affine.FiniteFamily.label m (@N33Affine.BoxFamily.family m a b F) j) i)))
                                  (E
                                    (@N33Affine.Label.slope m
                                      (@N33Affine.FiniteFamily.label m (@N33Affine.BoxFamily.family m a b F) j)))))
                  (@congrArg.{1, 1} Prop Prop
                    (Not
                      (@LT.lt.{0} Real Real.instLT h δ →
                        ∀ (p : Fin m → Real),
                          @N33Affine.InCube m a b p →
                            ∀ (j : @N33Affine.FiniteFamily.Index m (@N33Affine.BoxFamily.family m a b F)),
                              @N33Affine.Active.{0} m
                                  (@N33Affine.FiniteFamily.Index m (@N33Affine.BoxFamily.family m a b F))
                                  (@N33Affine.FiniteFamily.label m (@N33Affine.BoxFamily.family m a b F)) j h p →
                                ∀ (i : Fin m),
                                  @LT.lt.{0} Real Real.instLT
                                    (@abs.{0} Real Real.lattice Real.instAddGroup
                                      (@HSub.hSub.{0, 0, 0} Real Real Real (@instHSub.{0} Real Real.instSub) (p i)
                                        (@N33Affine.Label.slope m
                                          (@N33Affine.FiniteFamily.label m (@N33Affine.BoxFamily.family m a b F) j) i)))
                                    (E
                                      (@N33Affine.Label.slope m
                                        (@N33Affine.FiniteFamily.label m (@N33Affine.BoxFamily.family m a b F) j)))))
                    (And (@LT.lt.{0} Real Real.instLT h δ)
                      (@Exists.{1} (Fin m → Real) fun (p : Fin m → Real) =>
                        And (@N33Affine.InCube m a b p)
                          (@Exists.{1} (@N33Affine.FiniteFamily.Index m (@N33Affine.BoxFamily.family m a b F))
                            fun (j : @N33Affine.FiniteFamily.Index m (@N33Affine.BoxFamily.family m a b F)) =>
                            And
                              (@N33Affine.Active.{0} m
                                (@N33Affine.FiniteFamily.Index m (@N33Affine.BoxFamily.family m a b F))
                                (@N33Affine.FiniteFamily.label m (@N33Affine.BoxFamily.family m a b F)) j h p)
                              (@Exists.{1} (Fin m) fun (i : Fin m) =>
                                @LE.le.{0} Real
                                  (@Preorder.toLE.{0} Real
                                    (@PartialOrder.toPreorder.{0} Real
                                      (@LinearOrder.toPartialOrder.{0} Real Real.linearOrder)))
                                  (E
                                    (@N33Affine.Label.slope m
                                      (@N33Affine.FiniteFamily.label m (@N33Affine.BoxFamily.family m a b F) j)))
                                  (@abs.{0} Real Real.lattice Real.instAddGroup
                                    (@HSub.hSub.{0, 0, 0} Real Real Real (@instHSub.{0} Real Real.instSub) (p i)
                                      (@N33Affine.Label.slope m
                                        (@N33Affine.FiniteFamily.label m (@N33Affine.BoxFamily.family m a b F) j)
                                        i)))))))
                    (And
                      (@LT.lt.{0} Real Real.instLT
                        (@OfNat.ofNat.{0} Real (nat_lit 0) (@Zero.toOfNat0.{0} Real Real.instZero)) h))
                    (@Eq.trans.{1} Prop
                      (Not
                        (@LT.lt.{0} Real Real.instLT h δ →
                          ∀ (p : Fin m → Real),
                            @N33Affine.InCube m a b p →
                              ∀ (j : @N33Affine.FiniteFamily.Index m (@N33Affine.BoxFamily.family m a b F)),
                                @N33Affine.Active.{0} m
                                    (@N33Affine.FiniteFamily.Index m (@N33Affine.BoxFamily.family m a b F))
                                    (@N33Affine.FiniteFamily.label m (@N33Affine.BoxFamily.family m a b F)) j h p →
                                  ∀ (i : Fin m),
                                    @LT.lt.{0} Real Real.instLT
                                      (@abs.{0} Real Real.lattice Real.instAddGroup
                                        (@HSub.hSub.{0, 0, 0} Real Real Real (@instHSub.{0} Real Real.instSub) (p i)
                                          (@N33Affine.Label.slope m
                                            (@N33Affine.FiniteFamily.label m (@N33Affine.BoxFamily.family m a b F) j)
                                            i)))
                                      (E
                                        (@N33Affine.Label.slope m
                                          (@N33Affine.FiniteFamily.label m (@N33Affine.BoxFamily.family m a b F) j)))))
                      (And (@LT.lt.{0} Real Real.instLT h δ)
                        (Not
                          (∀ (p : Fin m → Real),
                            @N33Affine.InCube m a b p →
                              ∀ (j : @N33Affine.FiniteFamily.Index m (@N33Affine.BoxFamily.family m a b F)),
                                @N33Affine.Active.{0} m
                                    (@N33Affine.FiniteFamily.Index m (@N33Affine.BoxFamily.family m a b F))
                                    (@N33Affine.FiniteFamily.label m (@N33Affine.BoxFamily.family m a b F)) j h p →
                                  ∀ (i : Fin m),
                                    @LT.lt.{0} Real Real.instLT
                                      (@abs.{0} Real Real.lattice Real.instAddGroup
                                        (@HSub.hSub.{0, 0, 0} Real Real Real (@instHSub.{0} Real Real.instSub) (p i)
                                          (@N33Affine.Label.slope m
                                            (@N33Affine.FiniteFamily.label m (@N33Affine.BoxFamily.family m a b F) j)
                                            i)))
                                      (E
                                        (@N33Affine.Label.slope m
                                          (@N33Affine.FiniteFamily.label m (@N33Affine.BoxFamily.family m a b F) j))))))
                      (And (@LT.lt.{0} Real Real.instLT h δ)
                        (@Exists.{1} (Fin m → Real) fun (p : Fin m → Real) =>
                          And (@N33Affine.InCube m a b p)
                            (@Exists.{1} (@N33Affine.FiniteFamily.Index m (@N33Affine.BoxFamily.family m a b F))
                              fun (j : @N33Affine.FiniteFamily.Index m (@N33Affine.BoxFamily.family m a b F)) =>
                              And
                                (@N33Affine.Active.{0} m
                                  (@N33Affine.FiniteFamily.Index m (@N33Affine.BoxFamily.family m a b F))
                                  (@N33Affine.FiniteFamily.label m (@N33Affine.BoxFamily.family m a b F)) j h p)
                                (@Exists.{1} (Fin m) fun (i : Fin m) =>
                                  @LE.le.{0} Real
                                    (@Preorder.toLE.{0} Real
                                      (@PartialOrder.toPreorder.{0} Real
                                        (@LinearOrder.toPartialOrder.{0} Real Real.linearOrder)))
                                    (E
                                      (@N33Affine.Label.slope m
                                        (@N33Affine.FiniteFamily.label m (@N33Affine.BoxFamily.family m a b F) j)))
                                    (@abs.{0} Real Real.lattice Real.instAddGroup
                                      (@HSub.hSub.{0, 0, 0} Real Real Real (@instHSub.{0} Real Real.instSub) (p i)
                                        (@N33Affine.Label.slope m
                                          (@N33Affine.FiniteFamily.label m (@N33Affine.BoxFamily.family m a b F) j)
                                          i)))))))
                      (@Classical.not_imp._simp_2 (@LT.lt.{0} Real Real.instLT h δ)
                        (∀ (p : Fin m → Real),
                          @N33Affine.InCube m a b p →
                            ∀ (j : @N33Affine.FiniteFamily.Index m (@N33Affine.BoxFamily.family m a b F)),
                              @N33Affine.Active.{0} m
                                  (@N33Affine.FiniteFamily.Index m (@N33Affine.BoxFamily.family m a b F))
                                  (@N33Affine.FiniteFamily.label m (@N33Affine.BoxFamily.family m a b F)) j h p →
                                ∀ (i : Fin m),
                                  @LT.lt.{0} Real Real.instLT
                                    (@abs.{0} Real Real.lattice Real.instAddGroup
                                      (@HSub.hSub.{0, 0, 0} Real Real Real (@instHSub.{0} Real Real.instSub) (p i)
                                        (@N33Affine.Label.slope m
                                          (@N33Affine.FiniteFamily.label m (@N33Affine.BoxFamily.family m a b F) j) i)))
                                    (E
                                      (@N33Affine.Label.slope m
                                        (@N33Affine.FiniteFamily.label m (@N33Affine.BoxFamily.family m a b F) j)))))
                      (@congrArg.{1, 1} Prop Prop
                        (Not
                          (∀ (p : Fin m → Real),
                            @N33Affine.InCube m a b p →
                              ∀ (j : @N33Affine.FiniteFamily.Index m (@N33Affine.BoxFamily.family m a b F)),
                                @N33Affine.Active.{0} m
                                    (@N33Affine.FiniteFamily.Index m (@N33Affine.BoxFamily.family m a b F))
                                    (@N33Affine.FiniteFamily.label m (@N33Affine.BoxFamily.family m a b F)) j h p →
                                  ∀ (i : Fin m),
                                    @LT.lt.{0} Real Real.instLT
                                      (@abs.{0} Real Real.lattice Real.instAddGroup
                                        (@HSub.hSub.{0, 0, 0} Real Real Real (@instHSub.{0} Real Real.instSub) (p i)
                                          (@N33Affine.Label.slope m
                                            (@N33Affine.FiniteFamily.label m (@N33Affine.BoxFamily.family m a b F) j)
                                            i)))
                                      (E
                                        (@N33Affine.Label.slope m
                                          (@N33Affine.FiniteFamily.label m (@N33Affine.BoxFamily.family m a b F) j)))))
                        (@Exists.{1} (Fin m → Real) fun (p : Fin m → Real) =>
                          And (@N33Affine.InCube m a b p)
                            (@Exists.{1} (@N33Affine.FiniteFamily.Index m (@N33Affine.BoxFamily.family m a b F))
                              fun (j : @N33Affine.FiniteFamily.Index m (@N33Affine.BoxFamily.family m a b F)) =>
                              And
                                (@N33Affine.Active.{0} m
                                  (@N33Affine.FiniteFamily.Index m (@N33Affine.BoxFamily.family m a b F))
                                  (@N33Affine.FiniteFamily.label m (@N33Affine.BoxFamily.family m a b F)) j h p)
                                (@Exists.{1} (Fin m) fun (i : Fin m) =>
                                  @LE.le.{0} Real
                                    (@Preorder.toLE.{0} Real
                                      (@PartialOrder.toPreorder.{0} Real
                                        (@LinearOrder.toPartialOrder.{0} Real Real.linearOrder)))
                                    (E
                                      (@N33Affine.Label.slope m
                                        (@N33Affine.FiniteFamily.label m (@N33Affine.BoxFamily.family m a b F) j)))
                                    (@abs.{0} Real Real.lattice Real.instAddGroup
                                      (@HSub.hSub.{0, 0, 0} Real Real Real (@instHSub.{0} Real Real.instSub) (p i)
                                        (@N33Affine.Label.slope m
                                          (@N33Affine.FiniteFamily.label m (@N33Affine.BoxFamily.family m a b F) j)
                                          i))))))
                        (And (@LT.lt.{0} Real Real.instLT h δ))
                        (@Eq.trans.{1} Prop
                          (Not
                            (∀ (x : Fin m → Real),
                              @N33Affine.InCube m a b x →
                                ∀ (j : @N33Affine.FiniteFamily.Index m (@N33Affine.BoxFamily.family m a b F)),
                                  @N33Affine.Active.{0} m
                                      (@N33Affine.FiniteFamily.Index m (@N33Affine.BoxFamily.family m a b F))
                                      (@N33Affine.FiniteFamily.label m (@N33Affine.BoxFamily.family m a b F)) j h x →
                                    ∀ (i : Fin m),
                                      @LT.lt.{0} Real Real.instLT
                                        (@abs.{0} Real Real.lattice Real.instAddGroup
                                          (@HSub.hSub.{0, 0, 0} Real Real Real (@instHSub.{0} Real Real.instSub) (x i)
                                            (@N33Affine.Label.slope m
                                              (@N33Affine.FiniteFamily.label m (@N33Affine.BoxFamily.family m a b F) j)
                                              i)))
                                        (E
                                          (@N33Affine.Label.slope m
                                            (@N33Affine.FiniteFamily.label m (@N33Affine.BoxFamily.family m a b F)
                                              j)))))
                          (@Exists.{1} (Fin m → Real) fun (x : Fin m → Real) =>
                            Not
                              (@N33Affine.InCube m a b x →
                                ∀ (j : @N33Affine.FiniteFamily.Index m (@N33Affine.BoxFamily.family m a b F)),
                                  @N33Affine.Active.{0} m
                                      (@N33Affine.FiniteFamily.Index m (@N33Affine.BoxFamily.family m a b F))
                                      (@N33Affine.FiniteFamily.label m (@N33Affine.BoxFamily.family m a b F)) j h x →
                                    ∀ (i : Fin m),
                                      @LT.lt.{0} Real Real.instLT
                                        (@abs.{0} Real Real.lattice Real.instAddGroup
                                          (@HSub.hSub.{0, 0, 0} Real Real Real (@instHSub.{0} Real Real.instSub) (x i)
                                            (@N33Affine.Label.slope m
                                              (@N33Affine.FiniteFamily.label m (@N33Affine.BoxFamily.family m a b F) j)
                                              i)))
                                        (E
                                          (@N33Affine.Label.slope m
                                            (@N33Affine.FiniteFamily.label m (@N33Affine.BoxFamily.family m a b F)
                                              j)))))
                          (@Exists.{1} (Fin m → Real) fun (p : ⋯) =>
                            And (@N33Affine.InCube m a b p)
                              (@Exists.{1} (@N33Affine.FiniteFamily.Index m (@N33Affine.BoxFamily.family m a b F))
                                fun (j : ⋯) =>
                                And
                                  (@N33Affine.Active.{0} m
                                    (@N33Affine.FiniteFamily.Index m (@N33Affine.BoxFamily.family m a b F))
                                    (@N33Affine.FiniteFamily.label m (@N33Affine.BoxFamily.family m a b F)) j h p)
                                  (@Exists.{1} (Fin m) fun (i : ⋯) =>
                                    @LE.le.{0} Real
                                      (@Preorder.toLE.{0} Real
                                        (@PartialOrder.toPreorder.{0} Real
                                          (@LinearOrder.toPartialOrder.{0} Real Real.linearOrder)))
                                      (E
                                        (@N33Affine.Label.slope m
                                          (@N33Affine.FiniteFamily.label m (@N33Affine.BoxFamily.family m a b F) ⋯)))
                                      ⋯)))
                          ⋯ ⋯)))))))
          ⋯)
        ⋯;
    ⋯
'N33Affine.exists_uniform_activity_cutoff' depends on axioms: [propext, Classical.choice, Quot.sound]
