{
  "alpha": 0.3,
  "dt": 0.025,
  "samples_per_pair": 2400,
  "duration_per_trace": 12.0,
  "traces": 5,
  "input_max": 2.5,
  "energy": 157.4521092527675,
  "results": [
    {
      "n": 3,
      "weak_limit_log_slope": 4.0044065117003615,
      "rows": [
        {
          "n": 3,
          "eps": 1.0,
          "output_rms_contrast": 0.0007236495614991852,
          "output_max_contrast": 0.002294209356838786,
          "quotient_K_separation": 0.2621733192730702,
          "minimum_eigenvalue": 0.3779895545998755,
          "empirical_KL_per_scalar_at_sigma_1e4": 26.18343439289815,
          "scalar_samples_for_KL_half_at_same_rms": 0.019096043418032938,
          "jacobian_smin": 0.0003537284215536472,
          "jacobian_condition": 36027.47787225586
        },
        {
          "n": 3,
          "eps": 0.6,
          "output_rms_contrast": 7.535220055565025e-05,
          "output_max_contrast": 0.0002487995975930246,
          "quotient_K_separation": 0.26755498616125134,
          "minimum_eigenvalue": 0.5386535975885269,
          "empirical_KL_per_scalar_at_sigma_1e4": 0.28389770642894685,
          "scalar_samples_for_KL_half_at_same_rms": 1.7611977436849728,
          "jacobian_smin": 0.00012469980318828602,
          "jacobian_condition": 74928.63456219861
        },
        {
          "n": 3,
          "eps": 0.35,
          "output_rms_contrast": 8.041167121257084e-06,
          "output_max_contrast": 2.687366293260829e-05,
          "quotient_K_separation": 0.2696423090661219,
          "minimum_eigenvalue": 0.6096657864640815,
          "empirical_KL_per_scalar_at_sigma_1e4": 0.0032330184335992974,
          "scalar_samples_for_KL_half_at_same_rms": 154.65423729222397,
          "jacobian_smin": 4.2351862186193156e-05,
          "jacobian_condition": 202200.71929998437
        },
        {
          "n": 3,
          "eps": 0.2,
          "output_rms_contrast": 8.334293147501254e-07,
          "output_max_contrast": 2.7965650952477272e-06,
          "quotient_K_separation": 0.27037943476483317,
          "minimum_eigenvalue": 0.6365002606722563,
          "empirical_KL_per_scalar_at_sigma_1e4": 3.4730221134243174e-05,
          "scalar_samples_for_KL_half_at_same_rms": 14396.683455234665,
          "jacobian_smin": 1.3793659886460389e-05,
          "jacobian_condition": 604983.0841185448
        },
        {
          "n": 3,
          "eps": 0.1,
          "output_rms_contrast": 5.155614819405538e-08,
          "output_max_contrast": 1.732514779972938e-07,
          "quotient_K_separation": 0.2706490526381666,
          "minimum_eigenvalue": 0.6465930132157844,
          "empirical_KL_per_scalar_at_sigma_1e4": 1.3290182083037e-07,
          "scalar_samples_for_KL_half_at_same_rms": 3762175.6938768947,
          "jacobian_smin": 1.0314243925176339e-06,
          "jacobian_condition": 8019361.844843492
        },
        {
          "n": 3,
          "eps": 0.05,
          "output_rms_contrast": 3.2139844014575843e-09,
          "output_max_contrast": 1.0804294930943925e-08,
          "quotient_K_separation": 0.27071658902388057,
          "minimum_eigenvalue": 0.6491462019555828,
          "empirical_KL_per_scalar_at_sigma_1e4": 5.164847866406333e-10,
          "scalar_samples_for_KL_half_at_same_rms": 968082725.6348534,
          "jacobian_smin": 6.435272083828307e-08,
          "jacobian_condition": 128253266.80069582
        },
        {
          "n": 3,
          "eps": 0.025,
          "output_rms_contrast": 2.0074494737755826e-10,
          "output_max_contrast": 6.748947511958647e-10,
          "quotient_K_separation": 0.2707334813838135,
          "minimum_eigenvalue": 0.6497864215042387,
          "empirical_KL_per_scalar_at_sigma_1e4": 2.0149266948809317e-12,
          "scalar_samples_for_KL_half_at_same_rms": 248147985368.54294,
          "jacobian_smin": 4.02024919893392e-09,
          "jacobian_condition": 2051861876.236937
        },
        {
          "n": 3,
          "eps": 0.0125,
          "output_rms_contrast": 1.2544527789985855e-11,
          "output_max_contrast": 4.217498572600675e-11,
          "quotient_K_separation": 0.27073770499055816,
          "minimum_eigenvalue": 0.6499465973023077,
          "empirical_KL_per_scalar_at_sigma_1e4": 7.868258873686369e-15,
          "scalar_samples_for_KL_half_at_same_rms": 63546460281338.49,
          "jacobian_smin": 2.5123733594333163e-10,
          "jacobian_condition": 32829058589.44115
        }
      ]
    },
    {
      "n": 5,
      "weak_limit_log_slope": 4.004138249568282,
      "rows": [
        {
          "n": 5,
          "eps": 1.0,
          "output_rms_contrast": 0.00028853190415448524,
          "output_max_contrast": 0.0009915277766609498,
          "quotient_K_separation": 0.3808573213745395,
          "minimum_eigenvalue": 0.5163311993992702,
          "empirical_KL_per_scalar_at_sigma_1e4": 4.162532985750653,
          "scalar_samples_for_KL_half_at_same_rms": 0.12011916823521152,
          "jacobian_smin": 5.498664108172037e-06,
          "jacobian_condition": 2239368.1743696337
        },
        {
          "n": 5,
          "eps": 0.6,
          "output_rms_contrast": 2.9618847968299348e-05,
          "output_max_contrast": 0.0001045952787530613,
          "quotient_K_separation": 0.3402361943653705,
          "minimum_eigenvalue": 0.6124539640660032,
          "empirical_KL_per_scalar_at_sigma_1e4": 0.04386380774846152,
          "scalar_samples_for_KL_half_at_same_rms": 11.398919192498445,
          "jacobian_smin": 1.1336816842572654e-06,
          "jacobian_condition": 8257382.464926704
        },
        {
          "n": 5,
          "eps": 0.35,
          "output_rms_contrast": 3.1674540088143783e-06,
          "output_max_contrast": 1.120794166323269e-05,
          "quotient_K_separation": 0.32264307534338904,
          "minimum_eigenvalue": 0.6384912592083913,
          "empirical_KL_per_scalar_at_sigma_1e4": 0.0005016382448977138,
          "scalar_samples_for_KL_half_at_same_rms": 996.7342105304435,
          "jacobian_smin": 1.223275717857267e-07,
          "jacobian_condition": 70229422.49447116
        },
        {
          "n": 5,
          "eps": 0.2,
          "output_rms_contrast": 3.287754677217753e-07,
          "output_max_contrast": 1.1628946763042602e-06,
          "quotient_K_separation": 0.31613145851332525,
          "minimum_eigenvalue": 0.6463771955950773,
          "empirical_KL_per_scalar_at_sigma_1e4": 5.4046654087836046e-06,
          "scalar_samples_for_KL_half_at_same_rms": 92512.66492601103,
          "jacobian_smin": 1.2648595314605711e-08,
          "jacobian_condition": 660625703.9478037
        },
        {
          "n": 5,
          "eps": 0.1,
          "output_rms_contrast": 2.0350727156921873e-08,
          "output_max_contrast": 7.197152171456445e-08,
          "quotient_K_separation": 0.31370735526380505,
          "minimum_eigenvalue": 0.6491062739555645,
          "empirical_KL_per_scalar_at_sigma_1e4": 2.070760479077387e-08,
          "scalar_samples_for_KL_half_at_same_rms": 24145718.688951004,
          "jacobian_smin": 7.812706363262159e-10,
          "jacobian_condition": 10590835419.449091
        },
        {
          "n": 5,
          "eps": 0.05,
          "output_rms_contrast": 1.2688589086022352e-09,
          "output_max_contrast": 4.487248989049064e-09,
          "quotient_K_separation": 0.31309647943183294,
          "minimum_eigenvalue": 0.6497773102664187,
          "empirical_KL_per_scalar_at_sigma_1e4": 8.050014649696277e-11,
          "scalar_samples_for_KL_half_at_same_rms": 6211168820.9022665,
          "jacobian_smin": 4.868309708289387e-11,
          "jacobian_condition": 169549472914.36835
        },
        {
          "n": 5,
          "eps": 0.025,
          "output_rms_contrast": 7.92559715056971e-11,
          "output_max_contrast": 2.802820475711343e-10,
          "quotient_K_separation": 0.3129434538542649,
          "minimum_eigenvalue": 0.6499443738228288,
          "empirical_KL_per_scalar_at_sigma_1e4": 3.1407545096559353e-13,
          "scalar_samples_for_KL_half_at_same_rms": 1591974152907.5261,
          "jacobian_smin": 3.040401427244775e-12,
          "jacobian_condition": 2713188911315.855
        },
        {
          "n": 5,
          "eps": 0.0125,
          "output_rms_contrast": 4.952731377494499e-12,
          "output_max_contrast": 1.7514767414184007e-11,
          "quotient_K_separation": 0.31290517824077285,
          "minimum_eigenvalue": 0.6499860963450798,
          "empirical_KL_per_scalar_at_sigma_1e4": 1.226477404880928e-15,
          "scalar_samples_for_KL_half_at_same_rms": 407671595098437.44,
          "jacobian_smin": 1.89989251963207e-13,
          "jacobian_condition": 43412624778966.336
        }
      ]
    }
  ]
}
{"n": 3, "amp": 0.35, "mode": "full", "quotient_K_relative_error": 0.0501333919255048, "holdout_rmse": 2.945480590985785e-07, "runtime_s": 8.623659667005995, "evals": 1121}
{"n": 3, "amp": 0.35, "mode": "cubic", "quotient_K_relative_error": 0.3496145686524922, "holdout_rmse": 3.4262848642001173e-06, "runtime_s": 10.746915374998935, "evals": 1117}
{"n": 3, "amp": 0.9, "mode": "full", "quotient_K_relative_error": 0.018638455687427242, "holdout_rmse": 3.091191097125468e-07, "runtime_s": 3.984091749996878, "evals": 483}
{"n": 3, "amp": 0.9, "mode": "cubic", "quotient_K_relative_error": 0.5743661043969869, "holdout_rmse": 0.0005409903987434174, "runtime_s": 5.935801166982856, "evals": 655}
{"n": 3, "amp": 2.5, "mode": "full", "quotient_K_relative_error": 0.007439756263395601, "holdout_rmse": 4.49037758294074e-07, "runtime_s": 2.879956000018865, "evals": 369}
{"n": 3, "amp": 2.5, "mode": "cubic", "quotient_K_relative_error": 0.18677221058118776, "holdout_rmse": 0.02431545961736845, "runtime_s": 10.999357791995862, "evals": 1210}
{"n": 5, "amp": 2.5, "mode": "full", "quotient_K_relative_error": 2.4171350645749228, "holdout_rmse": 3.305853794890058e-05, "runtime_s": 5.552806000021519, "evals": 611}
{"n": 5, "amp": 2.5, "mode": "cubic", "quotient_K_relative_error": 0.7736768807295367, "holdout_rmse": 0.15544662431055978, "runtime_s": 18.555423334008083, "evals": 1763}
Completed in 68.62164829199901 seconds
